Archive member included to satisfy reference by file (symbol)

c:/st/stm32cubeide_1.8.0/stm32cubeide/plugins/com.st.stm32cube.ide.mcu.externaltools.gnu-tools-for-stm32.9-2020-q2-update.win32_2.0.0.202105311346/tools/bin/../lib/gcc/arm-none-eabi/9.3.1/../../../../arm-none-eabi/lib/thumb/v7e-m+fp/hard\libc_nano.a(lib_a-errno.o)
                              ./Core/Src/syscalls.o (__errno)
c:/st/stm32cubeide_1.8.0/stm32cubeide/plugins/com.st.stm32cube.ide.mcu.externaltools.gnu-tools-for-stm32.9-2020-q2-update.win32_2.0.0.202105311346/tools/bin/../lib/gcc/arm-none-eabi/9.3.1/../../../../arm-none-eabi/lib/thumb/v7e-m+fp/hard\libc_nano.a(lib_a-exit.o)
                              c:/st/stm32cubeide_1.8.0/stm32cubeide/plugins/com.st.stm32cube.ide.mcu.externaltools.gnu-tools-for-stm32.9-2020-q2-update.win32_2.0.0.202105311346/tools/bin/../lib/gcc/arm-none-eabi/9.3.1/../../../../arm-none-eabi/lib/thumb/v7e-m+fp/hard/crt0.o (exit)
c:/st/stm32cubeide_1.8.0/stm32cubeide/plugins/com.st.stm32cube.ide.mcu.externaltools.gnu-tools-for-stm32.9-2020-q2-update.win32_2.0.0.202105311346/tools/bin/../lib/gcc/arm-none-eabi/9.3.1/../../../../arm-none-eabi/lib/thumb/v7e-m+fp/hard\libc_nano.a(lib_a-impure.o)
                              c:/st/stm32cubeide_1.8.0/stm32cubeide/plugins/com.st.stm32cube.ide.mcu.externaltools.gnu-tools-for-stm32.9-2020-q2-update.win32_2.0.0.202105311346/tools/bin/../lib/gcc/arm-none-eabi/9.3.1/../../../../arm-none-eabi/lib/thumb/v7e-m+fp/hard\libc_nano.a(lib_a-exit.o) (_global_impure_ptr)
c:/st/stm32cubeide_1.8.0/stm32cubeide/plugins/com.st.stm32cube.ide.mcu.externaltools.gnu-tools-for-stm32.9-2020-q2-update.win32_2.0.0.202105311346/tools/bin/../lib/gcc/arm-none-eabi/9.3.1/../../../../arm-none-eabi/lib/thumb/v7e-m+fp/hard\libc_nano.a(lib_a-init.o)
                              c:/st/stm32cubeide_1.8.0/stm32cubeide/plugins/com.st.stm32cube.ide.mcu.externaltools.gnu-tools-for-stm32.9-2020-q2-update.win32_2.0.0.202105311346/tools/bin/../lib/gcc/arm-none-eabi/9.3.1/../../../../arm-none-eabi/lib/thumb/v7e-m+fp/hard/crt0.o (__libc_init_array)
c:/st/stm32cubeide_1.8.0/stm32cubeide/plugins/com.st.stm32cube.ide.mcu.externaltools.gnu-tools-for-stm32.9-2020-q2-update.win32_2.0.0.202105311346/tools/bin/../lib/gcc/arm-none-eabi/9.3.1/../../../../arm-none-eabi/lib/thumb/v7e-m+fp/hard\libc_nano.a(lib_a-memset.o)
                              c:/st/stm32cubeide_1.8.0/stm32cubeide/plugins/com.st.stm32cube.ide.mcu.externaltools.gnu-tools-for-stm32.9-2020-q2-update.win32_2.0.0.202105311346/tools/bin/../lib/gcc/arm-none-eabi/9.3.1/../../../../arm-none-eabi/lib/thumb/v7e-m+fp/hard/crt0.o (memset)
c:/st/stm32cubeide_1.8.0/stm32cubeide/plugins/com.st.stm32cube.ide.mcu.externaltools.gnu-tools-for-stm32.9-2020-q2-update.win32_2.0.0.202105311346/tools/bin/../lib/gcc/arm-none-eabi/9.3.1/thumb/v7e-m+fp/hard\libgcc.a(_aeabi_uldivmod.o)
                              ./Drivers/STM32F4xx_HAL_Driver/Src/stm32f4xx_hal_rcc.o (__aeabi_uldivmod)
c:/st/stm32cubeide_1.8.0/stm32cubeide/plugins/com.st.stm32cube.ide.mcu.externaltools.gnu-tools-for-stm32.9-2020-q2-update.win32_2.0.0.202105311346/tools/bin/../lib/gcc/arm-none-eabi/9.3.1/thumb/v7e-m+fp/hard\libgcc.a(_udivmoddi4.o)
                              c:/st/stm32cubeide_1.8.0/stm32cubeide/plugins/com.st.stm32cube.ide.mcu.externaltools.gnu-tools-for-stm32.9-2020-q2-update.win32_2.0.0.202105311346/tools/bin/../lib/gcc/arm-none-eabi/9.3.1/thumb/v7e-m+fp/hard\libgcc.a(_aeabi_uldivmod.o) (__udivmoddi4)
c:/st/stm32cubeide_1.8.0/stm32cubeide/plugins/com.st.stm32cube.ide.mcu.externaltools.gnu-tools-for-stm32.9-2020-q2-update.win32_2.0.0.202105311346/tools/bin/../lib/gcc/arm-none-eabi/9.3.1/thumb/v7e-m+fp/hard\libgcc.a(_dvmd_tls.o)
                              c:/st/stm32cubeide_1.8.0/stm32cubeide/plugins/com.st.stm32cube.ide.mcu.externaltools.gnu-tools-for-stm32.9-2020-q2-update.win32_2.0.0.202105311346/tools/bin/../lib/gcc/arm-none-eabi/9.3.1/thumb/v7e-m+fp/hard\libgcc.a(_aeabi_uldivmod.o) (__aeabi_ldiv0)

Allocating common symbols
Common symbol       size              file

hUsbDeviceFS        0x2d0             ./USB_DEVICE/App/usb_device.o
hpcd_USB_OTG_FS     0x408             ./USB_DEVICE/Target/usbd_conf.o
uwTick              0x4               ./Drivers/STM32F4xx_HAL_Driver/Src/stm32f4xx_hal.o
pFlash              0x20              ./Drivers/STM32F4xx_HAL_Driver/Src/stm32f4xx_hal_flash.o
huart1              0x44              ./Core/Src/main.o
DAC_ControlY        0x1               ./Core/Src/GC_DAC.o
DAC_ControlX        0x1               ./Core/Src/GC_DAC.o
USBD_StrDesc        0x200             ./USB_DEVICE/App/usbd_desc.o

Discarded input sections

 .text          0x0000000000000000        0x0 c:/st/stm32cubeide_1.8.0/stm32cubeide/plugins/com.st.stm32cube.ide.mcu.externaltools.gnu-tools-for-stm32.9-2020-q2-update.win32_2.0.0.202105311346/tools/bin/../lib/gcc/arm-none-eabi/9.3.1/thumb/v7e-m+fp/hard/crti.o
[...]
Memory Configuration

Name             Origin             Length             Attributes
RAM              0x0000000020000000 0x0000000000020000 xrw
FLASH            0x0000000008000000 0x0000000000080000 xr
*default*        0x0000000000000000 0xffffffffffffffff

Linker script and memory map

LOAD c:/st/stm32cubeide_1.8.0/stm32cubeide/plugins/com.st.stm32cube.ide.mcu.externaltools.gnu-tools-for-stm32.9-2020-q2-update.win32_2.0.0.202105311346/tools/bin/../lib/gcc/arm-none-eabi/9.3.1/thumb/v7e-m+fp/hard/crti.o
LOAD c:/st/stm32cubeide_1.8.0/stm32cubeide/plugins/com.st.stm32cube.ide.mcu.externaltools.gnu-tools-for-stm32.9-2020-q2-update.win32_2.0.0.202105311346/tools/bin/../lib/gcc/arm-none-eabi/9.3.1/thumb/v7e-m+fp/hard/crtbegin.o
LOAD c:/st/stm32cubeide_1.8.0/stm32cubeide/plugins/com.st.stm32cube.ide.mcu.externaltools.gnu-tools-for-stm32.9-2020-q2-update.win32_2.0.0.202105311346/tools/bin/../lib/gcc/arm-none-eabi/9.3.1/../../../../arm-none-eabi/lib/thumb/v7e-m+fp/hard/crt0.o
LOAD ./Core/Src/COMMS.o
LOAD ./Core/Src/GC_DAC.o
LOAD ./Core/Src/main.o
LOAD ./Core/Src/stm32f4xx_hal_msp.o
LOAD ./Core/Src/stm32f4xx_it.o
LOAD ./Core/Src/syscalls.o
LOAD ./Core/Src/sysmem.o
LOAD ./Core/Src/system_stm32f4xx.o
LOAD ./Core/Startup/startup_stm32f411ceux.o
LOAD ./Drivers/STM32F4xx_HAL_Driver/Src/stm32f4xx_hal.o
LOAD ./Drivers/STM32F4xx_HAL_Driver/Src/stm32f4xx_hal_cortex.o
LOAD ./Drivers/STM32F4xx_HAL_Driver/Src/stm32f4xx_hal_dma.o
LOAD ./Drivers/STM32F4xx_HAL_Driver/Src/stm32f4xx_hal_dma_ex.o
LOAD ./Drivers/STM32F4xx_HAL_Driver/Src/stm32f4xx_hal_exti.o
LOAD ./Drivers/STM32F4xx_HAL_Driver/Src/stm32f4xx_hal_flash.o
LOAD ./Drivers/STM32F4xx_HAL_Driver/Src/stm32f4xx_hal_flash_ex.o
LOAD ./Drivers/STM32F4xx_HAL_Driver/Src/stm32f4xx_hal_flash_ramfunc.o
LOAD ./Drivers/STM32F4xx_HAL_Driver/Src/stm32f4xx_hal_gpio.o
LOAD ./Drivers/STM32F4xx_HAL_Driver/Src/stm32f4xx_hal_pcd.o
LOAD ./Drivers/STM32F4xx_HAL_Driver/Src/stm32f4xx_hal_pcd_ex.o
LOAD ./Drivers/STM32F4xx_HAL_Driver/Src/stm32f4xx_hal_pwr.o
LOAD ./Drivers/STM32F4xx_HAL_Driver/Src/stm32f4xx_hal_pwr_ex.o
LOAD ./Drivers/STM32F4xx_HAL_Driver/Src/stm32f4xx_hal_rcc.o
LOAD ./Drivers/STM32F4xx_HAL_Driver/Src/stm32f4xx_hal_rcc_ex.o
LOAD ./Drivers/STM32F4xx_HAL_Driver/Src/stm32f4xx_hal_tim.o
LOAD ./Drivers/STM32F4xx_HAL_Driver/Src/stm32f4xx_hal_tim_ex.o
LOAD ./Drivers/STM32F4xx_HAL_Driver/Src/stm32f4xx_hal_uart.o
LOAD ./Drivers/STM32F4xx_HAL_Driver/Src/stm32f4xx_ll_usb.o
LOAD ./Middlewares/ST/STM32_USB_Device_Library/Class/HID/Src/usbd_hid.o
LOAD ./Middlewares/ST/STM32_USB_Device_Library/Core/Src/usbd_core.o
LOAD ./Middlewares/ST/STM32_USB_Device_Library/Core/Src/usbd_ctlreq.o
LOAD ./Middlewares/ST/STM32_USB_Device_Library/Core/Src/usbd_ioreq.o
LOAD ./USB_DEVICE/App/usb_device.o
LOAD ./USB_DEVICE/App/usbd_desc.o
LOAD ./USB_DEVICE/Target/usbd_conf.o
START GROUP
LOAD c:/st/stm32cubeide_1.8.0/stm32cubeide/plugins/com.st.stm32cube.ide.mcu.externaltools.gnu-tools-for-stm32.9-2020-q2-update.win32_2.0.0.202105311346/tools/bin/../lib/gcc/arm-none-eabi/9.3.1/../../../../arm-none-eabi/lib/thumb/v7e-m+fp/hard\libstdc++_nano.a
LOAD c:/st/stm32cubeide_1.8.0/stm32cubeide/plugins/com.st.stm32cube.ide.mcu.externaltools.gnu-tools-for-stm32.9-2020-q2-update.win32_2.0.0.202105311346/tools/bin/../lib/gcc/arm-none-eabi/9.3.1/../../../../arm-none-eabi/lib/thumb/v7e-m+fp/hard\libsupc++_nano.a
END GROUP
LOAD c:/st/stm32cubeide_1.8.0/stm32cubeide/plugins/com.st.stm32cube.ide.mcu.externaltools.gnu-tools-for-stm32.9-2020-q2-update.win32_2.0.0.202105311346/tools/bin/../lib/gcc/arm-none-eabi/9.3.1/../../../../arm-none-eabi/lib/thumb/v7e-m+fp/hard\libstdc++_nano.a
LOAD c:/st/stm32cubeide_1.8.0/stm32cubeide/plugins/com.st.stm32cube.ide.mcu.externaltools.gnu-tools-for-stm32.9-2020-q2-update.win32_2.0.0.202105311346/tools/bin/../lib/gcc/arm-none-eabi/9.3.1/../../../../arm-none-eabi/lib/thumb/v7e-m+fp/hard\libm.a
LOAD c:/st/stm32cubeide_1.8.0/stm32cubeide/plugins/com.st.stm32cube.ide.mcu.externaltools.gnu-tools-for-stm32.9-2020-q2-update.win32_2.0.0.202105311346/tools/bin/../lib/gcc/arm-none-eabi/9.3.1/../../../../arm-none-eabi/lib/thumb/v7e-m+fp/hard\libc_nano.a
START GROUP
LOAD c:/st/stm32cubeide_1.8.0/stm32cubeide/plugins/com.st.stm32cube.ide.mcu.externaltools.gnu-tools-for-stm32.9-2020-q2-update.win32_2.0.0.202105311346/tools/bin/../lib/gcc/arm-none-eabi/9.3.1/thumb/v7e-m+fp/hard\libgcc.a
LOAD c:/st/stm32cubeide_1.8.0/stm32cubeide/plugins/com.st.stm32cube.ide.mcu.externaltools.gnu-tools-for-stm32.9-2020-q2-update.win32_2.0.0.202105311346/tools/bin/../lib/gcc/arm-none-eabi/9.3.1/../../../../arm-none-eabi/lib/thumb/v7e-m+fp/hard\libc_nano.a
END GROUP
START GROUP
LOAD c:/st/stm32cubeide_1.8.0/stm32cubeide/plugins/com.st.stm32cube.ide.mcu.externaltools.gnu-tools-for-stm32.9-2020-q2-update.win32_2.0.0.202105311346/tools/bin/../lib/gcc/arm-none-eabi/9.3.1/thumb/v7e-m+fp/hard\libgcc.a
LOAD c:/st/stm32cubeide_1.8.0/stm32cubeide/plugins/com.st.stm32cube.ide.mcu.externaltools.gnu-tools-for-stm32.9-2020-q2-update.win32_2.0.0.202105311346/tools/bin/../lib/gcc/arm-none-eabi/9.3.1/../../../../arm-none-eabi/lib/thumb/v7e-m+fp/hard\libc_nano.a
END GROUP
LOAD c:/st/stm32cubeide_1.8.0/stm32cubeide/plugins/com.st.stm32cube.ide.mcu.externaltools.gnu-tools-for-stm32.9-2020-q2-update.win32_2.0.0.202105311346/tools/bin/../lib/gcc/arm-none-eabi/9.3.1/thumb/v7e-m+fp/hard/crtend.o
LOAD c:/st/stm32cubeide_1.8.0/stm32cubeide/plugins/com.st.stm32cube.ide.mcu.externaltools.gnu-tools-for-stm32.9-2020-q2-update.win32_2.0.0.202105311346/tools/bin/../lib/gcc/arm-none-eabi/9.3.1/thumb/v7e-m+fp/hard/crtn.o
                0x0000000020020000                _estack = (ORIGIN (RAM) + LENGTH (RAM))
                0x0000000000000200                _Min_Heap_Size = 0x200
                0x0000000000000400                _Min_Stack_Size = 0x400

.isr_vector     0x0000000008000000      0x198
                0x0000000008000000                . = ALIGN (0x4)
 *(.isr_vector)
 .isr_vector    0x0000000008000000      0x198 ./Core/Startup/startup_stm32f411ceux.o
                0x0000000008000000                g_pfnVectors
                0x0000000008000198                . = ALIGN (0x4)

.text           0x0000000008000198     0x7488
                0x0000000008000198                . = ALIGN (0x4)
 *(.text)
 .text          0x0000000008000198       0x40 c:/st/stm32cubeide_1.8.0/stm32cubeide/plugins/com.st.stm32cube.ide.mcu.externaltools.gnu-tools-for-stm32.9-2020-q2-update.win32_2.0.0.202105311346/tools/bin/../lib/gcc/arm-none-eabi/9.3.1/thumb/v7e-m+fp/hard/crtbegin.o
 .text          0x00000000080001d8       0x30 c:/st/stm32cubeide_1.8.0/stm32cubeide/plugins/com.st.stm32cube.ide.mcu.externaltools.gnu-tools-for-stm32.9-2020-q2-update.win32_2.0.0.202105311346/tools/bin/../lib/gcc/arm-none-eabi/9.3.1/thumb/v7e-m+fp/hard\libgcc.a(_aeabi_uldivmod.o)
                0x00000000080001d8                __aeabi_uldivmod
 .text          0x0000000008000208      0x2c4 c:/st/stm32cubeide_1.8.0/stm32cubeide/plugins/com.st.stm32cube.ide.mcu.externaltools.gnu-tools-for-stm32.9-2020-q2-update.win32_2.0.0.202105311346/tools/bin/../lib/gcc/arm-none-eabi/9.3.1/thumb/v7e-m+fp/hard\libgcc.a(_udivmoddi4.o)
                0x0000000008000208                __udivmoddi4
 .text          0x00000000080004cc        0x4 c:/st/stm32cubeide_1.8.0/stm32cubeide/plugins/com.st.stm32cube.ide.mcu.externaltools.gnu-tools-for-stm32.9-2020-q2-update.win32_2.0.0.202105311346/tools/bin/../lib/gcc/arm-none-eabi/9.3.1/thumb/v7e-m+fp/hard\libgcc.a(_dvmd_tls.o)
                0x00000000080004cc                __aeabi_idiv0
                0x00000000080004cc                __aeabi_ldiv0
 *(.text*)
 .text.ReceiveCommand
                0x00000000080004d0       0x4e ./Core/Src/COMMS.o
                0x00000000080004d0                ReceiveCommand
 .text.SendPollResponse
                0x000000000800051e       0x26 ./Core/Src/COMMS.o
                0x000000000800051e                SendPollResponse
 .text.SendOrigin
                0x0000000008000544       0x50 ./Core/Src/COMMS.o
                0x0000000008000544                SendOrigin
 .text.SendInputs
                0x0000000008000594       0xbc ./Core/Src/COMMS.o
                0x0000000008000594                SendInputs
 .text.SendByte
                0x0000000008000650       0x80 ./Core/Src/COMMS.o
                0x0000000008000650                SendByte
 .text.ReceiveByte
                0x00000000080006d0       0x82 ./Core/Src/COMMS.o
                0x00000000080006d0                ReceiveByte
 .text.ReceiveRumbleByte
                0x0000000008000752       0x2a ./Core/Src/COMMS.o
                0x0000000008000752                ReceiveRumbleByte
 .text.SendPair
                0x000000000800077c       0x30 ./Core/Src/COMMS.o
                0x000000000800077c                SendPair
 .text.ReceivePair
                0x00000000080007ac       0x28 ./Core/Src/COMMS.o
                0x00000000080007ac                ReceivePair
 .text.Byte2GC  0x00000000080007d4       0x44 ./Core/Src/COMMS.o
                0x00000000080007d4                Byte2GC
 .text.GC2Byte  0x0000000008000818       0x58 ./Core/Src/COMMS.o
                0x0000000008000818                GC2Byte
 .text.SendStopBit
                0x0000000008000870        0xe ./Core/Src/COMMS.o
                0x0000000008000870                SendStopBit
 *fill*         0x000000000800087e        0x2 
 .text.FlushReceiveBuffer
                0x0000000008000880       0x3c ./Core/Src/COMMS.o
                0x0000000008000880                FlushReceiveBuffer
 .text.SetBaudSend
                0x00000000080008bc       0x18 ./Core/Src/COMMS.o
                0x00000000080008bc                SetBaudSend
 .text.SetBaudReceive
                0x00000000080008d4       0x24 ./Core/Src/COMMS.o
                0x00000000080008d4                SetBaudReceive
 .text.SetRumble
                0x00000000080008f8       0x3c ./Core/Src/COMMS.o
                0x00000000080008f8                SetRumble
 .text.Digital_Analog_Conversion
                0x0000000008000934       0x14 ./Core/Src/GC_DAC.o
                0x0000000008000934                Digital_Analog_Conversion
 .text.ControlDAC
                0x0000000008000948      0xa70 ./Core/Src/GC_DAC.o
                0x0000000008000948                ControlDAC
 .text.TriggersDAC
                0x00000000080013b8       0x48 ./Core/Src/GC_DAC.o
                0x00000000080013b8                TriggersDAC
 .text.Cstick2Dpad
                0x0000000008001400       0x3c ./Core/Src/GC_DAC.o
                0x0000000008001400                Cstick2Dpad
 .text.SOCD_TwoIPNoR
                0x000000000800143c       0xa8 ./Core/Src/GC_DAC.o
                0x000000000800143c                SOCD_TwoIPNoR
 .text.UpdateAnalog
                0x00000000080014e4       0x68 ./Core/Src/GC_DAC.o
                0x00000000080014e4                UpdateAnalog
 .text.main     0x000000000800154c       0x2c ./Core/Src/main.o
                0x000000000800154c                main
 .text.SystemClock_Config
                0x0000000008001578       0xd0 ./Core/Src/main.o
                0x0000000008001578                SystemClock_Config
 .text.MX_USART1_UART_Init
                0x0000000008001648       0x58 ./Core/Src/main.o
 .text.MX_GPIO_Init
                0x00000000080016a0      0x14c ./Core/Src/main.o
 .text.HAL_GPIO_EXTI_Callback
                0x00000000080017ec       0x44 ./Core/Src/main.o
                0x00000000080017ec                HAL_GPIO_EXTI_Callback
 .text.Error_Handler
                0x0000000008001830        0xa ./Core/Src/main.o
                0x0000000008001830                Error_Handler
 *fill*         0x000000000800183a        0x2 
 .text.HAL_MspInit
                0x000000000800183c       0x50 ./Core/Src/stm32f4xx_hal_msp.o
                0x000000000800183c                HAL_MspInit
 .text.HAL_UART_MspInit
                0x000000000800188c       0x90 ./Core/Src/stm32f4xx_hal_msp.o
                0x000000000800188c                HAL_UART_MspInit
 .text.NMI_Handler
                0x000000000800191c        0x6 ./Core/Src/stm32f4xx_it.o
                0x000000000800191c                NMI_Handler
 .text.HardFault_Handler
                0x0000000008001922        0x6 ./Core/Src/stm32f4xx_it.o
                0x0000000008001922                HardFault_Handler
 .text.MemManage_Handler
                0x0000000008001928        0x6 ./Core/Src/stm32f4xx_it.o
                0x0000000008001928                MemManage_Handler
 .text.BusFault_Handler
                0x000000000800192e        0x6 ./Core/Src/stm32f4xx_it.o
                0x000000000800192e                BusFault_Handler
 .text.UsageFault_Handler
                0x0000000008001934        0x6 ./Core/Src/stm32f4xx_it.o
                0x0000000008001934                UsageFault_Handler
 .text.SVC_Handler
                0x000000000800193a        0xe ./Core/Src/stm32f4xx_it.o
                0x000000000800193a                SVC_Handler
 .text.DebugMon_Handler
                0x0000000008001948        0xe ./Core/Src/stm32f4xx_it.o
                0x0000000008001948                DebugMon_Handler
 .text.PendSV_Handler
                0x0000000008001956        0xe ./Core/Src/stm32f4xx_it.o
                0x0000000008001956                PendSV_Handler
 .text.SysTick_Handler
                0x0000000008001964        0xc ./Core/Src/stm32f4xx_it.o
                0x0000000008001964                SysTick_Handler
 .text.EXTI3_IRQHandler
                0x0000000008001970        0xe ./Core/Src/stm32f4xx_it.o
                0x0000000008001970                EXTI3_IRQHandler
 *fill*         0x000000000800197e        0x2 
 .text.OTG_FS_IRQHandler
                0x0000000008001980       0x14 ./Core/Src/stm32f4xx_it.o
                0x0000000008001980                OTG_FS_IRQHandler
 .text.SystemInit
                0x0000000008001994       0x24 ./Core/Src/system_stm32f4xx.o
                0x0000000008001994                SystemInit
 .text.Reset_Handler
                0x00000000080019b8       0x50 ./Core/Startup/startup_stm32f411ceux.o
                0x00000000080019b8                Reset_Handler
 .text.Default_Handler
                0x0000000008001a08        0x2 ./Core/Startup/startup_stm32f411ceux.o
                0x0000000008001a08                RTC_Alarm_IRQHandler
                0x0000000008001a08                EXTI2_IRQHandler
                0x0000000008001a08                SPI4_IRQHandler
                0x0000000008001a08                TIM1_CC_IRQHandler
                0x0000000008001a08                DMA2_Stream5_IRQHandler
                0x0000000008001a08                DMA1_Stream5_IRQHandler
                0x0000000008001a08                PVD_IRQHandler
                0x0000000008001a08                SDIO_IRQHandler
                0x0000000008001a08                TAMP_STAMP_IRQHandler
                0x0000000008001a08                TIM1_UP_TIM10_IRQHandler
                0x0000000008001a08                I2C3_ER_IRQHandler
                0x0000000008001a08                EXTI0_IRQHandler
                0x0000000008001a08                I2C2_EV_IRQHandler
                0x0000000008001a08                DMA1_Stream2_IRQHandler
                0x0000000008001a08                FPU_IRQHandler
                0x0000000008001a08                DMA2_Stream2_IRQHandler
                0x0000000008001a08                SPI1_IRQHandler
                0x0000000008001a08                TIM1_BRK_TIM9_IRQHandler
                0x0000000008001a08                DMA2_Stream3_IRQHandler
                0x0000000008001a08                USART6_IRQHandler
                0x0000000008001a08                DMA2_Stream0_IRQHandler
                0x0000000008001a08                TIM4_IRQHandler
                0x0000000008001a08                I2C1_EV_IRQHandler
                0x0000000008001a08                DMA1_Stream6_IRQHandler
                0x0000000008001a08                DMA1_Stream1_IRQHandler
                0x0000000008001a08                TIM3_IRQHandler
                0x0000000008001a08                RCC_IRQHandler
                0x0000000008001a08                Default_Handler
                0x0000000008001a08                EXTI15_10_IRQHandler
                0x0000000008001a08                ADC_IRQHandler
                0x0000000008001a08                DMA1_Stream7_IRQHandler
                0x0000000008001a08                SPI5_IRQHandler
                0x0000000008001a08                TIM5_IRQHandler
                0x0000000008001a08                DMA2_Stream7_IRQHandler
                0x0000000008001a08                I2C3_EV_IRQHandler
                0x0000000008001a08                EXTI9_5_IRQHandler
                0x0000000008001a08                RTC_WKUP_IRQHandler
                0x0000000008001a08                SPI2_IRQHandler
                0x0000000008001a08                DMA1_Stream0_IRQHandler
                0x0000000008001a08                EXTI4_IRQHandler
                0x0000000008001a08                WWDG_IRQHandler
                0x0000000008001a08                TIM2_IRQHandler
                0x0000000008001a08                OTG_FS_WKUP_IRQHandler
                0x0000000008001a08                TIM1_TRG_COM_TIM11_IRQHandler
                0x0000000008001a08                EXTI1_IRQHandler
                0x0000000008001a08                USART2_IRQHandler
                0x0000000008001a08                I2C2_ER_IRQHandler
                0x0000000008001a08                DMA2_Stream1_IRQHandler
                0x0000000008001a08                FLASH_IRQHandler
                0x0000000008001a08                DMA2_Stream4_IRQHandler
                0x0000000008001a08                USART1_IRQHandler
                0x0000000008001a08                SPI3_IRQHandler
                0x0000000008001a08                DMA1_Stream4_IRQHandler
                0x0000000008001a08                I2C1_ER_IRQHandler
                0x0000000008001a08                DMA2_Stream6_IRQHandler
                0x0000000008001a08                DMA1_Stream3_IRQHandler
 *fill*         0x0000000008001a0a        0x2 
 .text.HAL_Init
                0x0000000008001a0c       0x44 ./Drivers/STM32F4xx_HAL_Driver/Src/stm32f4xx_hal.o
                0x0000000008001a0c                HAL_Init
 .text.HAL_InitTick
                0x0000000008001a50       0x60 ./Drivers/STM32F4xx_HAL_Driver/Src/stm32f4xx_hal.o
                0x0000000008001a50                HAL_InitTick
 .text.HAL_IncTick
                0x0000000008001ab0       0x28 ./Drivers/STM32F4xx_HAL_Driver/Src/stm32f4xx_hal.o
                0x0000000008001ab0                HAL_IncTick
 .text.HAL_GetTick
                0x0000000008001ad8       0x18 ./Drivers/STM32F4xx_HAL_Driver/Src/stm32f4xx_hal.o
                0x0000000008001ad8                HAL_GetTick
 .text.HAL_Delay
                0x0000000008001af0       0x48 ./Drivers/STM32F4xx_HAL_Driver/Src/stm32f4xx_hal.o
                0x0000000008001af0                HAL_Delay
 .text.__NVIC_SetPriorityGrouping
                0x0000000008001b38       0x48 ./Drivers/STM32F4xx_HAL_Driver/Src/stm32f4xx_hal_cortex.o
 .text.__NVIC_GetPriorityGrouping
                0x0000000008001b80       0x1c ./Drivers/STM32F4xx_HAL_Driver/Src/stm32f4xx_hal_cortex.o
 .text.__NVIC_EnableIRQ
                0x0000000008001b9c       0x3c ./Drivers/STM32F4xx_HAL_Driver/Src/stm32f4xx_hal_cortex.o
 .text.__NVIC_SetPriority
                0x0000000008001bd8       0x54 ./Drivers/STM32F4xx_HAL_Driver/Src/stm32f4xx_hal_cortex.o
 .text.NVIC_EncodePriority
                0x0000000008001c2c       0x66 ./Drivers/STM32F4xx_HAL_Driver/Src/stm32f4xx_hal_cortex.o
 *fill*         0x0000000008001c92        0x2 
 .text.SysTick_Config
                0x0000000008001c94       0x44 ./Drivers/STM32F4xx_HAL_Driver/Src/stm32f4xx_hal_cortex.o
 .text.HAL_NVIC_SetPriorityGrouping
                0x0000000008001cd8       0x16 ./Drivers/STM32F4xx_HAL_Driver/Src/stm32f4xx_hal_cortex.o
                0x0000000008001cd8                HAL_NVIC_SetPriorityGrouping
 .text.HAL_NVIC_SetPriority
                0x0000000008001cee       0x38 ./Drivers/STM32F4xx_HAL_Driver/Src/stm32f4xx_hal_cortex.o
                0x0000000008001cee                HAL_NVIC_SetPriority
 .text.HAL_NVIC_EnableIRQ
                0x0000000008001d26       0x1c ./Drivers/STM32F4xx_HAL_Driver/Src/stm32f4xx_hal_cortex.o
                0x0000000008001d26                HAL_NVIC_EnableIRQ
 .text.HAL_SYSTICK_Config
                0x0000000008001d42       0x18 ./Drivers/STM32F4xx_HAL_Driver/Src/stm32f4xx_hal_cortex.o
                0x0000000008001d42                HAL_SYSTICK_Config
 *fill*         0x0000000008001d5a        0x2 
 .text.HAL_GPIO_Init
                0x0000000008001d5c      0x308 ./Drivers/STM32F4xx_HAL_Driver/Src/stm32f4xx_hal_gpio.o
                0x0000000008001d5c                HAL_GPIO_Init
 .text.HAL_GPIO_WritePin
                0x0000000008002064       0x32 ./Drivers/STM32F4xx_HAL_Driver/Src/stm32f4xx_hal_gpio.o
                0x0000000008002064                HAL_GPIO_WritePin
 *fill*         0x0000000008002096        0x2 
 .text.HAL_GPIO_EXTI_IRQHandler
                0x0000000008002098       0x30 ./Drivers/STM32F4xx_HAL_Driver/Src/stm32f4xx_hal_gpio.o
                0x0000000008002098                HAL_GPIO_EXTI_IRQHandler
 .text.HAL_PCD_Init
                0x00000000080020c8      0x23a ./Drivers/STM32F4xx_HAL_Driver/Src/stm32f4xx_hal_pcd.o
                0x00000000080020c8                HAL_PCD_Init
 .text.HAL_PCD_Start
                0x0000000008002302       0x66 ./Drivers/STM32F4xx_HAL_Driver/Src/stm32f4xx_hal_pcd.o
                0x0000000008002302                HAL_PCD_Start
 .text.HAL_PCD_IRQHandler
                0x0000000008002368      0x764 ./Drivers/STM32F4xx_HAL_Driver/Src/stm32f4xx_hal_pcd.o
                0x0000000008002368                HAL_PCD_IRQHandler
 .text.HAL_PCD_SetAddress
                0x0000000008002acc       0x4a ./Drivers/STM32F4xx_HAL_Driver/Src/stm32f4xx_hal_pcd.o
                0x0000000008002acc                HAL_PCD_SetAddress
 .text.HAL_PCD_EP_Open
                0x0000000008002b16       0xd0 ./Drivers/STM32F4xx_HAL_Driver/Src/stm32f4xx_hal_pcd.o
                0x0000000008002b16                HAL_PCD_EP_Open
 .text.HAL_PCD_EP_Close
                0x0000000008002be6       0x94 ./Drivers/STM32F4xx_HAL_Driver/Src/stm32f4xx_hal_pcd.o
                0x0000000008002be6                HAL_PCD_EP_Close
 .text.HAL_PCD_EP_Receive
                0x0000000008002c7a       0x96 ./Drivers/STM32F4xx_HAL_Driver/Src/stm32f4xx_hal_pcd.o
                0x0000000008002c7a                HAL_PCD_EP_Receive
 .text.HAL_PCD_EP_Transmit
                0x0000000008002d10       0x94 ./Drivers/STM32F4xx_HAL_Driver/Src/stm32f4xx_hal_pcd.o
                0x0000000008002d10                HAL_PCD_EP_Transmit
 .text.HAL_PCD_EP_SetStall
                0x0000000008002da4       0xc8 ./Drivers/STM32F4xx_HAL_Driver/Src/stm32f4xx_hal_pcd.o
                0x0000000008002da4                HAL_PCD_EP_SetStall
 .text.HAL_PCD_EP_ClrStall
                0x0000000008002e6c       0xac ./Drivers/STM32F4xx_HAL_Driver/Src/stm32f4xx_hal_pcd.o
                0x0000000008002e6c                HAL_PCD_EP_ClrStall
 .text.PCD_WriteEmptyTxFifo
                0x0000000008002f18      0x11a ./Drivers/STM32F4xx_HAL_Driver/Src/stm32f4xx_hal_pcd.o
 *fill*         0x0000000008003032        0x2 
 .text.PCD_EP_OutXfrComplete_int
                0x0000000008003034      0x218 ./Drivers/STM32F4xx_HAL_Driver/Src/stm32f4xx_hal_pcd.o
 .text.PCD_EP_OutSetupPacket_int
                0x000000000800324c       0x8c ./Drivers/STM32F4xx_HAL_Driver/Src/stm32f4xx_hal_pcd.o
 .text.HAL_PCDEx_SetTxFiFo
                0x00000000080032d8       0x8e ./Drivers/STM32F4xx_HAL_Driver/Src/stm32f4xx_hal_pcd_ex.o
                0x00000000080032d8                HAL_PCDEx_SetTxFiFo
 .text.HAL_PCDEx_SetRxFiFo
                0x0000000008003366       0x22 ./Drivers/STM32F4xx_HAL_Driver/Src/stm32f4xx_hal_pcd_ex.o
                0x0000000008003366                HAL_PCDEx_SetRxFiFo
 .text.HAL_PCDEx_LPM_Callback
                0x0000000008003388       0x18 ./Drivers/STM32F4xx_HAL_Driver/Src/stm32f4xx_hal_pcd_ex.o
                0x0000000008003388                HAL_PCDEx_LPM_Callback
 .text.HAL_RCC_OscConfig
                0x00000000080033a0      0x4f0 ./Drivers/STM32F4xx_HAL_Driver/Src/stm32f4xx_hal_rcc.o
                0x00000000080033a0                HAL_RCC_OscConfig
 .text.HAL_RCC_ClockConfig
                0x0000000008003890      0x1cc ./Drivers/STM32F4xx_HAL_Driver/Src/stm32f4xx_hal_rcc.o
                0x0000000008003890                HAL_RCC_ClockConfig
 .text.HAL_RCC_GetSysClockFreq
                0x0000000008003a5c      0x16c ./Drivers/STM32F4xx_HAL_Driver/Src/stm32f4xx_hal_rcc.o
                0x0000000008003a5c                HAL_RCC_GetSysClockFreq
 .text.HAL_RCC_GetHCLKFreq
                0x0000000008003bc8       0x18 ./Drivers/STM32F4xx_HAL_Driver/Src/stm32f4xx_hal_rcc.o
                0x0000000008003bc8                HAL_RCC_GetHCLKFreq
 .text.HAL_RCC_GetPCLK1Freq
                0x0000000008003be0       0x28 ./Drivers/STM32F4xx_HAL_Driver/Src/stm32f4xx_hal_rcc.o
                0x0000000008003be0                HAL_RCC_GetPCLK1Freq
 .text.HAL_RCC_GetPCLK2Freq
                0x0000000008003c08       0x28 ./Drivers/STM32F4xx_HAL_Driver/Src/stm32f4xx_hal_rcc.o
                0x0000000008003c08                HAL_RCC_GetPCLK2Freq
 .text.HAL_HalfDuplex_Init
                0x0000000008003c30       0xaa ./Drivers/STM32F4xx_HAL_Driver/Src/stm32f4xx_hal_uart.o
                0x0000000008003c30                HAL_HalfDuplex_Init
 *fill*         0x0000000008003cda        0x2 
 .text.UART_SetConfig
                0x0000000008003cdc      0x390 ./Drivers/STM32F4xx_HAL_Driver/Src/stm32f4xx_hal_uart.o
 .text.USB_CoreInit
                0x000000000800406c       0xc2 ./Drivers/STM32F4xx_HAL_Driver/Src/stm32f4xx_ll_usb.o
                0x000000000800406c                USB_CoreInit
 *fill*         0x000000000800412e        0x2 
 .text.USB_SetTurnaroundTime
                0x0000000008004130      0x144 ./Drivers/STM32F4xx_HAL_Driver/Src/stm32f4xx_ll_usb.o
                0x0000000008004130                USB_SetTurnaroundTime
 .text.USB_EnableGlobalInt
                0x0000000008004274       0x22 ./Drivers/STM32F4xx_HAL_Driver/Src/stm32f4xx_ll_usb.o
                0x0000000008004274                USB_EnableGlobalInt
 .text.USB_DisableGlobalInt
                0x0000000008004296       0x22 ./Drivers/STM32F4xx_HAL_Driver/Src/stm32f4xx_ll_usb.o
                0x0000000008004296                USB_DisableGlobalInt
 .text.USB_SetCurrentMode
                0x00000000080042b8       0x98 ./Drivers/STM32F4xx_HAL_Driver/Src/stm32f4xx_ll_usb.o
                0x00000000080042b8                USB_SetCurrentMode
 .text.USB_DevInit
                0x0000000008004350      0x2c8 ./Drivers/STM32F4xx_HAL_Driver/Src/stm32f4xx_ll_usb.o
                0x0000000008004350                USB_DevInit
 .text.USB_FlushTxFifo
                0x0000000008004618       0x48 ./Drivers/STM32F4xx_HAL_Driver/Src/stm32f4xx_ll_usb.o
                0x0000000008004618                USB_FlushTxFifo
 .text.USB_FlushRxFifo
                0x0000000008004660       0x40 ./Drivers/STM32F4xx_HAL_Driver/Src/stm32f4xx_ll_usb.o
                0x0000000008004660                USB_FlushRxFifo
 .text.USB_SetDevSpeed
                0x00000000080046a0       0x32 ./Drivers/STM32F4xx_HAL_Driver/Src/stm32f4xx_ll_usb.o
                0x00000000080046a0                USB_SetDevSpeed
 .text.USB_GetDevSpeed
                0x00000000080046d2       0x4a ./Drivers/STM32F4xx_HAL_Driver/Src/stm32f4xx_ll_usb.o
                0x00000000080046d2                USB_GetDevSpeed
 .text.USB_ActivateEndpoint
                0x000000000800471c      0x10e ./Drivers/STM32F4xx_HAL_Driver/Src/stm32f4xx_ll_usb.o
                0x000000000800471c                USB_ActivateEndpoint
 *fill*         0x000000000800482a        0x2 
 .text.USB_DeactivateEndpoint
                0x000000000800482c      0x1b8 ./Drivers/STM32F4xx_HAL_Driver/Src/stm32f4xx_ll_usb.o
                0x000000000800482c                USB_DeactivateEndpoint
 .text.USB_EPStartXfer
                0x00000000080049e4      0x488 ./Drivers/STM32F4xx_HAL_Driver/Src/stm32f4xx_ll_usb.o
                0x00000000080049e4                USB_EPStartXfer
 .text.USB_EP0StartXfer
                0x0000000008004e6c      0x2a6 ./Drivers/STM32F4xx_HAL_Driver/Src/stm32f4xx_ll_usb.o
                0x0000000008004e6c                USB_EP0StartXfer
 .text.USB_WritePacket
                0x0000000008005112       0x7c ./Drivers/STM32F4xx_HAL_Driver/Src/stm32f4xx_ll_usb.o
                0x0000000008005112                USB_WritePacket
 .text.USB_ReadPacket
                0x000000000800518e       0xb0 ./Drivers/STM32F4xx_HAL_Driver/Src/stm32f4xx_ll_usb.o
                0x000000000800518e                USB_ReadPacket
 .text.USB_EPSetStall
                0x000000000800523e       0xdc ./Drivers/STM32F4xx_HAL_Driver/Src/stm32f4xx_ll_usb.o
                0x000000000800523e                USB_EPSetStall
 .text.USB_EPClearStall
                0x000000000800531a       0xcc ./Drivers/STM32F4xx_HAL_Driver/Src/stm32f4xx_ll_usb.o
                0x000000000800531a                USB_EPClearStall
 .text.USB_SetDevAddress
                0x00000000080053e6       0x4c ./Drivers/STM32F4xx_HAL_Driver/Src/stm32f4xx_ll_usb.o
                0x00000000080053e6                USB_SetDevAddress
 .text.USB_DevConnect
                0x0000000008005432       0x42 ./Drivers/STM32F4xx_HAL_Driver/Src/stm32f4xx_ll_usb.o
                0x0000000008005432                USB_DevConnect
 .text.USB_DevDisconnect
                0x0000000008005474       0x42 ./Drivers/STM32F4xx_HAL_Driver/Src/stm32f4xx_ll_usb.o
                0x0000000008005474                USB_DevDisconnect
 .text.USB_ReadInterrupts
                0x00000000080054b6       0x26 ./Drivers/STM32F4xx_HAL_Driver/Src/stm32f4xx_ll_usb.o
                0x00000000080054b6                USB_ReadInterrupts
 .text.USB_ReadDevAllOutEpInterrupt
                0x00000000080054dc       0x34 ./Drivers/STM32F4xx_HAL_Driver/Src/stm32f4xx_ll_usb.o
                0x00000000080054dc                USB_ReadDevAllOutEpInterrupt
 .text.USB_ReadDevAllInEpInterrupt
                0x0000000008005510       0x34 ./Drivers/STM32F4xx_HAL_Driver/Src/stm32f4xx_ll_usb.o
                0x0000000008005510                USB_ReadDevAllInEpInterrupt
 .text.USB_ReadDevOutEPInterrupt
                0x0000000008005544       0x3c ./Drivers/STM32F4xx_HAL_Driver/Src/stm32f4xx_ll_usb.o
                0x0000000008005544                USB_ReadDevOutEPInterrupt
 .text.USB_ReadDevInEPInterrupt
                0x0000000008005580       0x5c ./Drivers/STM32F4xx_HAL_Driver/Src/stm32f4xx_ll_usb.o
                0x0000000008005580                USB_ReadDevInEPInterrupt
 .text.USB_GetMode
                0x00000000080055dc       0x1c ./Drivers/STM32F4xx_HAL_Driver/Src/stm32f4xx_ll_usb.o
                0x00000000080055dc                USB_GetMode
 .text.USB_ActivateSetup
                0x00000000080055f8       0x46 ./Drivers/STM32F4xx_HAL_Driver/Src/stm32f4xx_ll_usb.o
                0x00000000080055f8                USB_ActivateSetup
 *fill*         0x000000000800563e        0x2 
 .text.USB_EP0_OutStart
                0x0000000008005640       0xbc ./Drivers/STM32F4xx_HAL_Driver/Src/stm32f4xx_ll_usb.o
                0x0000000008005640                USB_EP0_OutStart
 .text.USB_CoreReset
                0x00000000080056fc       0x64 ./Drivers/STM32F4xx_HAL_Driver/Src/stm32f4xx_ll_usb.o
 .text.USBD_HID_Init
                0x0000000008005760       0x66 ./Middlewares/ST/STM32_USB_Device_Library/Class/HID/Src/usbd_hid.o
 .text.USBD_HID_DeInit
                0x00000000080057c6       0x48 ./Middlewares/ST/STM32_USB_Device_Library/Class/HID/Src/usbd_hid.o
 *fill*         0x000000000800580e        0x2 
 .text.USBD_HID_Setup
                0x0000000008005810      0x208 ./Middlewares/ST/STM32_USB_Device_Library/Class/HID/Src/usbd_hid.o
 .text.USBD_HID_GetFSCfgDesc
                0x0000000008005a18       0x20 ./Middlewares/ST/STM32_USB_Device_Library/Class/HID/Src/usbd_hid.o
 .text.USBD_HID_GetHSCfgDesc
                0x0000000008005a38       0x20 ./Middlewares/ST/STM32_USB_Device_Library/Class/HID/Src/usbd_hid.o
 .text.USBD_HID_GetOtherSpeedCfgDesc
                0x0000000008005a58       0x20 ./Middlewares/ST/STM32_USB_Device_Library/Class/HID/Src/usbd_hid.o
 .text.USBD_HID_DataIn
                0x0000000008005a78       0x24 ./Middlewares/ST/STM32_USB_Device_Library/Class/HID/Src/usbd_hid.o
 .text.USBD_HID_GetDeviceQualifierDesc
                0x0000000008005a9c       0x20 ./Middlewares/ST/STM32_USB_Device_Library/Class/HID/Src/usbd_hid.o
 .text.USBD_Init
                0x0000000008005abc       0x60 ./Middlewares/ST/STM32_USB_Device_Library/Core/Src/usbd_core.o
                0x0000000008005abc                USBD_Init
 .text.USBD_RegisterClass
                0x0000000008005b1c       0x4e ./Middlewares/ST/STM32_USB_Device_Library/Core/Src/usbd_core.o
                0x0000000008005b1c                USBD_RegisterClass
 .text.USBD_Start
                0x0000000008005b6a       0x18 ./Middlewares/ST/STM32_USB_Device_Library/Core/Src/usbd_core.o
                0x0000000008005b6a                USBD_Start
 .text.USBD_RunTestMode
                0x0000000008005b82       0x16 ./Middlewares/ST/STM32_USB_Device_Library/Core/Src/usbd_core.o
                0x0000000008005b82                USBD_RunTestMode
 .text.USBD_SetClassConfig
                0x0000000008005b98       0x38 ./Middlewares/ST/STM32_USB_Device_Library/Core/Src/usbd_core.o
                0x0000000008005b98                USBD_SetClassConfig
 .text.USBD_ClrClassConfig
                0x0000000008005bd0       0x30 ./Middlewares/ST/STM32_USB_Device_Library/Core/Src/usbd_core.o
                0x0000000008005bd0                USBD_ClrClassConfig
 .text.USBD_LL_SetupStage
                0x0000000008005c00       0xaa ./Middlewares/ST/STM32_USB_Device_Library/Core/Src/usbd_core.o
                0x0000000008005c00                USBD_LL_SetupStage
 .text.USBD_LL_DataOutStage
                0x0000000008005caa       0xc6 ./Middlewares/ST/STM32_USB_Device_Library/Core/Src/usbd_core.o
                0x0000000008005caa                USBD_LL_DataOutStage
 .text.USBD_LL_DataInStage
                0x0000000008005d70      0x12c ./Middlewares/ST/STM32_USB_Device_Library/Core/Src/usbd_core.o
                0x0000000008005d70                USBD_LL_DataInStage
 .text.USBD_LL_Reset
                0x0000000008005e9c       0x9c ./Middlewares/ST/STM32_USB_Device_Library/Core/Src/usbd_core.o
                0x0000000008005e9c                USBD_LL_Reset
 .text.USBD_LL_SetSpeed
                0x0000000008005f38       0x20 ./Middlewares/ST/STM32_USB_Device_Library/Core/Src/usbd_core.o
                0x0000000008005f38                USBD_LL_SetSpeed
 .text.USBD_LL_Suspend
                0x0000000008005f58       0x2c ./Middlewares/ST/STM32_USB_Device_Library/Core/Src/usbd_core.o
                0x0000000008005f58                USBD_LL_Suspend
 .text.USBD_LL_Resume
                0x0000000008005f84       0x30 ./Middlewares/ST/STM32_USB_Device_Library/Core/Src/usbd_core.o
                0x0000000008005f84                USBD_LL_Resume
 .text.USBD_LL_SOF
                0x0000000008005fb4       0x44 ./Middlewares/ST/STM32_USB_Device_Library/Core/Src/usbd_core.o
                0x0000000008005fb4                USBD_LL_SOF
 .text.USBD_LL_IsoINIncomplete
                0x0000000008005ff8       0x4c ./Middlewares/ST/STM32_USB_Device_Library/Core/Src/usbd_core.o
                0x0000000008005ff8                USBD_LL_IsoINIncomplete
 .text.USBD_LL_IsoOUTIncomplete
                0x0000000008006044       0x4c ./Middlewares/ST/STM32_USB_Device_Library/Core/Src/usbd_core.o
                0x0000000008006044                USBD_LL_IsoOUTIncomplete
 .text.USBD_LL_DevConnected
                0x0000000008006090       0x16 ./Middlewares/ST/STM32_USB_Device_Library/Core/Src/usbd_core.o
                0x0000000008006090                USBD_LL_DevConnected
 .text.USBD_LL_DevDisconnected
                0x00000000080060a6       0x38 ./Middlewares/ST/STM32_USB_Device_Library/Core/Src/usbd_core.o
                0x00000000080060a6                USBD_LL_DevDisconnected
 .text.SWAPBYTE
                0x00000000080060de       0x3c ./Middlewares/ST/STM32_USB_Device_Library/Core/Src/usbd_ctlreq.o
 *fill*         0x000000000800611a        0x2 
 .text.USBD_StdDevReq
                0x000000000800611c       0xdc ./Middlewares/ST/STM32_USB_Device_Library/Core/Src/usbd_ctlreq.o
                0x000000000800611c                USBD_StdDevReq
 .text.USBD_StdItfReq
                0x00000000080061f8       0x92 ./Middlewares/ST/STM32_USB_Device_Library/Core/Src/usbd_ctlreq.o
                0x00000000080061f8                USBD_StdItfReq
 .text.USBD_StdEPReq
                0x000000000800628a      0x2c4 ./Middlewares/ST/STM32_USB_Device_Library/Core/Src/usbd_ctlreq.o
                0x000000000800628a                USBD_StdEPReq
 *fill*         0x000000000800654e        0x2 
 .text.USBD_GetDescriptor
                0x0000000008006550      0x2d4 ./Middlewares/ST/STM32_USB_Device_Library/Core/Src/usbd_ctlreq.o
 .text.USBD_SetAddress
                0x0000000008006824       0x88 ./Middlewares/ST/STM32_USB_Device_Library/Core/Src/usbd_ctlreq.o
 .text.USBD_SetConfig
                0x00000000080068ac      0x14c ./Middlewares/ST/STM32_USB_Device_Library/Core/Src/usbd_ctlreq.o
 .text.USBD_GetConfig
                0x00000000080069f8       0x6c ./Middlewares/ST/STM32_USB_Device_Library/Core/Src/usbd_ctlreq.o
 .text.USBD_GetStatus
                0x0000000008006a64       0x68 ./Middlewares/ST/STM32_USB_Device_Library/Core/Src/usbd_ctlreq.o
 .text.USBD_SetFeature
                0x0000000008006acc       0x28 ./Middlewares/ST/STM32_USB_Device_Library/Core/Src/usbd_ctlreq.o
 .text.USBD_ClrFeature
                0x0000000008006af4       0x44 ./Middlewares/ST/STM32_USB_Device_Library/Core/Src/usbd_ctlreq.o
 .text.USBD_ParseSetupRequest
                0x0000000008006b38       0x74 ./Middlewares/ST/STM32_USB_Device_Library/Core/Src/usbd_ctlreq.o
                0x0000000008006b38                USBD_ParseSetupRequest
 .text.USBD_CtlError
                0x0000000008006bac       0x22 ./Middlewares/ST/STM32_USB_Device_Library/Core/Src/usbd_ctlreq.o
                0x0000000008006bac                USBD_CtlError
 .text.USBD_GetString
                0x0000000008006bce       0x8c ./Middlewares/ST/STM32_USB_Device_Library/Core/Src/usbd_ctlreq.o
                0x0000000008006bce                USBD_GetString
 .text.USBD_GetLen
                0x0000000008006c5a       0x34 ./Middlewares/ST/STM32_USB_Device_Library/Core/Src/usbd_ctlreq.o
 .text.USBD_CtlSendData
                0x0000000008006c8e       0x36 ./Middlewares/ST/STM32_USB_Device_Library/Core/Src/usbd_ioreq.o
                0x0000000008006c8e                USBD_CtlSendData
 .text.USBD_CtlContinueSendData
                0x0000000008006cc4       0x22 ./Middlewares/ST/STM32_USB_Device_Library/Core/Src/usbd_ioreq.o
                0x0000000008006cc4                USBD_CtlContinueSendData
 .text.USBD_CtlContinueRx
                0x0000000008006ce6       0x22 ./Middlewares/ST/STM32_USB_Device_Library/Core/Src/usbd_ioreq.o
                0x0000000008006ce6                USBD_CtlContinueRx
 .text.USBD_CtlSendStatus
                0x0000000008006d08       0x26 ./Middlewares/ST/STM32_USB_Device_Library/Core/Src/usbd_ioreq.o
                0x0000000008006d08                USBD_CtlSendStatus
 .text.USBD_CtlReceiveStatus
                0x0000000008006d2e       0x26 ./Middlewares/ST/STM32_USB_Device_Library/Core/Src/usbd_ioreq.o
                0x0000000008006d2e                USBD_CtlReceiveStatus
 .text.MX_USB_DEVICE_Init
                0x0000000008006d54       0x4c ./USB_DEVICE/App/usb_device.o
                0x0000000008006d54                MX_USB_DEVICE_Init
 .text.USBD_FS_DeviceDescriptor
                0x0000000008006da0       0x24 ./USB_DEVICE/App/usbd_desc.o
                0x0000000008006da0                USBD_FS_DeviceDescriptor
 .text.USBD_FS_LangIDStrDescriptor
                0x0000000008006dc4       0x24 ./USB_DEVICE/App/usbd_desc.o
                0x0000000008006dc4                USBD_FS_LangIDStrDescriptor
 .text.USBD_FS_ProductStrDescriptor
                0x0000000008006de8       0x3c ./USB_DEVICE/App/usbd_desc.o
                0x0000000008006de8                USBD_FS_ProductStrDescriptor
 .text.USBD_FS_ManufacturerStrDescriptor
                0x0000000008006e24       0x28 ./USB_DEVICE/App/usbd_desc.o
                0x0000000008006e24                USBD_FS_ManufacturerStrDescriptor
 .text.USBD_FS_SerialStrDescriptor
                0x0000000008006e4c       0x24 ./USB_DEVICE/App/usbd_desc.o
                0x0000000008006e4c                USBD_FS_SerialStrDescriptor
 .text.USBD_FS_ConfigStrDescriptor
                0x0000000008006e70       0x3c ./USB_DEVICE/App/usbd_desc.o
                0x0000000008006e70                USBD_FS_ConfigStrDescriptor
 .text.USBD_FS_InterfaceStrDescriptor
                0x0000000008006eac       0x3c ./USB_DEVICE/App/usbd_desc.o
                0x0000000008006eac                USBD_FS_InterfaceStrDescriptor
 .text.Get_SerialNum
                0x0000000008006ee8       0x58 ./USB_DEVICE/App/usbd_desc.o
 .text.IntToUnicode
                0x0000000008006f40       0x7e ./USB_DEVICE/App/usbd_desc.o
 *fill*         0x0000000008006fbe        0x2 
 .text.HAL_PCD_MspInit
                0x0000000008006fc0       0xa8 ./USB_DEVICE/Target/usbd_conf.o
                0x0000000008006fc0                HAL_PCD_MspInit
 .text.HAL_PCD_SetupStageCallback
                0x0000000008007068       0x24 ./USB_DEVICE/Target/usbd_conf.o
                0x0000000008007068                HAL_PCD_SetupStageCallback
 .text.HAL_PCD_DataOutStageCallback
                0x000000000800708c       0x36 ./USB_DEVICE/Target/usbd_conf.o
                0x000000000800708c                HAL_PCD_DataOutStageCallback
 .text.HAL_PCD_DataInStageCallback
                0x00000000080070c2       0x34 ./USB_DEVICE/Target/usbd_conf.o
                0x00000000080070c2                HAL_PCD_DataInStageCallback
 .text.HAL_PCD_SOFCallback
                0x00000000080070f6       0x1c ./USB_DEVICE/Target/usbd_conf.o
                0x00000000080070f6                HAL_PCD_SOFCallback
 .text.HAL_PCD_ResetCallback
                0x0000000008007112       0x3c ./USB_DEVICE/Target/usbd_conf.o
                0x0000000008007112                HAL_PCD_ResetCallback
 *fill*         0x000000000800714e        0x2 
 .text.HAL_PCD_SuspendCallback
                0x0000000008007150       0x4c ./USB_DEVICE/Target/usbd_conf.o
                0x0000000008007150                HAL_PCD_SuspendCallback
 .text.HAL_PCD_ResumeCallback
                0x000000000800719c       0x1c ./USB_DEVICE/Target/usbd_conf.o
                0x000000000800719c                HAL_PCD_ResumeCallback
 .text.HAL_PCD_ISOOUTIncompleteCallback
                0x00000000080071b8       0x24 ./USB_DEVICE/Target/usbd_conf.o
                0x00000000080071b8                HAL_PCD_ISOOUTIncompleteCallback
 .text.HAL_PCD_ISOINIncompleteCallback
                0x00000000080071dc       0x24 ./USB_DEVICE/Target/usbd_conf.o
                0x00000000080071dc                HAL_PCD_ISOINIncompleteCallback
 .text.HAL_PCD_ConnectCallback
                0x0000000008007200       0x1c ./USB_DEVICE/Target/usbd_conf.o
                0x0000000008007200                HAL_PCD_ConnectCallback
 .text.HAL_PCD_DisconnectCallback
                0x000000000800721c       0x1c ./USB_DEVICE/Target/usbd_conf.o
                0x000000000800721c                HAL_PCD_DisconnectCallback
 .text.USBD_LL_Init
                0x0000000008007238       0x98 ./USB_DEVICE/Target/usbd_conf.o
                0x0000000008007238                USBD_LL_Init
 .text.USBD_LL_Start
                0x00000000080072d0       0x36 ./USB_DEVICE/Target/usbd_conf.o
                0x00000000080072d0                USBD_LL_Start
 .text.USBD_LL_OpenEP
                0x0000000008007306       0x4c ./USB_DEVICE/Target/usbd_conf.o
                0x0000000008007306                USBD_LL_OpenEP
 .text.USBD_LL_CloseEP
                0x0000000008007352       0x3e ./USB_DEVICE/Target/usbd_conf.o
                0x0000000008007352                USBD_LL_CloseEP
 .text.USBD_LL_StallEP
                0x0000000008007390       0x3e ./USB_DEVICE/Target/usbd_conf.o
                0x0000000008007390                USBD_LL_StallEP
 .text.USBD_LL_ClearStallEP
                0x00000000080073ce       0x3e ./USB_DEVICE/Target/usbd_conf.o
                0x00000000080073ce                USBD_LL_ClearStallEP
 .text.USBD_LL_IsStallEP
                0x000000000800740c       0x58 ./USB_DEVICE/Target/usbd_conf.o
                0x000000000800740c                USBD_LL_IsStallEP
 .text.USBD_LL_SetUSBAddress
                0x0000000008007464       0x3e ./USB_DEVICE/Target/usbd_conf.o
                0x0000000008007464                USBD_LL_SetUSBAddress
 .text.USBD_LL_Transmit
                0x00000000080074a2       0x42 ./USB_DEVICE/Target/usbd_conf.o
                0x00000000080074a2                USBD_LL_Transmit
 .text.USBD_LL_PrepareReceive
                0x00000000080074e4       0x42 ./USB_DEVICE/Target/usbd_conf.o
                0x00000000080074e4                USBD_LL_PrepareReceive
 *fill*         0x0000000008007526        0x2 
 .text.USBD_static_malloc
                0x0000000008007528       0x1c ./USB_DEVICE/Target/usbd_conf.o
                0x0000000008007528                USBD_static_malloc
 .text.USBD_static_free
                0x0000000008007544       0x14 ./USB_DEVICE/Target/usbd_conf.o
                0x0000000008007544                USBD_static_free
 .text.USBD_Get_USB_Status
                0x0000000008007558       0x58 ./USB_DEVICE/Target/usbd_conf.o
                0x0000000008007558                USBD_Get_USB_Status
 .text.__libc_init_array
                0x00000000080075b0       0x48 c:/st/stm32cubeide_1.8.0/stm32cubeide/plugins/com.st.stm32cube.ide.mcu.externaltools.gnu-tools-for-stm32.9-2020-q2-update.win32_2.0.0.202105311346/tools/bin/../lib/gcc/arm-none-eabi/9.3.1/../../../../arm-none-eabi/lib/thumb/v7e-m+fp/hard\libc_nano.a(lib_a-init.o)
                0x00000000080075b0                __libc_init_array
 .text.memset   0x00000000080075f8       0x10 c:/st/stm32cubeide_1.8.0/stm32cubeide/plugins/com.st.stm32cube.ide.mcu.externaltools.gnu-tools-for-stm32.9-2020-q2-update.win32_2.0.0.202105311346/tools/bin/../lib/gcc/arm-none-eabi/9.3.1/../../../../arm-none-eabi/lib/thumb/v7e-m+fp/hard\libc_nano.a(lib_a-memset.o)
                0x00000000080075f8                memset
 *(.glue_7)
 .glue_7        0x0000000008007608        0x0 linker stubs
 *(.glue_7t)
 .glue_7t       0x0000000008007608        0x0 linker stubs
 *(.eh_frame)
 .eh_frame      0x0000000008007608        0x0 c:/st/stm32cubeide_1.8.0/stm32cubeide/plugins/com.st.stm32cube.ide.mcu.externaltools.gnu-tools-for-stm32.9-2020-q2-update.win32_2.0.0.202105311346/tools/bin/../lib/gcc/arm-none-eabi/9.3.1/thumb/v7e-m+fp/hard/crtbegin.o
 *(.init)
 .init          0x0000000008007608        0x4 c:/st/stm32cubeide_1.8.0/stm32cubeide/plugins/com.st.stm32cube.ide.mcu.externaltools.gnu-tools-for-stm32.9-2020-q2-update.win32_2.0.0.202105311346/tools/bin/../lib/gcc/arm-none-eabi/9.3.1/thumb/v7e-m+fp/hard/crti.o
                0x0000000008007608                _init
 .init          0x000000000800760c        0x8 c:/st/stm32cubeide_1.8.0/stm32cubeide/plugins/com.st.stm32cube.ide.mcu.externaltools.gnu-tools-for-stm32.9-2020-q2-update.win32_2.0.0.202105311346/tools/bin/../lib/gcc/arm-none-eabi/9.3.1/thumb/v7e-m+fp/hard/crtn.o
 *(.fini)
 .fini          0x0000000008007614        0x4 c:/st/stm32cubeide_1.8.0/stm32cubeide/plugins/com.st.stm32cube.ide.mcu.externaltools.gnu-tools-for-stm32.9-2020-q2-update.win32_2.0.0.202105311346/tools/bin/../lib/gcc/arm-none-eabi/9.3.1/thumb/v7e-m+fp/hard/crti.o
                0x0000000008007614                _fini
 .fini          0x0000000008007618        0x8 c:/st/stm32cubeide_1.8.0/stm32cubeide/plugins/com.st.stm32cube.ide.mcu.externaltools.gnu-tools-for-stm32.9-2020-q2-update.win32_2.0.0.202105311346/tools/bin/../lib/gcc/arm-none-eabi/9.3.1/thumb/v7e-m+fp/hard/crtn.o
                0x0000000008007620                . = ALIGN (0x4)
                0x0000000008007620                _etext = .

.vfp11_veneer   0x0000000008007620        0x0
 .vfp11_veneer  0x0000000008007620        0x0 linker stubs

.v4_bx          0x0000000008007620        0x0
 .v4_bx         0x0000000008007620        0x0 linker stubs

.iplt           0x0000000008007620        0x0
 .iplt          0x0000000008007620        0x0 c:/st/stm32cubeide_1.8.0/stm32cubeide/plugins/com.st.stm32cube.ide.mcu.externaltools.gnu-tools-for-stm32.9-2020-q2-update.win32_2.0.0.202105311346/tools/bin/../lib/gcc/arm-none-eabi/9.3.1/thumb/v7e-m+fp/hard/crtbegin.o

.rodata         0x0000000008007620       0x60
                0x0000000008007620                . = ALIGN (0x4)
 *(.rodata)
 .rodata        0x0000000008007620       0x46 ./USB_DEVICE/App/usbd_desc.o
 *(.rodata*)
 *fill*         0x0000000008007666        0x2 
 .rodata.AHBPrescTable
                0x0000000008007668       0x10 ./Core/Src/system_stm32f4xx.o
                0x0000000008007668                AHBPrescTable
 .rodata.APBPrescTable
                0x0000000008007678        0x8 ./Core/Src/system_stm32f4xx.o
                0x0000000008007678                APBPrescTable
                0x0000000008007680                . = ALIGN (0x4)

.ARM.extab      0x0000000008007680        0x0
                0x0000000008007680                . = ALIGN (0x4)
 *(.ARM.extab* .gnu.linkonce.armextab.*)
                0x0000000008007680                . = ALIGN (0x4)

.ARM            0x0000000008007680        0x8
                0x0000000008007680                . = ALIGN (0x4)
                0x0000000008007680                __exidx_start = .
 *(.ARM.exidx*)
 .ARM.exidx     0x0000000008007680        0x8 c:/st/stm32cubeide_1.8.0/stm32cubeide/plugins/com.st.stm32cube.ide.mcu.externaltools.gnu-tools-for-stm32.9-2020-q2-update.win32_2.0.0.202105311346/tools/bin/../lib/gcc/arm-none-eabi/9.3.1/thumb/v7e-m+fp/hard\libgcc.a(_udivmoddi4.o)
                0x0000000008007688                __exidx_end = .
                0x0000000008007688                . = ALIGN (0x4)

.rel.dyn        0x0000000008007688        0x0
 .rel.iplt      0x0000000008007688        0x0 c:/st/stm32cubeide_1.8.0/stm32cubeide/plugins/com.st.stm32cube.ide.mcu.externaltools.gnu-tools-for-stm32.9-2020-q2-update.win32_2.0.0.202105311346/tools/bin/../lib/gcc/arm-none-eabi/9.3.1/thumb/v7e-m+fp/hard/crtbegin.o

.preinit_array  0x0000000008007688        0x0
                0x0000000008007688                . = ALIGN (0x4)
                0x0000000008007688                PROVIDE (__preinit_array_start = .)
 *(.preinit_array*)
                0x0000000008007688                PROVIDE (__preinit_array_end = .)
                0x0000000008007688                . = ALIGN (0x4)

.init_array     0x0000000008007688        0x4
                0x0000000008007688                . = ALIGN (0x4)
                0x0000000008007688                PROVIDE (__init_array_start = .)
 *(SORT_BY_NAME(.init_array.*))
 *(.init_array*)
 .init_array    0x0000000008007688        0x4 c:/st/stm32cubeide_1.8.0/stm32cubeide/plugins/com.st.stm32cube.ide.mcu.externaltools.gnu-tools-for-stm32.9-2020-q2-update.win32_2.0.0.202105311346/tools/bin/../lib/gcc/arm-none-eabi/9.3.1/thumb/v7e-m+fp/hard/crtbegin.o
                0x000000000800768c                PROVIDE (__init_array_end = .)
                0x000000000800768c                . = ALIGN (0x4)

.fini_array     0x000000000800768c        0x4
                0x000000000800768c                . = ALIGN (0x4)
                [!provide]                        PROVIDE (__fini_array_start = .)
 *(SORT_BY_NAME(.fini_array.*))
 *(.fini_array*)
 .fini_array    0x000000000800768c        0x4 c:/st/stm32cubeide_1.8.0/stm32cubeide/plugins/com.st.stm32cube.ide.mcu.externaltools.gnu-tools-for-stm32.9-2020-q2-update.win32_2.0.0.202105311346/tools/bin/../lib/gcc/arm-none-eabi/9.3.1/thumb/v7e-m+fp/hard/crtbegin.o
                [!provide]                        PROVIDE (__fini_array_end = .)
                0x0000000008007690                . = ALIGN (0x4)
                0x0000000008007690                _sidata = LOADADDR (.data)

.data           0x0000000020000000      0x168 load address 0x0000000008007690
                0x0000000020000000                . = ALIGN (0x4)
                0x0000000020000000                _sdata = .
 *(.data)
 *(.data*)
 .data.ControlX
                0x0000000020000000        0x1 ./Core/Src/main.o
                0x0000000020000000                ControlX
 .data.ControlY
                0x0000000020000001        0x1 ./Core/Src/main.o
                0x0000000020000001                ControlY
 .data.CstickX  0x0000000020000002        0x1 ./Core/Src/main.o
                0x0000000020000002                CstickX
 .data.CstickY  0x0000000020000003        0x1 ./Core/Src/main.o
                0x0000000020000003                CstickY
 .data.SystemCoreClock
                0x0000000020000004        0x4 ./Core/Src/system_stm32f4xx.o
                0x0000000020000004                SystemCoreClock
 .data.uwTickPrio
                0x0000000020000008        0x4 ./Drivers/STM32F4xx_HAL_Driver/Src/stm32f4xx_hal.o
                0x0000000020000008                uwTickPrio
 .data.uwTickFreq
                0x000000002000000c        0x1 ./Drivers/STM32F4xx_HAL_Driver/Src/stm32f4xx_hal.o
                0x000000002000000c                uwTickFreq
 *fill*         0x000000002000000d        0x3 
 .data.USBD_HID
                0x0000000020000010       0x38 ./Middlewares/ST/STM32_USB_Device_Library/Class/HID/Src/usbd_hid.o
                0x0000000020000010                USBD_HID
 .data.USBD_HID_CfgFSDesc
                0x0000000020000048       0x22 ./Middlewares/ST/STM32_USB_Device_Library/Class/HID/Src/usbd_hid.o
 *fill*         0x000000002000006a        0x2 
 .data.USBD_HID_CfgHSDesc
                0x000000002000006c       0x22 ./Middlewares/ST/STM32_USB_Device_Library/Class/HID/Src/usbd_hid.o
 *fill*         0x000000002000008e        0x2 
 .data.USBD_HID_OtherSpeedCfgDesc
                0x0000000020000090       0x22 ./Middlewares/ST/STM32_USB_Device_Library/Class/HID/Src/usbd_hid.o
 *fill*         0x00000000200000b2        0x2 
 .data.USBD_HID_Desc
                0x00000000200000b4        0x9 ./Middlewares/ST/STM32_USB_Device_Library/Class/HID/Src/usbd_hid.o
 *fill*         0x00000000200000bd        0x3 
 .data.USBD_HID_DeviceQualifierDesc
                0x00000000200000c0        0xa ./Middlewares/ST/STM32_USB_Device_Library/Class/HID/Src/usbd_hid.o
 *fill*         0x00000000200000ca        0x2 
 .data.HID_MOUSE_ReportDesc
                0x00000000200000cc       0x4a ./Middlewares/ST/STM32_USB_Device_Library/Class/HID/Src/usbd_hid.o
 *fill*         0x0000000020000116        0x2 
 .data.FS_Desc  0x0000000020000118       0x1c ./USB_DEVICE/App/usbd_desc.o
                0x0000000020000118                FS_Desc
 .data.USBD_FS_DeviceDesc
                0x0000000020000134       0x12 ./USB_DEVICE/App/usbd_desc.o
                0x0000000020000134                USBD_FS_DeviceDesc
 *fill*         0x0000000020000146        0x2 
 .data.USBD_LangIDDesc
                0x0000000020000148        0x4 ./USB_DEVICE/App/usbd_desc.o
                0x0000000020000148                USBD_LangIDDesc
 .data.USBD_StringSerial
                0x000000002000014c       0x1a ./USB_DEVICE/App/usbd_desc.o
                0x000000002000014c                USBD_StringSerial
 *(.RamFunc)
 *(.RamFunc*)
                0x0000000020000168                . = ALIGN (0x4)
 *fill*         0x0000000020000166        0x2 
                0x0000000020000168                _edata = .

.igot.plt       0x0000000020000168        0x0 load address 0x00000000080077f8
 .igot.plt      0x0000000020000168        0x0 c:/st/stm32cubeide_1.8.0/stm32cubeide/plugins/com.st.stm32cube.ide.mcu.externaltools.gnu-tools-for-stm32.9-2020-q2-update.win32_2.0.0.202105311346/tools/bin/../lib/gcc/arm-none-eabi/9.3.1/thumb/v7e-m+fp/hard/crtbegin.o
                0x0000000020000168                . = ALIGN (0x4)

.bss            0x0000000020000168      0x96c load address 0x00000000080077f8
                0x0000000020000168                _sbss = .
                0x0000000020000168                __bss_start__ = _sbss
 *(.bss)
 .bss           0x0000000020000168       0x1c c:/st/stm32cubeide_1.8.0/stm32cubeide/plugins/com.st.stm32cube.ide.mcu.externaltools.gnu-tools-for-stm32.9-2020-q2-update.win32_2.0.0.202105311346/tools/bin/../lib/gcc/arm-none-eabi/9.3.1/thumb/v7e-m+fp/hard/crtbegin.o
 *(.bss*)
 .bss.Ctrl_SOCD_X
                0x0000000020000184        0x1 ./Core/Src/GC_DAC.o
                0x0000000020000184                Ctrl_SOCD_X
 .bss.Ctrl_SOCD_Y
                0x0000000020000185        0x1 ./Core/Src/GC_DAC.o
                0x0000000020000185                Ctrl_SOCD_Y
 .bss.CStk_SOCD_X
                0x0000000020000186        0x1 ./Core/Src/GC_DAC.o
                0x0000000020000186                CStk_SOCD_X
 .bss.CStk_SOCD_Y
                0x0000000020000187        0x1 ./Core/Src/GC_DAC.o
                0x0000000020000187                CStk_SOCD_Y
 .bss.AnalogL   0x0000000020000188        0x1 ./Core/Src/main.o
                0x0000000020000188                AnalogL
 .bss.AnalogR   0x0000000020000189        0x1 ./Core/Src/main.o
                0x0000000020000189                AnalogR
 .bss.DPad      0x000000002000018a        0x1 ./Core/Src/main.o
                0x000000002000018a                DPad
 *fill*         0x000000002000018b        0x1 
 .bss.count     0x000000002000018c        0x4 ./Core/Src/main.o
                0x000000002000018c                count
 .bss.avg_count
                0x0000000020000190        0x4 ./Core/Src/main.o
                0x0000000020000190                avg_count
 .bss.count_num
                0x0000000020000194        0x4 ./Core/Src/main.o
                0x0000000020000194                count_num
 .bss.dPad_on   0x0000000020000198        0x1 ./Core/Src/main.o
                0x0000000020000198                dPad_on
 .bss.cfgidx.9913
                0x0000000020000199        0x1 ./Middlewares/ST/STM32_USB_Device_Library/Core/Src/usbd_ctlreq.o
 *fill*         0x000000002000019a        0x2 
 .bss.mem.9950  0x000000002000019c       0x14 ./USB_DEVICE/Target/usbd_conf.o
 *(COMMON)
 COMMON         0x00000000200001b0        0x2 ./Core/Src/GC_DAC.o
                0x00000000200001b0                DAC_ControlY
                0x00000000200001b1                DAC_ControlX
 *fill*         0x00000000200001b2        0x2 
 COMMON         0x00000000200001b4       0x44 ./Core/Src/main.o
                0x00000000200001b4                huart1
 COMMON         0x00000000200001f8        0x4 ./Drivers/STM32F4xx_HAL_Driver/Src/stm32f4xx_hal.o
                0x00000000200001f8                uwTick
 COMMON         0x00000000200001fc      0x2d0 ./USB_DEVICE/App/usb_device.o
                0x00000000200001fc                hUsbDeviceFS
 COMMON         0x00000000200004cc      0x200 ./USB_DEVICE/App/usbd_desc.o
                0x00000000200004cc                USBD_StrDesc
 COMMON         0x00000000200006cc      0x408 ./USB_DEVICE/Target/usbd_conf.o
                0x00000000200006cc                hpcd_USB_OTG_FS
                0x0000000020000ad4                . = ALIGN (0x4)
                0x0000000020000ad4                _ebss = .
                0x0000000020000ad4                __bss_end__ = _ebss

._user_heap_stack
                0x0000000020000ad4      0x604 load address 0x00000000080077f8
                0x0000000020000ad8                . = ALIGN (0x8)
 *fill*         0x0000000020000ad4        0x4 
                [!provide]                        PROVIDE (end = .)
                0x0000000020000ad8                PROVIDE (_end = .)
                0x0000000020000cd8                . = (. + _Min_Heap_Size)
 *fill*         0x0000000020000ad8      0x200 
                0x00000000200010d8                . = (. + _Min_Stack_Size)
 *fill*         0x0000000020000cd8      0x400 
                0x00000000200010d8                . = ALIGN (0x8)

/DISCARD/
 libc.a(*)
 libm.a(*)
 libgcc.a(*)

.ARM.attributes
                0x0000000000000000       0x30
 *(.ARM.attributes)
 .ARM.attributes
                0x0000000000000000       0x1e c:/st/stm32cubeide_1.8.0/stm32cubeide/plugins/com.st.stm32cube.ide.mcu.externaltools.gnu-tools-for-stm32.9-2020-q2-update.win32_2.0.0.202105311346/tools/bin/../lib/gcc/arm-none-eabi/9.3.1/thumb/v7e-m+fp/hard/crti.o
 .ARM.attributes
                0x000000000000001e       0x34 c:/st/stm32cubeide_1.8.0/stm32cubeide/plugins/com.st.stm32cube.ide.mcu.externaltools.gnu-tools-for-stm32.9-2020-q2-update.win32_2.0.0.202105311346/tools/bin/../lib/gcc/arm-none-eabi/9.3.1/thumb/v7e-m+fp/hard/crtbegin.o
 .ARM.attributes
                0x0000000000000052       0x34 ./Core/Src/COMMS.o
 .ARM.attributes
                0x0000000000000086       0x34 ./Core/Src/GC_DAC.o
 .ARM.attributes
                0x00000000000000ba       0x34 ./Core/Src/main.o
 .ARM.attributes
                0x00000000000000ee       0x34 ./Core/Src/stm32f4xx_hal_msp.o
 .ARM.attributes
                0x0000000000000122       0x34 ./Core/Src/stm32f4xx_it.o
 .ARM.attributes
                0x0000000000000156       0x34 ./Core/Src/system_stm32f4xx.o
 .ARM.attributes
                0x000000000000018a       0x21 ./Core/Startup/startup_stm32f411ceux.o
 .ARM.attributes
                0x00000000000001ab       0x34 ./Drivers/STM32F4xx_HAL_Driver/Src/stm32f4xx_hal.o
 .ARM.attributes
                0x00000000000001df       0x34 ./Drivers/STM32F4xx_HAL_Driver/Src/stm32f4xx_hal_cortex.o
 .ARM.attributes
                0x0000000000000213       0x34 ./Drivers/STM32F4xx_HAL_Driver/Src/stm32f4xx_hal_gpio.o
 .ARM.attributes
                0x0000000000000247       0x34 ./Drivers/STM32F4xx_HAL_Driver/Src/stm32f4xx_hal_pcd.o
 .ARM.attributes
                0x000000000000027b       0x34 ./Drivers/STM32F4xx_HAL_Driver/Src/stm32f4xx_hal_pcd_ex.o
 .ARM.attributes
                0x00000000000002af       0x34 ./Drivers/STM32F4xx_HAL_Driver/Src/stm32f4xx_hal_rcc.o
 .ARM.attributes
                0x00000000000002e3       0x34 ./Drivers/STM32F4xx_HAL_Driver/Src/stm32f4xx_hal_uart.o
 .ARM.attributes
                0x0000000000000317       0x34 ./Drivers/STM32F4xx_HAL_Driver/Src/stm32f4xx_ll_usb.o
 .ARM.attributes
                0x000000000000034b       0x34 ./Middlewares/ST/STM32_USB_Device_Library/Class/HID/Src/usbd_hid.o
 .ARM.attributes
                0x000000000000037f       0x34 ./Middlewares/ST/STM32_USB_Device_Library/Core/Src/usbd_core.o
 .ARM.attributes
                0x00000000000003b3       0x34 ./Middlewares/ST/STM32_USB_Device_Library/Core/Src/usbd_ctlreq.o
 .ARM.attributes
                0x00000000000003e7       0x34 ./Middlewares/ST/STM32_USB_Device_Library/Core/Src/usbd_ioreq.o
 .ARM.attributes
                0x000000000000041b       0x34 ./USB_DEVICE/App/usb_device.o
 .ARM.attributes
                0x000000000000044f       0x34 ./USB_DEVICE/App/usbd_desc.o
 .ARM.attributes
                0x0000000000000483       0x34 ./USB_DEVICE/Target/usbd_conf.o
 .ARM.attributes
                0x00000000000004b7       0x34 c:/st/stm32cubeide_1.8.0/stm32cubeide/plugins/com.st.stm32cube.ide.mcu.externaltools.gnu-tools-for-stm32.9-2020-q2-update.win32_2.0.0.202105311346/tools/bin/../lib/gcc/arm-none-eabi/9.3.1/../../../../arm-none-eabi/lib/thumb/v7e-m+fp/hard\libc_nano.a(lib_a-init.o)
 .ARM.attributes
                0x00000000000004eb       0x34 c:/st/stm32cubeide_1.8.0/stm32cubeide/plugins/com.st.stm32cube.ide.mcu.externaltools.gnu-tools-for-stm32.9-2020-q2-update.win32_2.0.0.202105311346/tools/bin/../lib/gcc/arm-none-eabi/9.3.1/../../../../arm-none-eabi/lib/thumb/v7e-m+fp/hard\libc_nano.a(lib_a-memset.o)
 .ARM.attributes
                0x000000000000051f       0x1e c:/st/stm32cubeide_1.8.0/stm32cubeide/plugins/com.st.stm32cube.ide.mcu.externaltools.gnu-tools-for-stm32.9-2020-q2-update.win32_2.0.0.202105311346/tools/bin/../lib/gcc/arm-none-eabi/9.3.1/thumb/v7e-m+fp/hard\libgcc.a(_aeabi_uldivmod.o)
 .ARM.attributes
                0x000000000000053d       0x34 c:/st/stm32cubeide_1.8.0/stm32cubeide/plugins/com.st.stm32cube.ide.mcu.externaltools.gnu-tools-for-stm32.9-2020-q2-update.win32_2.0.0.202105311346/tools/bin/../lib/gcc/arm-none-eabi/9.3.1/thumb/v7e-m+fp/hard\libgcc.a(_udivmoddi4.o)
 .ARM.attributes
                0x0000000000000571       0x1e c:/st/stm32cubeide_1.8.0/stm32cubeide/plugins/com.st.stm32cube.ide.mcu.externaltools.gnu-tools-for-stm32.9-2020-q2-update.win32_2.0.0.202105311346/tools/bin/../lib/gcc/arm-none-eabi/9.3.1/thumb/v7e-m+fp/hard\libgcc.a(_dvmd_tls.o)
 .ARM.attributes
                0x000000000000058f       0x1e c:/st/stm32cubeide_1.8.0/stm32cubeide/plugins/com.st.stm32cube.ide.mcu.externaltools.gnu-tools-for-stm32.9-2020-q2-update.win32_2.0.0.202105311346/tools/bin/../lib/gcc/arm-none-eabi/9.3.1/thumb/v7e-m+fp/hard/crtn.o
OUTPUT(Box_blackpill.elf elf32-littlearm)
LOAD linker stubs
LOAD c:/st/stm32cubeide_1.8.0/stm32cubeide/plugins/com.st.stm32cube.ide.mcu.externaltools.gnu-tools-for-stm32.9-2020-q2-update.win32_2.0.0.202105311346/tools/bin/../lib/gcc/arm-none-eabi/9.3.1/../../../../arm-none-eabi/lib/thumb/v7e-m+fp/hard\libc.a
LOAD c:/st/stm32cubeide_1.8.0/stm32cubeide/plugins/com.st.stm32cube.ide.mcu.externaltools.gnu-tools-for-stm32.9-2020-q2-update.win32_2.0.0.202105311346/tools/bin/../lib/gcc/arm-none-eabi/9.3.1/../../../../arm-none-eabi/lib/thumb/v7e-m+fp/hard\libm.a
LOAD c:/st/stm32cubeide_1.8.0/stm32cubeide/plugins/com.st.stm32cube.ide.mcu.externaltools.gnu-tools-for-stm32.9-2020-q2-update.win32_2.0.0.202105311346/tools/bin/../lib/gcc/arm-none-eabi/9.3.1/thumb/v7e-m+fp/hard\libgcc.a

.debug_info     0x0000000000000000    0x152fb
 .debug_info    0x0000000000000000      0x511 ./Core/Src/COMMS.o
 .debug_info    0x0000000000000511      0x455 ./Core/Src/GC_DAC.o
 .debug_info    0x0000000000000966     0x1819 ./Core/Src/main.o
 .debug_info    0x000000000000217f      0xa1e ./Core/Src/stm32f4xx_hal_msp.o
 .debug_info    0x0000000000002b9d      0x6ed ./Core/Src/stm32f4xx_it.o
 .debug_info    0x000000000000328a      0x5d0 ./Core/Src/system_stm32f4xx.o
 .debug_info    0x000000000000385a       0x22 ./Core/Startup/startup_stm32f411ceux.o
 .debug_info    0x000000000000387c      0x944 ./Drivers/STM32F4xx_HAL_Driver/Src/stm32f4xx_hal.o
 .debug_info    0x00000000000041c0      0xe47 ./Drivers/STM32F4xx_HAL_Driver/Src/stm32f4xx_hal_cortex.o
 .debug_info    0x0000000000005007      0x862 ./Drivers/STM32F4xx_HAL_Driver/Src/stm32f4xx_hal_gpio.o
 .debug_info    0x0000000000005869     0x12d5 ./Drivers/STM32F4xx_HAL_Driver/Src/stm32f4xx_hal_pcd.o
 .debug_info    0x0000000000006b3e      0x7c3 ./Drivers/STM32F4xx_HAL_Driver/Src/stm32f4xx_hal_pcd_ex.o
 .debug_info    0x0000000000007301      0x9be ./Drivers/STM32F4xx_HAL_Driver/Src/stm32f4xx_hal_rcc.o
 .debug_info    0x0000000000007cbf     0x31d6 ./Drivers/STM32F4xx_HAL_Driver/Src/stm32f4xx_hal_uart.o
 .debug_info    0x000000000000ae95     0x1ab4 ./Drivers/STM32F4xx_HAL_Driver/Src/stm32f4xx_ll_usb.o
 .debug_info    0x000000000000c949     0x12c6 ./Middlewares/ST/STM32_USB_Device_Library/Class/HID/Src/usbd_hid.o
 .debug_info    0x000000000000dc0f     0x13a7 ./Middlewares/ST/STM32_USB_Device_Library/Core/Src/usbd_core.o
 .debug_info    0x000000000000efb6     0x1373 ./Middlewares/ST/STM32_USB_Device_Library/Core/Src/usbd_ctlreq.o
 .debug_info    0x0000000000010329     0x1095 ./Middlewares/ST/STM32_USB_Device_Library/Core/Src/usbd_ioreq.o
 .debug_info    0x00000000000113be      0xf16 ./USB_DEVICE/App/usb_device.o
 .debug_info    0x00000000000122d4      0xdfa ./USB_DEVICE/App/usbd_desc.o
 .debug_info    0x00000000000130ce     0x222d ./USB_DEVICE/Target/usbd_conf.o

.debug_abbrev   0x0000000000000000     0x31a7
 .debug_abbrev  0x0000000000000000      0x1f0 ./Core/Src/COMMS.o
 .debug_abbrev  0x00000000000001f0      0x1be ./Core/Src/GC_DAC.o
 .debug_abbrev  0x00000000000003ae      0x2ef ./Core/Src/main.o
 .debug_abbrev  0x000000000000069d      0x1ac ./Core/Src/stm32f4xx_hal_msp.o
 .debug_abbrev  0x0000000000000849      0x184 ./Core/Src/stm32f4xx_it.o
 .debug_abbrev  0x00000000000009cd      0x145 ./Core/Src/system_stm32f4xx.o
 .debug_abbrev  0x0000000000000b12       0x12 ./Core/Startup/startup_stm32f411ceux.o
 .debug_abbrev  0x0000000000000b24      0x21e ./Drivers/STM32F4xx_HAL_Driver/Src/stm32f4xx_hal.o
 .debug_abbrev  0x0000000000000d42      0x33c ./Drivers/STM32F4xx_HAL_Driver/Src/stm32f4xx_hal_cortex.o
 .debug_abbrev  0x000000000000107e      0x1f1 ./Drivers/STM32F4xx_HAL_Driver/Src/stm32f4xx_hal_gpio.o
 .debug_abbrev  0x000000000000126f      0x2a0 ./Drivers/STM32F4xx_HAL_Driver/Src/stm32f4xx_hal_pcd.o
 .debug_abbrev  0x000000000000150f      0x1fb ./Drivers/STM32F4xx_HAL_Driver/Src/stm32f4xx_hal_pcd_ex.o
 .debug_abbrev  0x000000000000170a      0x275 ./Drivers/STM32F4xx_HAL_Driver/Src/stm32f4xx_hal_rcc.o
 .debug_abbrev  0x000000000000197f      0x2fc ./Drivers/STM32F4xx_HAL_Driver/Src/stm32f4xx_hal_uart.o
 .debug_abbrev  0x0000000000001c7b      0x2a7 ./Drivers/STM32F4xx_HAL_Driver/Src/stm32f4xx_ll_usb.o
 .debug_abbrev  0x0000000000001f22      0x2d7 ./Middlewares/ST/STM32_USB_Device_Library/Class/HID/Src/usbd_hid.o
 .debug_abbrev  0x00000000000021f9      0x2b7 ./Middlewares/ST/STM32_USB_Device_Library/Core/Src/usbd_core.o
 .debug_abbrev  0x00000000000024b0      0x2fc ./Middlewares/ST/STM32_USB_Device_Library/Core/Src/usbd_ctlreq.o
 .debug_abbrev  0x00000000000027ac      0x22a ./Middlewares/ST/STM32_USB_Device_Library/Core/Src/usbd_ioreq.o
 .debug_abbrev  0x00000000000029d6      0x1fb ./USB_DEVICE/App/usb_device.o
 .debug_abbrev  0x0000000000002bd1      0x2aa ./USB_DEVICE/App/usbd_desc.o
 .debug_abbrev  0x0000000000002e7b      0x32c ./USB_DEVICE/Target/usbd_conf.o

.debug_aranges  0x0000000000000000      0xda0
 .debug_aranges
                0x0000000000000000       0x98 ./Core/Src/COMMS.o
 .debug_aranges
                0x0000000000000098       0x50 ./Core/Src/GC_DAC.o
 .debug_aranges
                0x00000000000000e8       0x48 ./Core/Src/main.o
 .debug_aranges
                0x0000000000000130       0x30 ./Core/Src/stm32f4xx_hal_msp.o
 .debug_aranges
                0x0000000000000160       0x70 ./Core/Src/stm32f4xx_it.o
 .debug_aranges
                0x00000000000001d0       0x28 ./Core/Src/system_stm32f4xx.o
 .debug_aranges
                0x00000000000001f8       0x28 ./Core/Startup/startup_stm32f411ceux.o
 .debug_aranges
                0x0000000000000220       0xf0 ./Drivers/STM32F4xx_HAL_Driver/Src/stm32f4xx_hal.o
 .debug_aranges
                0x0000000000000310      0x118 ./Drivers/STM32F4xx_HAL_Driver/Src/stm32f4xx_hal_cortex.o
 .debug_aranges
                0x0000000000000428       0x58 ./Drivers/STM32F4xx_HAL_Driver/Src/stm32f4xx_hal_gpio.o
 .debug_aranges
                0x0000000000000480      0x138 ./Drivers/STM32F4xx_HAL_Driver/Src/stm32f4xx_hal_pcd.o
 .debug_aranges
                0x00000000000005b8       0x38 ./Drivers/STM32F4xx_HAL_Driver/Src/stm32f4xx_hal_pcd_ex.o
 .debug_aranges
                0x00000000000005f0       0x88 ./Drivers/STM32F4xx_HAL_Driver/Src/stm32f4xx_hal_rcc.o
 .debug_aranges
                0x0000000000000678      0x200 ./Drivers/STM32F4xx_HAL_Driver/Src/stm32f4xx_hal_uart.o
 .debug_aranges
                0x0000000000000878      0x198 ./Drivers/STM32F4xx_HAL_Driver/Src/stm32f4xx_ll_usb.o
 .debug_aranges
                0x0000000000000a10       0x68 ./Middlewares/ST/STM32_USB_Device_Library/Class/HID/Src/usbd_hid.o
 .debug_aranges
                0x0000000000000a78       0xb8 ./Middlewares/ST/STM32_USB_Device_Library/Core/Src/usbd_core.o
 .debug_aranges
                0x0000000000000b30       0x90 ./Middlewares/ST/STM32_USB_Device_Library/Core/Src/usbd_ctlreq.o
 .debug_aranges
                0x0000000000000bc0       0x50 ./Middlewares/ST/STM32_USB_Device_Library/Core/Src/usbd_ioreq.o
 .debug_aranges
                0x0000000000000c10       0x20 ./USB_DEVICE/App/usb_device.o
 .debug_aranges
                0x0000000000000c30       0x60 ./USB_DEVICE/App/usbd_desc.o
 .debug_aranges
                0x0000000000000c90      0x110 ./USB_DEVICE/Target/usbd_conf.o

.debug_ranges   0x0000000000000000      0xc78
 .debug_ranges  0x0000000000000000       0x88 ./Core/Src/COMMS.o
 .debug_ranges  0x0000000000000088       0x40 ./Core/Src/GC_DAC.o
 .debug_ranges  0x00000000000000c8       0x38 ./Core/Src/main.o
 .debug_ranges  0x0000000000000100       0x20 ./Core/Src/stm32f4xx_hal_msp.o
 .debug_ranges  0x0000000000000120       0x60 ./Core/Src/stm32f4xx_it.o
 .debug_ranges  0x0000000000000180       0x18 ./Core/Src/system_stm32f4xx.o
 .debug_ranges  0x0000000000000198       0x20 ./Core/Startup/startup_stm32f411ceux.o
 .debug_ranges  0x00000000000001b8       0xe0 ./Drivers/STM32F4xx_HAL_Driver/Src/stm32f4xx_hal.o
 .debug_ranges  0x0000000000000298      0x108 ./Drivers/STM32F4xx_HAL_Driver/Src/stm32f4xx_hal_cortex.o
 .debug_ranges  0x00000000000003a0       0x48 ./Drivers/STM32F4xx_HAL_Driver/Src/stm32f4xx_hal_gpio.o
 .debug_ranges  0x00000000000003e8      0x128 ./Drivers/STM32F4xx_HAL_Driver/Src/stm32f4xx_hal_pcd.o
 .debug_ranges  0x0000000000000510       0x28 ./Drivers/STM32F4xx_HAL_Driver/Src/stm32f4xx_hal_pcd_ex.o
 .debug_ranges  0x0000000000000538       0x78 ./Drivers/STM32F4xx_HAL_Driver/Src/stm32f4xx_hal_rcc.o
 .debug_ranges  0x00000000000005b0      0x220 ./Drivers/STM32F4xx_HAL_Driver/Src/stm32f4xx_hal_uart.o
 .debug_ranges  0x00000000000007d0      0x188 ./Drivers/STM32F4xx_HAL_Driver/Src/stm32f4xx_ll_usb.o
 .debug_ranges  0x0000000000000958       0x58 ./Middlewares/ST/STM32_USB_Device_Library/Class/HID/Src/usbd_hid.o
 .debug_ranges  0x00000000000009b0       0xa8 ./Middlewares/ST/STM32_USB_Device_Library/Core/Src/usbd_core.o
 .debug_ranges  0x0000000000000a58       0x80 ./Middlewares/ST/STM32_USB_Device_Library/Core/Src/usbd_ctlreq.o
 .debug_ranges  0x0000000000000ad8       0x40 ./Middlewares/ST/STM32_USB_Device_Library/Core/Src/usbd_ioreq.o
 .debug_ranges  0x0000000000000b18       0x10 ./USB_DEVICE/App/usb_device.o
 .debug_ranges  0x0000000000000b28       0x50 ./USB_DEVICE/App/usbd_desc.o
 .debug_ranges  0x0000000000000b78      0x100 ./USB_DEVICE/Target/usbd_conf.o

.debug_macro    0x0000000000000000    0x18ae8
 .debug_macro   0x0000000000000000      0x200 ./Core/Src/COMMS.o
 .debug_macro   0x0000000000000200      0xaa8 ./Core/Src/COMMS.o
 .debug_macro   0x0000000000000ca8      0x29b ./Core/Src/COMMS.o
 .debug_macro   0x0000000000000f43       0x2e ./Core/Src/COMMS.o
 .debug_macro   0x0000000000000f71       0x28 ./Core/Src/COMMS.o
 .debug_macro   0x0000000000000f99       0x22 ./Core/Src/COMMS.o
 .debug_macro   0x0000000000000fbb       0x8e ./Core/Src/COMMS.o
 .debug_macro   0x0000000000001049       0x51 ./Core/Src/COMMS.o
 .debug_macro   0x000000000000109a      0x103 ./Core/Src/COMMS.o
 .debug_macro   0x000000000000119d       0x6a ./Core/Src/COMMS.o
 .debug_macro   0x0000000000001207      0x1df ./Core/Src/COMMS.o
 .debug_macro   0x00000000000013e6       0x1c ./Core/Src/COMMS.o
 .debug_macro   0x0000000000001402       0x22 ./Core/Src/COMMS.o
 .debug_macro   0x0000000000001424       0xdf ./Core/Src/COMMS.o
 .debug_macro   0x0000000000001503     0x102d ./Core/Src/COMMS.o
 .debug_macro   0x0000000000002530      0x11f ./Core/Src/COMMS.o
 .debug_macro   0x000000000000264f     0xb953 ./Core/Src/COMMS.o
 .debug_macro   0x000000000000dfa2       0x6d ./Core/Src/COMMS.o
 .debug_macro   0x000000000000e00f     0x3666 ./Core/Src/COMMS.o
 .debug_macro   0x0000000000011675      0x174 ./Core/Src/COMMS.o
 .debug_macro   0x00000000000117e9       0x5c ./Core/Src/COMMS.o
 .debug_macro   0x0000000000011845      0x447 ./Core/Src/COMMS.o
 .debug_macro   0x0000000000011c8c      0x9fe ./Core/Src/COMMS.o
 .debug_macro   0x000000000001268a      0x116 ./Core/Src/COMMS.o
 .debug_macro   0x00000000000127a0      0x11b ./Core/Src/COMMS.o
 .debug_macro   0x00000000000128bb       0xa5 ./Core/Src/COMMS.o
 .debug_macro   0x0000000000012960      0x15f ./Core/Src/COMMS.o
 .debug_macro   0x0000000000012abf      0x287 ./Core/Src/COMMS.o
 .debug_macro   0x0000000000012d46       0x5f ./Core/Src/COMMS.o
 .debug_macro   0x0000000000012da5      0x236 ./Core/Src/COMMS.o
 .debug_macro   0x0000000000012fdb      0x132 ./Core/Src/COMMS.o
 .debug_macro   0x000000000001310d      0x264 ./Core/Src/COMMS.o
 .debug_macro   0x0000000000013371       0x2e ./Core/Src/COMMS.o
 .debug_macro   0x000000000001339f      0x11a ./Core/Src/COMMS.o
 .debug_macro   0x00000000000134b9       0x85 ./Core/Src/COMMS.o
 .debug_macro   0x000000000001353e       0x89 ./Core/Src/COMMS.o
 .debug_macro   0x00000000000135c7      0x295 ./Core/Src/COMMS.o
 .debug_macro   0x000000000001385c      0x21e ./Core/Src/COMMS.o
 .debug_macro   0x0000000000013a7a       0xba ./Core/Src/COMMS.o
 .debug_macro   0x0000000000013b34      0x126 ./Core/Src/COMMS.o
 .debug_macro   0x0000000000013c5a       0x22 ./Core/Src/COMMS.o
 .debug_macro   0x0000000000013c7c      0x11e ./Core/Src/COMMS.o
 .debug_macro   0x0000000000013d9a      0x209 ./Core/Src/GC_DAC.o
 .debug_macro   0x0000000000013fa3      0x2d9 ./Core/Src/GC_DAC.o
 .debug_macro   0x000000000001427c      0x3e1 ./Core/Src/main.o
 .debug_macro   0x000000000001465d       0x52 ./Core/Src/main.o
 .debug_macro   0x00000000000146af       0x18 ./Core/Src/main.o
 .debug_macro   0x00000000000146c7       0x3c ./Core/Src/main.o
 .debug_macro   0x0000000000014703       0x34 ./Core/Src/main.o
 .debug_macro   0x0000000000014737       0x16 ./Core/Src/main.o
 .debug_macro   0x000000000001474d       0x35 ./Core/Src/main.o
 .debug_macro   0x0000000000014782      0x333 ./Core/Src/main.o
 .debug_macro   0x0000000000014ab5       0x10 ./Core/Src/main.o
 .debug_macro   0x0000000000014ac5       0x16 ./Core/Src/main.o
 .debug_macro   0x0000000000014adb       0x43 ./Core/Src/main.o
 .debug_macro   0x0000000000014b1e       0x34 ./Core/Src/main.o
 .debug_macro   0x0000000000014b52       0x10 ./Core/Src/main.o
 .debug_macro   0x0000000000014b62       0x58 ./Core/Src/main.o
 .debug_macro   0x0000000000014bba       0x71 ./Core/Src/main.o
 .debug_macro   0x0000000000014c2b       0x1c ./Core/Src/main.o
 .debug_macro   0x0000000000014c47      0x12a ./Core/Src/main.o
 .debug_macro   0x0000000000014d71       0x10 ./Core/Src/main.o
 .debug_macro   0x0000000000014d81       0x1c ./Core/Src/main.o
 .debug_macro   0x0000000000014d9d       0x52 ./Core/Src/main.o
 .debug_macro   0x0000000000014def       0x22 ./Core/Src/main.o
 .debug_macro   0x0000000000014e11       0x10 ./Core/Src/main.o
 .debug_macro   0x0000000000014e21       0x40 ./Core/Src/main.o
 .debug_macro   0x0000000000014e61       0xd5 ./Core/Src/main.o
 .debug_macro   0x0000000000014f36       0x1c ./Core/Src/main.o
 .debug_macro   0x0000000000014f52       0x3d ./Core/Src/main.o
 .debug_macro   0x0000000000014f8f       0x16 ./Core/Src/main.o
 .debug_macro   0x0000000000014fa5      0x145 ./Core/Src/main.o
 .debug_macro   0x00000000000150ea       0x16 ./Core/Src/main.o
 .debug_macro   0x0000000000015100       0x16 ./Core/Src/main.o
 .debug_macro   0x0000000000015116       0x29 ./Core/Src/main.o
 .debug_macro   0x000000000001513f       0x16 ./Core/Src/main.o
 .debug_macro   0x0000000000015155       0x20 ./Core/Src/main.o
 .debug_macro   0x0000000000015175       0x6b ./Core/Src/main.o
 .debug_macro   0x00000000000151e0      0x1ef ./Core/Src/main.o
 .debug_macro   0x00000000000153cf      0x1f6 ./Core/Src/stm32f4xx_hal_msp.o
 .debug_macro   0x00000000000155c5      0x200 ./Core/Src/stm32f4xx_it.o
 .debug_macro   0x00000000000157c5      0x1de ./Core/Src/system_stm32f4xx.o
 .debug_macro   0x00000000000159a3      0x23e ./Drivers/STM32F4xx_HAL_Driver/Src/stm32f4xx_hal.o
 .debug_macro   0x0000000000015be1      0x1de ./Drivers/STM32F4xx_HAL_Driver/Src/stm32f4xx_hal_cortex.o
 .debug_macro   0x0000000000015dbf      0x1e4 ./Drivers/STM32F4xx_HAL_Driver/Src/stm32f4xx_hal_gpio.o
 .debug_macro   0x0000000000015fa3      0x1ea ./Drivers/STM32F4xx_HAL_Driver/Src/stm32f4xx_hal_pcd.o
 .debug_macro   0x000000000001618d      0x1de ./Drivers/STM32F4xx_HAL_Driver/Src/stm32f4xx_hal_pcd_ex.o
 .debug_macro   0x000000000001636b      0x202 ./Drivers/STM32F4xx_HAL_Driver/Src/stm32f4xx_hal_rcc.o
 .debug_macro   0x000000000001656d      0x1df ./Drivers/STM32F4xx_HAL_Driver/Src/stm32f4xx_hal_uart.o
 .debug_macro   0x000000000001674c      0x1de ./Drivers/STM32F4xx_HAL_Driver/Src/stm32f4xx_ll_usb.o
 .debug_macro   0x000000000001692a      0x40c ./Middlewares/ST/STM32_USB_Device_Library/Class/HID/Src/usbd_hid.o
 .debug_macro   0x0000000000016d36       0x97 ./Middlewares/ST/STM32_USB_Device_Library/Class/HID/Src/usbd_hid.o
 .debug_macro   0x0000000000016dcd       0xfd ./Middlewares/ST/STM32_USB_Device_Library/Class/HID/Src/usbd_hid.o
 .debug_macro   0x0000000000016eca       0xd9 ./Middlewares/ST/STM32_USB_Device_Library/Class/HID/Src/usbd_hid.o
 .debug_macro   0x0000000000016fa3       0x56 ./Middlewares/ST/STM32_USB_Device_Library/Class/HID/Src/usbd_hid.o
 .debug_macro   0x0000000000016ff9       0x5e ./Middlewares/ST/STM32_USB_Device_Library/Class/HID/Src/usbd_hid.o
 .debug_macro   0x0000000000017057      0x3f3 ./Middlewares/ST/STM32_USB_Device_Library/Core/Src/usbd_core.o
 .debug_macro   0x000000000001744a      0x1f5 ./Middlewares/ST/STM32_USB_Device_Library/Core/Src/usbd_core.o
 .debug_macro   0x000000000001763f      0x3fd ./Middlewares/ST/STM32_USB_Device_Library/Core/Src/usbd_ctlreq.o
 .debug_macro   0x0000000000017a3c      0x3f9 ./Middlewares/ST/STM32_USB_Device_Library/Core/Src/usbd_ioreq.o
 .debug_macro   0x0000000000017e35      0x429 ./USB_DEVICE/App/usb_device.o
 .debug_macro   0x000000000001825e       0x22 ./USB_DEVICE/App/usb_device.o
 .debug_macro   0x0000000000018280      0x436 ./USB_DEVICE/App/usbd_desc.o
 .debug_macro   0x00000000000186b6       0x1c ./USB_DEVICE/App/usbd_desc.o
 .debug_macro   0x00000000000186d2      0x416 ./USB_DEVICE/Target/usbd_conf.o

.debug_line     0x0000000000000000    0x11c6b
 .debug_line    0x0000000000000000      0x975 ./Core/Src/COMMS.o
 .debug_line    0x0000000000000975      0xb13 ./Core/Src/GC_DAC.o
 .debug_line    0x0000000000001488      0xae0 ./Core/Src/main.o
 .debug_line    0x0000000000001f68      0x736 ./Core/Src/stm32f4xx_hal_msp.o
 .debug_line    0x000000000000269e      0x7dc ./Core/Src/stm32f4xx_it.o
 .debug_line    0x0000000000002e7a      0x75e ./Core/Src/system_stm32f4xx.o
 .debug_line    0x00000000000035d8       0x88 ./Core/Startup/startup_stm32f411ceux.o
 .debug_line    0x0000000000003660      0x9c4 ./Drivers/STM32F4xx_HAL_Driver/Src/stm32f4xx_hal.o
 .debug_line    0x0000000000004024      0xc73 ./Drivers/STM32F4xx_HAL_Driver/Src/stm32f4xx_hal_cortex.o
 .debug_line    0x0000000000004c97      0xafe ./Drivers/STM32F4xx_HAL_Driver/Src/stm32f4xx_hal_gpio.o
 .debug_line    0x0000000000005795     0x1311 ./Drivers/STM32F4xx_HAL_Driver/Src/stm32f4xx_hal_pcd.o
 .debug_line    0x0000000000006aa6      0x7a7 ./Drivers/STM32F4xx_HAL_Driver/Src/stm32f4xx_hal_pcd_ex.o
 .debug_line    0x000000000000724d      0xd3e ./Drivers/STM32F4xx_HAL_Driver/Src/stm32f4xx_hal_rcc.o
 .debug_line    0x0000000000007f8b     0x2a4b ./Drivers/STM32F4xx_HAL_Driver/Src/stm32f4xx_hal_uart.o
 .debug_line    0x000000000000a9d6     0x1953 ./Drivers/STM32F4xx_HAL_Driver/Src/stm32f4xx_ll_usb.o
 .debug_line    0x000000000000c329      0xc4c ./Middlewares/ST/STM32_USB_Device_Library/Class/HID/Src/usbd_hid.o
 .debug_line    0x000000000000cf75      0xe3a ./Middlewares/ST/STM32_USB_Device_Library/Core/Src/usbd_core.o
 .debug_line    0x000000000000ddaf     0x10ba ./Middlewares/ST/STM32_USB_Device_Library/Core/Src/usbd_ctlreq.o
 .debug_line    0x000000000000ee69      0xa91 ./Middlewares/ST/STM32_USB_Device_Library/Core/Src/usbd_ioreq.o
 .debug_line    0x000000000000f8fa      0xa32 ./USB_DEVICE/App/usb_device.o
 .debug_line    0x000000000001032c      0xb16 ./USB_DEVICE/App/usbd_desc.o
 .debug_line    0x0000000000010e42      0xe29 ./USB_DEVICE/Target/usbd_conf.o

.debug_str      0x0000000000000000    0x8a0e4
 .debug_str     0x0000000000000000    0x80e83 ./Core/Src/COMMS.o
                                      0x81177 (size before relaxing)
 .debug_str     0x0000000000080e83      0x79b ./Core/Src/GC_DAC.o
                                      0x817d4 (size before relaxing)
 .debug_str     0x000000000008161e     0x55ef ./Core/Src/main.o
                                      0x867c5 (size before relaxing)
 .debug_str     0x0000000000086c0d       0x56 ./Core/Src/stm32f4xx_hal_msp.o
                                      0x815d2 (size before relaxing)
 .debug_str     0x0000000000086c63      0x40d ./Core/Src/stm32f4xx_it.o
                                      0x8144d (size before relaxing)
 .debug_str     0x0000000000087070       0xaf ./Core/Src/system_stm32f4xx.o
                                      0x80d8c (size before relaxing)
 .debug_str     0x000000000008711f       0x36 ./Core/Startup/startup_stm32f411ceux.o
                                         0x77 (size before relaxing)
 .debug_str     0x0000000000087155      0x583 ./Drivers/STM32F4xx_HAL_Driver/Src/stm32f4xx_hal.o
                                      0x81716 (size before relaxing)
 .debug_str     0x00000000000876d8      0x399 ./Drivers/STM32F4xx_HAL_Driver/Src/stm32f4xx_hal_cortex.o
                                      0x814f3 (size before relaxing)
 .debug_str     0x0000000000087a71      0x122 ./Drivers/STM32F4xx_HAL_Driver/Src/stm32f4xx_hal_gpio.o
                                      0x80f33 (size before relaxing)
 .debug_str     0x0000000000087b93      0x564 ./Drivers/STM32F4xx_HAL_Driver/Src/stm32f4xx_hal_pcd.o
                                      0x81564 (size before relaxing)
 .debug_str     0x00000000000880f7      0x13f ./Drivers/STM32F4xx_HAL_Driver/Src/stm32f4xx_hal_pcd_ex.o
                                      0x8112f (size before relaxing)
 .debug_str     0x0000000000088236      0x259 ./Drivers/STM32F4xx_HAL_Driver/Src/stm32f4xx_hal_rcc.o
                                      0x8118e (size before relaxing)
 .debug_str     0x000000000008848f      0x60a ./Drivers/STM32F4xx_HAL_Driver/Src/stm32f4xx_hal_uart.o
                                      0x81702 (size before relaxing)
 .debug_str     0x0000000000088a99      0x6a3 ./Drivers/STM32F4xx_HAL_Driver/Src/stm32f4xx_ll_usb.o
                                      0x8169b (size before relaxing)
 .debug_str     0x000000000008913c      0x76c ./Middlewares/ST/STM32_USB_Device_Library/Class/HID/Src/usbd_hid.o
                                      0x863d9 (size before relaxing)
 .debug_str     0x00000000000898a8      0x1a2 ./Middlewares/ST/STM32_USB_Device_Library/Core/Src/usbd_core.o
                                      0x861e2 (size before relaxing)
 .debug_str     0x0000000000089a4a      0x14d ./Middlewares/ST/STM32_USB_Device_Library/Core/Src/usbd_ctlreq.o
                                      0x861a0 (size before relaxing)
 .debug_str     0x0000000000089b97       0xc9 ./Middlewares/ST/STM32_USB_Device_Library/Core/Src/usbd_ioreq.o
                                      0x860f0 (size before relaxing)
 .debug_str     0x0000000000089c60       0xc2 ./USB_DEVICE/App/usb_device.o
                                      0x8625c (size before relaxing)
 .debug_str     0x0000000000089d22      0x26e ./USB_DEVICE/App/usbd_desc.o
                                      0x86042 (size before relaxing)
 .debug_str     0x0000000000089f90      0x154 ./USB_DEVICE/Target/usbd_conf.o
                                      0x86dbc (size before relaxing)

.comment        0x0000000000000000       0x53
 .comment       0x0000000000000000       0x53 ./Core/Src/COMMS.o
                                         0x54 (size before relaxing)
 .comment       0x0000000000000053       0x54 ./Core/Src/GC_DAC.o
 .comment       0x0000000000000053       0x54 ./Core/Src/main.o
 .comment       0x0000000000000053       0x54 ./Core/Src/stm32f4xx_hal_msp.o
 .comment       0x0000000000000053       0x54 ./Core/Src/stm32f4xx_it.o
 .comment       0x0000000000000053       0x54 ./Core/Src/system_stm32f4xx.o
 .comment       0x0000000000000053       0x54 ./Drivers/STM32F4xx_HAL_Driver/Src/stm32f4xx_hal.o
 .comment       0x0000000000000053       0x54 ./Drivers/STM32F4xx_HAL_Driver/Src/stm32f4xx_hal_cortex.o
 .comment       0x0000000000000053       0x54 ./Drivers/STM32F4xx_HAL_Driver/Src/stm32f4xx_hal_gpio.o
 .comment       0x0000000000000053       0x54 ./Drivers/STM32F4xx_HAL_Driver/Src/stm32f4xx_hal_pcd.o
 .comment       0x0000000000000053       0x54 ./Drivers/STM32F4xx_HAL_Driver/Src/stm32f4xx_hal_pcd_ex.o
 .comment       0x0000000000000053       0x54 ./Drivers/STM32F4xx_HAL_Driver/Src/stm32f4xx_hal_rcc.o
 .comment       0x0000000000000053       0x54 ./Drivers/STM32F4xx_HAL_Driver/Src/stm32f4xx_hal_uart.o
 .comment       0x0000000000000053       0x54 ./Drivers/STM32F4xx_HAL_Driver/Src/stm32f4xx_ll_usb.o
 .comment       0x0000000000000053       0x54 ./Middlewares/ST/STM32_USB_Device_Library/Class/HID/Src/usbd_hid.o
 .comment       0x0000000000000053       0x54 ./Middlewares/ST/STM32_USB_Device_Library/Core/Src/usbd_core.o
 .comment       0x0000000000000053       0x54 ./Middlewares/ST/STM32_USB_Device_Library/Core/Src/usbd_ctlreq.o
 .comment       0x0000000000000053       0x54 ./Middlewares/ST/STM32_USB_Device_Library/Core/Src/usbd_ioreq.o
 .comment       0x0000000000000053       0x54 ./USB_DEVICE/App/usb_device.o
 .comment       0x0000000000000053       0x54 ./USB_DEVICE/App/usbd_desc.o
 .comment       0x0000000000000053       0x54 ./USB_DEVICE/Target/usbd_conf.o

.debug_frame    0x0000000000000000     0x36b0
 .debug_frame   0x0000000000000000      0x228 ./Core/Src/COMMS.o
 .debug_frame   0x0000000000000228       0xfc ./Core/Src/GC_DAC.o
 .debug_frame   0x0000000000000324       0xcc ./Core/Src/main.o
 .debug_frame   0x00000000000003f0       0x80 ./Core/Src/stm32f4xx_hal_msp.o
 .debug_frame   0x0000000000000470      0x13c ./Core/Src/stm32f4xx_it.o
 .debug_frame   0x00000000000005ac       0x58 ./Core/Src/system_stm32f4xx.o
 .debug_frame   0x0000000000000604      0x374 ./Drivers/STM32F4xx_HAL_Driver/Src/stm32f4xx_hal.o
 .debug_frame   0x0000000000000978      0x498 ./Drivers/STM32F4xx_HAL_Driver/Src/stm32f4xx_hal_cortex.o
 .debug_frame   0x0000000000000e10      0x14c ./Drivers/STM32F4xx_HAL_Driver/Src/stm32f4xx_hal_gpio.o
 .debug_frame   0x0000000000000f5c      0x574 ./Drivers/STM32F4xx_HAL_Driver/Src/stm32f4xx_hal_pcd.o
 .debug_frame   0x00000000000014d0       0xb0 ./Drivers/STM32F4xx_HAL_Driver/Src/stm32f4xx_hal_pcd_ex.o
 .debug_frame   0x0000000000001580      0x1ec ./Drivers/STM32F4xx_HAL_Driver/Src/stm32f4xx_hal_rcc.o
 .debug_frame   0x000000000000176c      0x92c ./Drivers/STM32F4xx_HAL_Driver/Src/stm32f4xx_hal_uart.o
 .debug_frame   0x0000000000002098      0x798 ./Drivers/STM32F4xx_HAL_Driver/Src/stm32f4xx_ll_usb.o
 .debug_frame   0x0000000000002830      0x190 ./Middlewares/ST/STM32_USB_Device_Library/Class/HID/Src/usbd_hid.o
 .debug_frame   0x00000000000029c0      0x2f4 ./Middlewares/ST/STM32_USB_Device_Library/Core/Src/usbd_core.o
 .debug_frame   0x0000000000002cb4      0x23c ./Middlewares/ST/STM32_USB_Device_Library/Core/Src/usbd_ctlreq.o
 .debug_frame   0x0000000000002ef0      0x10c ./Middlewares/ST/STM32_USB_Device_Library/Core/Src/usbd_ioreq.o
 .debug_frame   0x0000000000002ffc       0x2c ./USB_DEVICE/App/usb_device.o
 .debug_frame   0x0000000000003028      0x160 ./USB_DEVICE/App/usbd_desc.o
 .debug_frame   0x0000000000003188      0x47c ./USB_DEVICE/Target/usbd_conf.o
 .debug_frame   0x0000000000003604       0x2c c:/st/stm32cubeide_1.8.0/stm32cubeide/plugins/com.st.stm32cube.ide.mcu.externaltools.gnu-tools-for-stm32.9-2020-q2-update.win32_2.0.0.202105311346/tools/bin/../lib/gcc/arm-none-eabi/9.3.1/../../../../arm-none-eabi/lib/thumb/v7e-m+fp/hard\libc_nano.a(lib_a-init.o)
 .debug_frame   0x0000000000003630       0x20 c:/st/stm32cubeide_1.8.0/stm32cubeide/plugins/com.st.stm32cube.ide.mcu.externaltools.gnu-tools-for-stm32.9-2020-q2-update.win32_2.0.0.202105311346/tools/bin/../lib/gcc/arm-none-eabi/9.3.1/../../../../arm-none-eabi/lib/thumb/v7e-m+fp/hard\libc_nano.a(lib_a-memset.o)
 .debug_frame   0x0000000000003650       0x2c c:/st/stm32cubeide_1.8.0/stm32cubeide/plugins/com.st.stm32cube.ide.mcu.externaltools.gnu-tools-for-stm32.9-2020-q2-update.win32_2.0.0.202105311346/tools/bin/../lib/gcc/arm-none-eabi/9.3.1/thumb/v7e-m+fp/hard\libgcc.a(_aeabi_uldivmod.o)
 .debug_frame   0x000000000000367c       0x34 c:/st/stm32cubeide_1.8.0/stm32cubeide/plugins/com.st.stm32cube.ide.mcu.externaltools.gnu-tools-for-stm32.9-2020-q2-update.win32_2.0.0.202105311346/tools/bin/../lib/gcc/arm-none-eabi/9.3.1/thumb/v7e-m+fp/hard\libgcc.a(_udivmoddi4.o)