Archive member included to satisfy reference by file (symbol)

c:/st/stm32cubeide_1.8.0/stm32cubeide/plugins/com.st.stm32cube.ide.mcu.externaltools.gnu-tools-for-stm32.9-2020-q2-update.win32_2.0.0.202105311346/tools/bin/../lib/gcc/arm-none-eabi/9.3.1/../../../../arm-none-eabi/lib/thumb/v7e-m+fp/hard\libc_nano.a(lib_a-errno.o)
                              ./Core/Src/syscalls.o (__errno)
c:/st/stm32cubeide_1.8.0/stm32cubeide/plugins/com.st.stm32cube.ide.mcu.externaltools.gnu-tools-for-stm32.9-2020-q2-update.win32_2.0.0.202105311346/tools/bin/../lib/gcc/arm-none-eabi/9.3.1/../../../../arm-none-eabi/lib/thumb/v7e-m+fp/hard\libc_nano.a(lib_a-exit.o)
                              c:/st/stm32cubeide_1.8.0/stm32cubeide/plugins/com.st.stm32cube.ide.mcu.externaltools.gnu-tools-for-stm32.9-2020-q2-update.win32_2.0.0.202105311346/tools/bin/../lib/gcc/arm-none-eabi/9.3.1/../../../../arm-none-eabi/lib/thumb/v7e-m+fp/hard/crt0.o (exit)
c:/st/stm32cubeide_1.8.0/stm32cubeide/plugins/com.st.stm32cube.ide.mcu.externaltools.gnu-tools-for-stm32.9-2020-q2-update.win32_2.0.0.202105311346/tools/bin/../lib/gcc/arm-none-eabi/9.3.1/../../../../arm-none-eabi/lib/thumb/v7e-m+fp/hard\libc_nano.a(lib_a-impure.o)
                              c:/st/stm32cubeide_1.8.0/stm32cubeide/plugins/com.st.stm32cube.ide.mcu.externaltools.gnu-tools-for-stm32.9-2020-q2-update.win32_2.0.0.202105311346/tools/bin/../lib/gcc/arm-none-eabi/9.3.1/../../../../arm-none-eabi/lib/thumb/v7e-m+fp/hard\libc_nano.a(lib_a-exit.o) (_global_impure_ptr)
c:/st/stm32cubeide_1.8.0/stm32cubeide/plugins/com.st.stm32cube.ide.mcu.externaltools.gnu-tools-for-stm32.9-2020-q2-update.win32_2.0.0.202105311346/tools/bin/../lib/gcc/arm-none-eabi/9.3.1/../../../../arm-none-eabi/lib/thumb/v7e-m+fp/hard\libc_nano.a(lib_a-init.o)
                              c:/st/stm32cubeide_1.8.0/stm32cubeide/plugins/com.st.stm32cube.ide.mcu.externaltools.gnu-tools-for-stm32.9-2020-q2-update.win32_2.0.0.202105311346/tools/bin/../lib/gcc/arm-none-eabi/9.3.1/../../../../arm-none-eabi/lib/thumb/v7e-m+fp/hard/crt0.o (__libc_init_array)
c:/st/stm32cubeide_1.8.0/stm32cubeide/plugins/com.st.stm32cube.ide.mcu.externaltools.gnu-tools-for-stm32.9-2020-q2-update.win32_2.0.0.202105311346/tools/bin/../lib/gcc/arm-none-eabi/9.3.1/../../../../arm-none-eabi/lib/thumb/v7e-m+fp/hard\libc_nano.a(lib_a-memset.o)
                              c:/st/stm32cubeide_1.8.0/stm32cubeide/plugins/com.st.stm32cube.ide.mcu.externaltools.gnu-tools-for-stm32.9-2020-q2-update.win32_2.0.0.202105311346/tools/bin/../lib/gcc/arm-none-eabi/9.3.1/../../../../arm-none-eabi/lib/thumb/v7e-m+fp/hard/crt0.o (memset)
c:/st/stm32cubeide_1.8.0/stm32cubeide/plugins/com.st.stm32cube.ide.mcu.externaltools.gnu-tools-for-stm32.9-2020-q2-update.win32_2.0.0.202105311346/tools/bin/../lib/gcc/arm-none-eabi/9.3.1/thumb/v7e-m+fp/hard\libgcc.a(_aeabi_uldivmod.o)
                              ./Drivers/STM32F4xx_HAL_Driver/Src/stm32f4xx_hal_rcc.o (__aeabi_uldivmod)
c:/st/stm32cubeide_1.8.0/stm32cubeide/plugins/com.st.stm32cube.ide.mcu.externaltools.gnu-tools-for-stm32.9-2020-q2-update.win32_2.0.0.202105311346/tools/bin/../lib/gcc/arm-none-eabi/9.3.1/thumb/v7e-m+fp/hard\libgcc.a(_udivmoddi4.o)
                              c:/st/stm32cubeide_1.8.0/stm32cubeide/plugins/com.st.stm32cube.ide.mcu.externaltools.gnu-tools-for-stm32.9-2020-q2-update.win32_2.0.0.202105311346/tools/bin/../lib/gcc/arm-none-eabi/9.3.1/thumb/v7e-m+fp/hard\libgcc.a(_aeabi_uldivmod.o) (__udivmoddi4)
c:/st/stm32cubeide_1.8.0/stm32cubeide/plugins/com.st.stm32cube.ide.mcu.externaltools.gnu-tools-for-stm32.9-2020-q2-update.win32_2.0.0.202105311346/tools/bin/../lib/gcc/arm-none-eabi/9.3.1/thumb/v7e-m+fp/hard\libgcc.a(_dvmd_tls.o)
                              c:/st/stm32cubeide_1.8.0/stm32cubeide/plugins/com.st.stm32cube.ide.mcu.externaltools.gnu-tools-for-stm32.9-2020-q2-update.win32_2.0.0.202105311346/tools/bin/../lib/gcc/arm-none-eabi/9.3.1/thumb/v7e-m+fp/hard\libgcc.a(_aeabi_uldivmod.o) (__aeabi_ldiv0)

Allocating common symbols
Common symbol       size              file

hUsbDeviceFS        0x2d0             ./USB_DEVICE/App/usb_device.o
hpcd_USB_OTG_FS     0x408             ./USB_DEVICE/Target/usbd_conf.o
uwTick              0x4               ./Drivers/STM32F4xx_HAL_Driver/Src/stm32f4xx_hal.o
pFlash              0x20              ./Drivers/STM32F4xx_HAL_Driver/Src/stm32f4xx_hal_flash.o
huart1              0x44              ./Core/Src/main.o
USBD_StrDesc        0x200             ./USB_DEVICE/App/usbd_desc.o

Discarded input sections

 .text          0x0000000000000000        0x0 c:/st/stm32cubeide_1.8.0/stm32cubeide/plugins/com.st.stm32cube.ide.mcu.externaltools.gnu-tools-for-stm32.9-2020-q2-update.win32_2.0.0.202105311346/tools/bin/../lib/gcc/arm-none-eabi/9.3.1/thumb/v7e-m+fp/hard/crti.o
[...]
Memory Configuration

Name             Origin             Length             Attributes
RAM              0x0000000020000000 0x0000000000020000 xrw
FLASH            0x0000000008000000 0x0000000000080000 xr
*default*        0x0000000000000000 0xffffffffffffffff

Linker script and memory map

LOAD c:/st/stm32cubeide_1.8.0/stm32cubeide/plugins/com.st.stm32cube.ide.mcu.externaltools.gnu-tools-for-stm32.9-2020-q2-update.win32_2.0.0.202105311346/tools/bin/../lib/gcc/arm-none-eabi/9.3.1/thumb/v7e-m+fp/hard/crti.o
LOAD c:/st/stm32cubeide_1.8.0/stm32cubeide/plugins/com.st.stm32cube.ide.mcu.externaltools.gnu-tools-for-stm32.9-2020-q2-update.win32_2.0.0.202105311346/tools/bin/../lib/gcc/arm-none-eabi/9.3.1/thumb/v7e-m+fp/hard/crtbegin.o
LOAD c:/st/stm32cubeide_1.8.0/stm32cubeide/plugins/com.st.stm32cube.ide.mcu.externaltools.gnu-tools-for-stm32.9-2020-q2-update.win32_2.0.0.202105311346/tools/bin/../lib/gcc/arm-none-eabi/9.3.1/../../../../arm-none-eabi/lib/thumb/v7e-m+fp/hard/crt0.o
LOAD ./Core/Src/COMMS.o
LOAD ./Core/Src/main.o
LOAD ./Core/Src/stm32f4xx_hal_msp.o
LOAD ./Core/Src/stm32f4xx_it.o
LOAD ./Core/Src/syscalls.o
LOAD ./Core/Src/sysmem.o
LOAD ./Core/Src/system_stm32f4xx.o
LOAD ./Core/Startup/startup_stm32f411ceux.o
LOAD ./Drivers/STM32F4xx_HAL_Driver/Src/stm32f4xx_hal.o
LOAD ./Drivers/STM32F4xx_HAL_Driver/Src/stm32f4xx_hal_cortex.o
LOAD ./Drivers/STM32F4xx_HAL_Driver/Src/stm32f4xx_hal_dma.o
LOAD ./Drivers/STM32F4xx_HAL_Driver/Src/stm32f4xx_hal_dma_ex.o
LOAD ./Drivers/STM32F4xx_HAL_Driver/Src/stm32f4xx_hal_exti.o
LOAD ./Drivers/STM32F4xx_HAL_Driver/Src/stm32f4xx_hal_flash.o
LOAD ./Drivers/STM32F4xx_HAL_Driver/Src/stm32f4xx_hal_flash_ex.o
LOAD ./Drivers/STM32F4xx_HAL_Driver/Src/stm32f4xx_hal_flash_ramfunc.o
LOAD ./Drivers/STM32F4xx_HAL_Driver/Src/stm32f4xx_hal_gpio.o
LOAD ./Drivers/STM32F4xx_HAL_Driver/Src/stm32f4xx_hal_pcd.o
LOAD ./Drivers/STM32F4xx_HAL_Driver/Src/stm32f4xx_hal_pcd_ex.o
LOAD ./Drivers/STM32F4xx_HAL_Driver/Src/stm32f4xx_hal_pwr.o
LOAD ./Drivers/STM32F4xx_HAL_Driver/Src/stm32f4xx_hal_pwr_ex.o
LOAD ./Drivers/STM32F4xx_HAL_Driver/Src/stm32f4xx_hal_rcc.o
LOAD ./Drivers/STM32F4xx_HAL_Driver/Src/stm32f4xx_hal_rcc_ex.o
LOAD ./Drivers/STM32F4xx_HAL_Driver/Src/stm32f4xx_hal_tim.o
LOAD ./Drivers/STM32F4xx_HAL_Driver/Src/stm32f4xx_hal_tim_ex.o
LOAD ./Drivers/STM32F4xx_HAL_Driver/Src/stm32f4xx_hal_uart.o
LOAD ./Drivers/STM32F4xx_HAL_Driver/Src/stm32f4xx_ll_usb.o
LOAD ./Middlewares/ST/STM32_USB_Device_Library/Class/HID/Src/usbd_hid.o
LOAD ./Middlewares/ST/STM32_USB_Device_Library/Core/Src/usbd_core.o
LOAD ./Middlewares/ST/STM32_USB_Device_Library/Core/Src/usbd_ctlreq.o
LOAD ./Middlewares/ST/STM32_USB_Device_Library/Core/Src/usbd_ioreq.o
LOAD ./USB_DEVICE/App/usb_device.o
LOAD ./USB_DEVICE/App/usbd_desc.o
LOAD ./USB_DEVICE/Target/usbd_conf.o
START GROUP
LOAD c:/st/stm32cubeide_1.8.0/stm32cubeide/plugins/com.st.stm32cube.ide.mcu.externaltools.gnu-tools-for-stm32.9-2020-q2-update.win32_2.0.0.202105311346/tools/bin/../lib/gcc/arm-none-eabi/9.3.1/../../../../arm-none-eabi/lib/thumb/v7e-m+fp/hard\libstdc++_nano.a
LOAD c:/st/stm32cubeide_1.8.0/stm32cubeide/plugins/com.st.stm32cube.ide.mcu.externaltools.gnu-tools-for-stm32.9-2020-q2-update.win32_2.0.0.202105311346/tools/bin/../lib/gcc/arm-none-eabi/9.3.1/../../../../arm-none-eabi/lib/thumb/v7e-m+fp/hard\libsupc++_nano.a
END GROUP
LOAD c:/st/stm32cubeide_1.8.0/stm32cubeide/plugins/com.st.stm32cube.ide.mcu.externaltools.gnu-tools-for-stm32.9-2020-q2-update.win32_2.0.0.202105311346/tools/bin/../lib/gcc/arm-none-eabi/9.3.1/../../../../arm-none-eabi/lib/thumb/v7e-m+fp/hard\libstdc++_nano.a
LOAD c:/st/stm32cubeide_1.8.0/stm32cubeide/plugins/com.st.stm32cube.ide.mcu.externaltools.gnu-tools-for-stm32.9-2020-q2-update.win32_2.0.0.202105311346/tools/bin/../lib/gcc/arm-none-eabi/9.3.1/../../../../arm-none-eabi/lib/thumb/v7e-m+fp/hard\libm.a
LOAD c:/st/stm32cubeide_1.8.0/stm32cubeide/plugins/com.st.stm32cube.ide.mcu.externaltools.gnu-tools-for-stm32.9-2020-q2-update.win32_2.0.0.202105311346/tools/bin/../lib/gcc/arm-none-eabi/9.3.1/../../../../arm-none-eabi/lib/thumb/v7e-m+fp/hard\libc_nano.a
START GROUP
LOAD c:/st/stm32cubeide_1.8.0/stm32cubeide/plugins/com.st.stm32cube.ide.mcu.externaltools.gnu-tools-for-stm32.9-2020-q2-update.win32_2.0.0.202105311346/tools/bin/../lib/gcc/arm-none-eabi/9.3.1/thumb/v7e-m+fp/hard\libgcc.a
LOAD c:/st/stm32cubeide_1.8.0/stm32cubeide/plugins/com.st.stm32cube.ide.mcu.externaltools.gnu-tools-for-stm32.9-2020-q2-update.win32_2.0.0.202105311346/tools/bin/../lib/gcc/arm-none-eabi/9.3.1/../../../../arm-none-eabi/lib/thumb/v7e-m+fp/hard\libc_nano.a
END GROUP
START GROUP
LOAD c:/st/stm32cubeide_1.8.0/stm32cubeide/plugins/com.st.stm32cube.ide.mcu.externaltools.gnu-tools-for-stm32.9-2020-q2-update.win32_2.0.0.202105311346/tools/bin/../lib/gcc/arm-none-eabi/9.3.1/thumb/v7e-m+fp/hard\libgcc.a
LOAD c:/st/stm32cubeide_1.8.0/stm32cubeide/plugins/com.st.stm32cube.ide.mcu.externaltools.gnu-tools-for-stm32.9-2020-q2-update.win32_2.0.0.202105311346/tools/bin/../lib/gcc/arm-none-eabi/9.3.1/../../../../arm-none-eabi/lib/thumb/v7e-m+fp/hard\libc_nano.a
END GROUP
LOAD c:/st/stm32cubeide_1.8.0/stm32cubeide/plugins/com.st.stm32cube.ide.mcu.externaltools.gnu-tools-for-stm32.9-2020-q2-update.win32_2.0.0.202105311346/tools/bin/../lib/gcc/arm-none-eabi/9.3.1/thumb/v7e-m+fp/hard/crtend.o
LOAD c:/st/stm32cubeide_1.8.0/stm32cubeide/plugins/com.st.stm32cube.ide.mcu.externaltools.gnu-tools-for-stm32.9-2020-q2-update.win32_2.0.0.202105311346/tools/bin/../lib/gcc/arm-none-eabi/9.3.1/thumb/v7e-m+fp/hard/crtn.o
                0x0000000020020000                _estack = (ORIGIN (RAM) + LENGTH (RAM))
                0x0000000000000200                _Min_Heap_Size = 0x200
                0x0000000000000400                _Min_Stack_Size = 0x400

.isr_vector     0x0000000008000000      0x198
                0x0000000008000000                . = ALIGN (0x4)
 *(.isr_vector)
 .isr_vector    0x0000000008000000      0x198 ./Core/Startup/startup_stm32f411ceux.o
                0x0000000008000000                g_pfnVectors
                0x0000000008000198                . = ALIGN (0x4)

.text           0x0000000008000198     0x6808
                0x0000000008000198                . = ALIGN (0x4)
 *(.text)
 .text          0x0000000008000198       0x40 c:/st/stm32cubeide_1.8.0/stm32cubeide/plugins/com.st.stm32cube.ide.mcu.externaltools.gnu-tools-for-stm32.9-2020-q2-update.win32_2.0.0.202105311346/tools/bin/../lib/gcc/arm-none-eabi/9.3.1/thumb/v7e-m+fp/hard/crtbegin.o
 .text          0x00000000080001d8       0x30 c:/st/stm32cubeide_1.8.0/stm32cubeide/plugins/com.st.stm32cube.ide.mcu.externaltools.gnu-tools-for-stm32.9-2020-q2-update.win32_2.0.0.202105311346/tools/bin/../lib/gcc/arm-none-eabi/9.3.1/thumb/v7e-m+fp/hard\libgcc.a(_aeabi_uldivmod.o)
                0x00000000080001d8                __aeabi_uldivmod
 .text          0x0000000008000208      0x2c4 c:/st/stm32cubeide_1.8.0/stm32cubeide/plugins/com.st.stm32cube.ide.mcu.externaltools.gnu-tools-for-stm32.9-2020-q2-update.win32_2.0.0.202105311346/tools/bin/../lib/gcc/arm-none-eabi/9.3.1/thumb/v7e-m+fp/hard\libgcc.a(_udivmoddi4.o)
                0x0000000008000208                __udivmoddi4
 .text          0x00000000080004cc        0x4 c:/st/stm32cubeide_1.8.0/stm32cubeide/plugins/com.st.stm32cube.ide.mcu.externaltools.gnu-tools-for-stm32.9-2020-q2-update.win32_2.0.0.202105311346/tools/bin/../lib/gcc/arm-none-eabi/9.3.1/thumb/v7e-m+fp/hard\libgcc.a(_dvmd_tls.o)
                0x00000000080004cc                __aeabi_idiv0
                0x00000000080004cc                __aeabi_ldiv0
 *(.text*)
 .text.ReceiveCommand
                0x00000000080004d0       0x4e ./Core/Src/COMMS.o
                0x00000000080004d0                ReceiveCommand
 .text.SendPollResponse
                0x000000000800051e       0x26 ./Core/Src/COMMS.o
                0x000000000800051e                SendPollResponse
 .text.SendOrigin
                0x0000000008000544       0x50 ./Core/Src/COMMS.o
                0x0000000008000544                SendOrigin
 .text.SendInputs
                0x0000000008000594       0xbc ./Core/Src/COMMS.o
                0x0000000008000594                SendInputs
 .text.SendByte
                0x0000000008000650       0x80 ./Core/Src/COMMS.o
                0x0000000008000650                SendByte
 .text.ReceiveByte
                0x00000000080006d0       0x82 ./Core/Src/COMMS.o
                0x00000000080006d0                ReceiveByte
 .text.ReceiveRumbleByte
                0x0000000008000752       0x2a ./Core/Src/COMMS.o
                0x0000000008000752                ReceiveRumbleByte
 .text.SendPair
                0x000000000800077c       0x30 ./Core/Src/COMMS.o
                0x000000000800077c                SendPair
 .text.ReceivePair
                0x00000000080007ac       0x28 ./Core/Src/COMMS.o
                0x00000000080007ac                ReceivePair
 .text.Byte2GC  0x00000000080007d4       0x44 ./Core/Src/COMMS.o
                0x00000000080007d4                Byte2GC
 .text.GC2Byte  0x0000000008000818       0x58 ./Core/Src/COMMS.o
                0x0000000008000818                GC2Byte
 .text.SendStopBit
                0x0000000008000870        0xe ./Core/Src/COMMS.o
                0x0000000008000870                SendStopBit
 *fill*         0x000000000800087e        0x2 
 .text.FlushReceiveBuffer
                0x0000000008000880       0x3c ./Core/Src/COMMS.o
                0x0000000008000880                FlushReceiveBuffer
 .text.SetBaudSend
                0x00000000080008bc       0x18 ./Core/Src/COMMS.o
                0x00000000080008bc                SetBaudSend
 .text.SetBaudReceive
                0x00000000080008d4       0x24 ./Core/Src/COMMS.o
                0x00000000080008d4                SetBaudReceive
 .text.SetRumble
                0x00000000080008f8       0x16 ./Core/Src/COMMS.o
                0x00000000080008f8                SetRumble
 .text.main     0x000000000800090e       0x1a ./Core/Src/main.o
                0x000000000800090e                main
 .text.SystemClock_Config
                0x0000000008000928       0xd0 ./Core/Src/main.o
                0x0000000008000928                SystemClock_Config
 .text.MX_USART1_UART_Init
                0x00000000080009f8       0x58 ./Core/Src/main.o
 .text.MX_GPIO_Init
                0x0000000008000a50      0x14c ./Core/Src/main.o
 .text.HAL_GPIO_EXTI_Callback
                0x0000000008000b9c       0x16 ./Core/Src/main.o
                0x0000000008000b9c                HAL_GPIO_EXTI_Callback
 .text.Error_Handler
                0x0000000008000bb2        0xa ./Core/Src/main.o
                0x0000000008000bb2                Error_Handler
 .text.HAL_MspInit
                0x0000000008000bbc       0x50 ./Core/Src/stm32f4xx_hal_msp.o
                0x0000000008000bbc                HAL_MspInit
 .text.HAL_UART_MspInit
                0x0000000008000c0c       0x90 ./Core/Src/stm32f4xx_hal_msp.o
                0x0000000008000c0c                HAL_UART_MspInit
 .text.NMI_Handler
                0x0000000008000c9c        0x6 ./Core/Src/stm32f4xx_it.o
                0x0000000008000c9c                NMI_Handler
 .text.HardFault_Handler
                0x0000000008000ca2        0x6 ./Core/Src/stm32f4xx_it.o
                0x0000000008000ca2                HardFault_Handler
 .text.MemManage_Handler
                0x0000000008000ca8        0x6 ./Core/Src/stm32f4xx_it.o
                0x0000000008000ca8                MemManage_Handler
 .text.BusFault_Handler
                0x0000000008000cae        0x6 ./Core/Src/stm32f4xx_it.o
                0x0000000008000cae                BusFault_Handler
 .text.UsageFault_Handler
                0x0000000008000cb4        0x6 ./Core/Src/stm32f4xx_it.o
                0x0000000008000cb4                UsageFault_Handler
 .text.SVC_Handler
                0x0000000008000cba        0xe ./Core/Src/stm32f4xx_it.o
                0x0000000008000cba                SVC_Handler
 .text.DebugMon_Handler
                0x0000000008000cc8        0xe ./Core/Src/stm32f4xx_it.o
                0x0000000008000cc8                DebugMon_Handler
 .text.PendSV_Handler
                0x0000000008000cd6        0xe ./Core/Src/stm32f4xx_it.o
                0x0000000008000cd6                PendSV_Handler
 .text.SysTick_Handler
                0x0000000008000ce4        0xc ./Core/Src/stm32f4xx_it.o
                0x0000000008000ce4                SysTick_Handler
 .text.EXTI3_IRQHandler
                0x0000000008000cf0        0xe ./Core/Src/stm32f4xx_it.o
                0x0000000008000cf0                EXTI3_IRQHandler
 *fill*         0x0000000008000cfe        0x2 
 .text.OTG_FS_IRQHandler
                0x0000000008000d00       0x14 ./Core/Src/stm32f4xx_it.o
                0x0000000008000d00                OTG_FS_IRQHandler
 .text.SystemInit
                0x0000000008000d14       0x24 ./Core/Src/system_stm32f4xx.o
                0x0000000008000d14                SystemInit
 .text.Reset_Handler
                0x0000000008000d38       0x50 ./Core/Startup/startup_stm32f411ceux.o
                0x0000000008000d38                Reset_Handler
 .text.Default_Handler
                0x0000000008000d88        0x2 ./Core/Startup/startup_stm32f411ceux.o
                0x0000000008000d88                RTC_Alarm_IRQHandler
                0x0000000008000d88                EXTI2_IRQHandler
                0x0000000008000d88                SPI4_IRQHandler
                0x0000000008000d88                TIM1_CC_IRQHandler
                0x0000000008000d88                DMA2_Stream5_IRQHandler
                0x0000000008000d88                DMA1_Stream5_IRQHandler
                0x0000000008000d88                PVD_IRQHandler
                0x0000000008000d88                SDIO_IRQHandler
                0x0000000008000d88                TAMP_STAMP_IRQHandler
                0x0000000008000d88                TIM1_UP_TIM10_IRQHandler
                0x0000000008000d88                I2C3_ER_IRQHandler
                0x0000000008000d88                EXTI0_IRQHandler
                0x0000000008000d88                I2C2_EV_IRQHandler
                0x0000000008000d88                DMA1_Stream2_IRQHandler
                0x0000000008000d88                FPU_IRQHandler
                0x0000000008000d88                DMA2_Stream2_IRQHandler
                0x0000000008000d88                SPI1_IRQHandler
                0x0000000008000d88                TIM1_BRK_TIM9_IRQHandler
                0x0000000008000d88                DMA2_Stream3_IRQHandler
                0x0000000008000d88                USART6_IRQHandler
                0x0000000008000d88                DMA2_Stream0_IRQHandler
                0x0000000008000d88                TIM4_IRQHandler
                0x0000000008000d88                I2C1_EV_IRQHandler
                0x0000000008000d88                DMA1_Stream6_IRQHandler
                0x0000000008000d88                DMA1_Stream1_IRQHandler
                0x0000000008000d88                TIM3_IRQHandler
                0x0000000008000d88                RCC_IRQHandler
                0x0000000008000d88                Default_Handler
                0x0000000008000d88                EXTI15_10_IRQHandler
                0x0000000008000d88                ADC_IRQHandler
                0x0000000008000d88                DMA1_Stream7_IRQHandler
                0x0000000008000d88                SPI5_IRQHandler
                0x0000000008000d88                TIM5_IRQHandler
                0x0000000008000d88                DMA2_Stream7_IRQHandler
                0x0000000008000d88                I2C3_EV_IRQHandler
                0x0000000008000d88                EXTI9_5_IRQHandler
                0x0000000008000d88                RTC_WKUP_IRQHandler
                0x0000000008000d88                SPI2_IRQHandler
                0x0000000008000d88                DMA1_Stream0_IRQHandler
                0x0000000008000d88                EXTI4_IRQHandler
                0x0000000008000d88                WWDG_IRQHandler
                0x0000000008000d88                TIM2_IRQHandler
                0x0000000008000d88                OTG_FS_WKUP_IRQHandler
                0x0000000008000d88                TIM1_TRG_COM_TIM11_IRQHandler
                0x0000000008000d88                EXTI1_IRQHandler
                0x0000000008000d88                USART2_IRQHandler
                0x0000000008000d88                I2C2_ER_IRQHandler
                0x0000000008000d88                DMA2_Stream1_IRQHandler
                0x0000000008000d88                FLASH_IRQHandler
                0x0000000008000d88                DMA2_Stream4_IRQHandler
                0x0000000008000d88                USART1_IRQHandler
                0x0000000008000d88                SPI3_IRQHandler
                0x0000000008000d88                DMA1_Stream4_IRQHandler
                0x0000000008000d88                I2C1_ER_IRQHandler
                0x0000000008000d88                DMA2_Stream6_IRQHandler
                0x0000000008000d88                DMA1_Stream3_IRQHandler
 *fill*         0x0000000008000d8a        0x2 
 .text.HAL_Init
                0x0000000008000d8c       0x44 ./Drivers/STM32F4xx_HAL_Driver/Src/stm32f4xx_hal.o
                0x0000000008000d8c                HAL_Init
 .text.HAL_InitTick
                0x0000000008000dd0       0x60 ./Drivers/STM32F4xx_HAL_Driver/Src/stm32f4xx_hal.o
                0x0000000008000dd0                HAL_InitTick
 .text.HAL_IncTick
                0x0000000008000e30       0x28 ./Drivers/STM32F4xx_HAL_Driver/Src/stm32f4xx_hal.o
                0x0000000008000e30                HAL_IncTick
 .text.HAL_GetTick
                0x0000000008000e58       0x18 ./Drivers/STM32F4xx_HAL_Driver/Src/stm32f4xx_hal.o
                0x0000000008000e58                HAL_GetTick
 .text.HAL_Delay
                0x0000000008000e70       0x48 ./Drivers/STM32F4xx_HAL_Driver/Src/stm32f4xx_hal.o
                0x0000000008000e70                HAL_Delay
 .text.__NVIC_SetPriorityGrouping
                0x0000000008000eb8       0x48 ./Drivers/STM32F4xx_HAL_Driver/Src/stm32f4xx_hal_cortex.o
 .text.__NVIC_GetPriorityGrouping
                0x0000000008000f00       0x1c ./Drivers/STM32F4xx_HAL_Driver/Src/stm32f4xx_hal_cortex.o
 .text.__NVIC_EnableIRQ
                0x0000000008000f1c       0x3c ./Drivers/STM32F4xx_HAL_Driver/Src/stm32f4xx_hal_cortex.o
 .text.__NVIC_SetPriority
                0x0000000008000f58       0x54 ./Drivers/STM32F4xx_HAL_Driver/Src/stm32f4xx_hal_cortex.o
 .text.NVIC_EncodePriority
                0x0000000008000fac       0x66 ./Drivers/STM32F4xx_HAL_Driver/Src/stm32f4xx_hal_cortex.o
 *fill*         0x0000000008001012        0x2 
 .text.SysTick_Config
                0x0000000008001014       0x44 ./Drivers/STM32F4xx_HAL_Driver/Src/stm32f4xx_hal_cortex.o
 .text.HAL_NVIC_SetPriorityGrouping
                0x0000000008001058       0x16 ./Drivers/STM32F4xx_HAL_Driver/Src/stm32f4xx_hal_cortex.o
                0x0000000008001058                HAL_NVIC_SetPriorityGrouping
 .text.HAL_NVIC_SetPriority
                0x000000000800106e       0x38 ./Drivers/STM32F4xx_HAL_Driver/Src/stm32f4xx_hal_cortex.o
                0x000000000800106e                HAL_NVIC_SetPriority
 .text.HAL_NVIC_EnableIRQ
                0x00000000080010a6       0x1c ./Drivers/STM32F4xx_HAL_Driver/Src/stm32f4xx_hal_cortex.o
                0x00000000080010a6                HAL_NVIC_EnableIRQ
 .text.HAL_SYSTICK_Config
                0x00000000080010c2       0x18 ./Drivers/STM32F4xx_HAL_Driver/Src/stm32f4xx_hal_cortex.o
                0x00000000080010c2                HAL_SYSTICK_Config
 *fill*         0x00000000080010da        0x2 
 .text.HAL_GPIO_Init
                0x00000000080010dc      0x308 ./Drivers/STM32F4xx_HAL_Driver/Src/stm32f4xx_hal_gpio.o
                0x00000000080010dc                HAL_GPIO_Init
 .text.HAL_GPIO_WritePin
                0x00000000080013e4       0x32 ./Drivers/STM32F4xx_HAL_Driver/Src/stm32f4xx_hal_gpio.o
                0x00000000080013e4                HAL_GPIO_WritePin
 *fill*         0x0000000008001416        0x2 
 .text.HAL_GPIO_EXTI_IRQHandler
                0x0000000008001418       0x30 ./Drivers/STM32F4xx_HAL_Driver/Src/stm32f4xx_hal_gpio.o
                0x0000000008001418                HAL_GPIO_EXTI_IRQHandler
 .text.HAL_PCD_Init
                0x0000000008001448      0x23a ./Drivers/STM32F4xx_HAL_Driver/Src/stm32f4xx_hal_pcd.o
                0x0000000008001448                HAL_PCD_Init
 .text.HAL_PCD_Start
                0x0000000008001682       0x66 ./Drivers/STM32F4xx_HAL_Driver/Src/stm32f4xx_hal_pcd.o
                0x0000000008001682                HAL_PCD_Start
 .text.HAL_PCD_IRQHandler
                0x00000000080016e8      0x764 ./Drivers/STM32F4xx_HAL_Driver/Src/stm32f4xx_hal_pcd.o
                0x00000000080016e8                HAL_PCD_IRQHandler
 .text.HAL_PCD_SetAddress
                0x0000000008001e4c       0x4a ./Drivers/STM32F4xx_HAL_Driver/Src/stm32f4xx_hal_pcd.o
                0x0000000008001e4c                HAL_PCD_SetAddress
 .text.HAL_PCD_EP_Open
                0x0000000008001e96       0xd0 ./Drivers/STM32F4xx_HAL_Driver/Src/stm32f4xx_hal_pcd.o
                0x0000000008001e96                HAL_PCD_EP_Open
 .text.HAL_PCD_EP_Close
                0x0000000008001f66       0x94 ./Drivers/STM32F4xx_HAL_Driver/Src/stm32f4xx_hal_pcd.o
                0x0000000008001f66                HAL_PCD_EP_Close
 .text.HAL_PCD_EP_Receive
                0x0000000008001ffa       0x96 ./Drivers/STM32F4xx_HAL_Driver/Src/stm32f4xx_hal_pcd.o
                0x0000000008001ffa                HAL_PCD_EP_Receive
 .text.HAL_PCD_EP_Transmit
                0x0000000008002090       0x94 ./Drivers/STM32F4xx_HAL_Driver/Src/stm32f4xx_hal_pcd.o
                0x0000000008002090                HAL_PCD_EP_Transmit
 .text.HAL_PCD_EP_SetStall
                0x0000000008002124       0xc8 ./Drivers/STM32F4xx_HAL_Driver/Src/stm32f4xx_hal_pcd.o
                0x0000000008002124                HAL_PCD_EP_SetStall
 .text.HAL_PCD_EP_ClrStall
                0x00000000080021ec       0xac ./Drivers/STM32F4xx_HAL_Driver/Src/stm32f4xx_hal_pcd.o
                0x00000000080021ec                HAL_PCD_EP_ClrStall
 .text.PCD_WriteEmptyTxFifo
                0x0000000008002298      0x11a ./Drivers/STM32F4xx_HAL_Driver/Src/stm32f4xx_hal_pcd.o
 *fill*         0x00000000080023b2        0x2 
 .text.PCD_EP_OutXfrComplete_int
                0x00000000080023b4      0x218 ./Drivers/STM32F4xx_HAL_Driver/Src/stm32f4xx_hal_pcd.o
 .text.PCD_EP_OutSetupPacket_int
                0x00000000080025cc       0x8c ./Drivers/STM32F4xx_HAL_Driver/Src/stm32f4xx_hal_pcd.o
 .text.HAL_PCDEx_SetTxFiFo
                0x0000000008002658       0x8e ./Drivers/STM32F4xx_HAL_Driver/Src/stm32f4xx_hal_pcd_ex.o
                0x0000000008002658                HAL_PCDEx_SetTxFiFo
 .text.HAL_PCDEx_SetRxFiFo
                0x00000000080026e6       0x22 ./Drivers/STM32F4xx_HAL_Driver/Src/stm32f4xx_hal_pcd_ex.o
                0x00000000080026e6                HAL_PCDEx_SetRxFiFo
 .text.HAL_PCDEx_LPM_Callback
                0x0000000008002708       0x18 ./Drivers/STM32F4xx_HAL_Driver/Src/stm32f4xx_hal_pcd_ex.o
                0x0000000008002708                HAL_PCDEx_LPM_Callback
 .text.HAL_RCC_OscConfig
                0x0000000008002720      0x4f0 ./Drivers/STM32F4xx_HAL_Driver/Src/stm32f4xx_hal_rcc.o
                0x0000000008002720                HAL_RCC_OscConfig
 .text.HAL_RCC_ClockConfig
                0x0000000008002c10      0x1cc ./Drivers/STM32F4xx_HAL_Driver/Src/stm32f4xx_hal_rcc.o
                0x0000000008002c10                HAL_RCC_ClockConfig
 .text.HAL_RCC_GetSysClockFreq
                0x0000000008002ddc      0x16c ./Drivers/STM32F4xx_HAL_Driver/Src/stm32f4xx_hal_rcc.o
                0x0000000008002ddc                HAL_RCC_GetSysClockFreq
 .text.HAL_RCC_GetHCLKFreq
                0x0000000008002f48       0x18 ./Drivers/STM32F4xx_HAL_Driver/Src/stm32f4xx_hal_rcc.o
                0x0000000008002f48                HAL_RCC_GetHCLKFreq
 .text.HAL_RCC_GetPCLK1Freq
                0x0000000008002f60       0x28 ./Drivers/STM32F4xx_HAL_Driver/Src/stm32f4xx_hal_rcc.o
                0x0000000008002f60                HAL_RCC_GetPCLK1Freq
 .text.HAL_RCC_GetPCLK2Freq
                0x0000000008002f88       0x28 ./Drivers/STM32F4xx_HAL_Driver/Src/stm32f4xx_hal_rcc.o
                0x0000000008002f88                HAL_RCC_GetPCLK2Freq
 .text.HAL_HalfDuplex_Init
                0x0000000008002fb0       0xaa ./Drivers/STM32F4xx_HAL_Driver/Src/stm32f4xx_hal_uart.o
                0x0000000008002fb0                HAL_HalfDuplex_Init
 *fill*         0x000000000800305a        0x2 
 .text.UART_SetConfig
                0x000000000800305c      0x390 ./Drivers/STM32F4xx_HAL_Driver/Src/stm32f4xx_hal_uart.o
 .text.USB_CoreInit
                0x00000000080033ec       0xc2 ./Drivers/STM32F4xx_HAL_Driver/Src/stm32f4xx_ll_usb.o
                0x00000000080033ec                USB_CoreInit
 *fill*         0x00000000080034ae        0x2 
 .text.USB_SetTurnaroundTime
                0x00000000080034b0      0x144 ./Drivers/STM32F4xx_HAL_Driver/Src/stm32f4xx_ll_usb.o
                0x00000000080034b0                USB_SetTurnaroundTime
 .text.USB_EnableGlobalInt
                0x00000000080035f4       0x22 ./Drivers/STM32F4xx_HAL_Driver/Src/stm32f4xx_ll_usb.o
                0x00000000080035f4                USB_EnableGlobalInt
 .text.USB_DisableGlobalInt
                0x0000000008003616       0x22 ./Drivers/STM32F4xx_HAL_Driver/Src/stm32f4xx_ll_usb.o
                0x0000000008003616                USB_DisableGlobalInt
 .text.USB_SetCurrentMode
                0x0000000008003638       0x98 ./Drivers/STM32F4xx_HAL_Driver/Src/stm32f4xx_ll_usb.o
                0x0000000008003638                USB_SetCurrentMode
 .text.USB_DevInit
                0x00000000080036d0      0x2c8 ./Drivers/STM32F4xx_HAL_Driver/Src/stm32f4xx_ll_usb.o
                0x00000000080036d0                USB_DevInit
 .text.USB_FlushTxFifo
                0x0000000008003998       0x48 ./Drivers/STM32F4xx_HAL_Driver/Src/stm32f4xx_ll_usb.o
                0x0000000008003998                USB_FlushTxFifo
 .text.USB_FlushRxFifo
                0x00000000080039e0       0x40 ./Drivers/STM32F4xx_HAL_Driver/Src/stm32f4xx_ll_usb.o
                0x00000000080039e0                USB_FlushRxFifo
 .text.USB_SetDevSpeed
                0x0000000008003a20       0x32 ./Drivers/STM32F4xx_HAL_Driver/Src/stm32f4xx_ll_usb.o
                0x0000000008003a20                USB_SetDevSpeed
 .text.USB_GetDevSpeed
                0x0000000008003a52       0x4a ./Drivers/STM32F4xx_HAL_Driver/Src/stm32f4xx_ll_usb.o
                0x0000000008003a52                USB_GetDevSpeed
 .text.USB_ActivateEndpoint
                0x0000000008003a9c      0x10e ./Drivers/STM32F4xx_HAL_Driver/Src/stm32f4xx_ll_usb.o
                0x0000000008003a9c                USB_ActivateEndpoint
 *fill*         0x0000000008003baa        0x2 
 .text.USB_DeactivateEndpoint
                0x0000000008003bac      0x1b8 ./Drivers/STM32F4xx_HAL_Driver/Src/stm32f4xx_ll_usb.o
                0x0000000008003bac                USB_DeactivateEndpoint
 .text.USB_EPStartXfer
                0x0000000008003d64      0x488 ./Drivers/STM32F4xx_HAL_Driver/Src/stm32f4xx_ll_usb.o
                0x0000000008003d64                USB_EPStartXfer
 .text.USB_EP0StartXfer
                0x00000000080041ec      0x2a6 ./Drivers/STM32F4xx_HAL_Driver/Src/stm32f4xx_ll_usb.o
                0x00000000080041ec                USB_EP0StartXfer
 .text.USB_WritePacket
                0x0000000008004492       0x7c ./Drivers/STM32F4xx_HAL_Driver/Src/stm32f4xx_ll_usb.o
                0x0000000008004492                USB_WritePacket
 .text.USB_ReadPacket
                0x000000000800450e       0xb0 ./Drivers/STM32F4xx_HAL_Driver/Src/stm32f4xx_ll_usb.o
                0x000000000800450e                USB_ReadPacket
 .text.USB_EPSetStall
                0x00000000080045be       0xdc ./Drivers/STM32F4xx_HAL_Driver/Src/stm32f4xx_ll_usb.o
                0x00000000080045be                USB_EPSetStall
 .text.USB_EPClearStall
                0x000000000800469a       0xcc ./Drivers/STM32F4xx_HAL_Driver/Src/stm32f4xx_ll_usb.o
                0x000000000800469a                USB_EPClearStall
 .text.USB_SetDevAddress
                0x0000000008004766       0x4c ./Drivers/STM32F4xx_HAL_Driver/Src/stm32f4xx_ll_usb.o
                0x0000000008004766                USB_SetDevAddress
 .text.USB_DevConnect
                0x00000000080047b2       0x42 ./Drivers/STM32F4xx_HAL_Driver/Src/stm32f4xx_ll_usb.o
                0x00000000080047b2                USB_DevConnect
 .text.USB_DevDisconnect
                0x00000000080047f4       0x42 ./Drivers/STM32F4xx_HAL_Driver/Src/stm32f4xx_ll_usb.o
                0x00000000080047f4                USB_DevDisconnect
 .text.USB_ReadInterrupts
                0x0000000008004836       0x26 ./Drivers/STM32F4xx_HAL_Driver/Src/stm32f4xx_ll_usb.o
                0x0000000008004836                USB_ReadInterrupts
 .text.USB_ReadDevAllOutEpInterrupt
                0x000000000800485c       0x34 ./Drivers/STM32F4xx_HAL_Driver/Src/stm32f4xx_ll_usb.o
                0x000000000800485c                USB_ReadDevAllOutEpInterrupt
 .text.USB_ReadDevAllInEpInterrupt
                0x0000000008004890       0x34 ./Drivers/STM32F4xx_HAL_Driver/Src/stm32f4xx_ll_usb.o
                0x0000000008004890                USB_ReadDevAllInEpInterrupt
 .text.USB_ReadDevOutEPInterrupt
                0x00000000080048c4       0x3c ./Drivers/STM32F4xx_HAL_Driver/Src/stm32f4xx_ll_usb.o
                0x00000000080048c4                USB_ReadDevOutEPInterrupt
 .text.USB_ReadDevInEPInterrupt
                0x0000000008004900       0x5c ./Drivers/STM32F4xx_HAL_Driver/Src/stm32f4xx_ll_usb.o
                0x0000000008004900                USB_ReadDevInEPInterrupt
 .text.USB_GetMode
                0x000000000800495c       0x1c ./Drivers/STM32F4xx_HAL_Driver/Src/stm32f4xx_ll_usb.o
                0x000000000800495c                USB_GetMode
 .text.USB_ActivateSetup
                0x0000000008004978       0x46 ./Drivers/STM32F4xx_HAL_Driver/Src/stm32f4xx_ll_usb.o
                0x0000000008004978                USB_ActivateSetup
 *fill*         0x00000000080049be        0x2 
 .text.USB_EP0_OutStart
                0x00000000080049c0       0xbc ./Drivers/STM32F4xx_HAL_Driver/Src/stm32f4xx_ll_usb.o
                0x00000000080049c0                USB_EP0_OutStart
 .text.USB_CoreReset
                0x0000000008004a7c       0x64 ./Drivers/STM32F4xx_HAL_Driver/Src/stm32f4xx_ll_usb.o
 .text.USBD_HID_Init
                0x0000000008004ae0       0x66 ./Middlewares/ST/STM32_USB_Device_Library/Class/HID/Src/usbd_hid.o
 .text.USBD_HID_DeInit
                0x0000000008004b46       0x48 ./Middlewares/ST/STM32_USB_Device_Library/Class/HID/Src/usbd_hid.o
 *fill*         0x0000000008004b8e        0x2 
 .text.USBD_HID_Setup
                0x0000000008004b90      0x208 ./Middlewares/ST/STM32_USB_Device_Library/Class/HID/Src/usbd_hid.o
 .text.USBD_HID_GetFSCfgDesc
                0x0000000008004d98       0x20 ./Middlewares/ST/STM32_USB_Device_Library/Class/HID/Src/usbd_hid.o
 .text.USBD_HID_GetHSCfgDesc
                0x0000000008004db8       0x20 ./Middlewares/ST/STM32_USB_Device_Library/Class/HID/Src/usbd_hid.o
 .text.USBD_HID_GetOtherSpeedCfgDesc
                0x0000000008004dd8       0x20 ./Middlewares/ST/STM32_USB_Device_Library/Class/HID/Src/usbd_hid.o
 .text.USBD_HID_DataIn
                0x0000000008004df8       0x24 ./Middlewares/ST/STM32_USB_Device_Library/Class/HID/Src/usbd_hid.o
 .text.USBD_HID_GetDeviceQualifierDesc
                0x0000000008004e1c       0x20 ./Middlewares/ST/STM32_USB_Device_Library/Class/HID/Src/usbd_hid.o
 .text.USBD_Init
                0x0000000008004e3c       0x60 ./Middlewares/ST/STM32_USB_Device_Library/Core/Src/usbd_core.o
                0x0000000008004e3c                USBD_Init
 .text.USBD_RegisterClass
                0x0000000008004e9c       0x4e ./Middlewares/ST/STM32_USB_Device_Library/Core/Src/usbd_core.o
                0x0000000008004e9c                USBD_RegisterClass
 .text.USBD_Start
                0x0000000008004eea       0x18 ./Middlewares/ST/STM32_USB_Device_Library/Core/Src/usbd_core.o
                0x0000000008004eea                USBD_Start
 .text.USBD_RunTestMode
                0x0000000008004f02       0x16 ./Middlewares/ST/STM32_USB_Device_Library/Core/Src/usbd_core.o
                0x0000000008004f02                USBD_RunTestMode
 .text.USBD_SetClassConfig
                0x0000000008004f18       0x38 ./Middlewares/ST/STM32_USB_Device_Library/Core/Src/usbd_core.o
                0x0000000008004f18                USBD_SetClassConfig
 .text.USBD_ClrClassConfig
                0x0000000008004f50       0x30 ./Middlewares/ST/STM32_USB_Device_Library/Core/Src/usbd_core.o
                0x0000000008004f50                USBD_ClrClassConfig
 .text.USBD_LL_SetupStage
                0x0000000008004f80       0xaa ./Middlewares/ST/STM32_USB_Device_Library/Core/Src/usbd_core.o
                0x0000000008004f80                USBD_LL_SetupStage
 .text.USBD_LL_DataOutStage
                0x000000000800502a       0xc6 ./Middlewares/ST/STM32_USB_Device_Library/Core/Src/usbd_core.o
                0x000000000800502a                USBD_LL_DataOutStage
 .text.USBD_LL_DataInStage
                0x00000000080050f0      0x12c ./Middlewares/ST/STM32_USB_Device_Library/Core/Src/usbd_core.o
                0x00000000080050f0                USBD_LL_DataInStage
 .text.USBD_LL_Reset
                0x000000000800521c       0x9c ./Middlewares/ST/STM32_USB_Device_Library/Core/Src/usbd_core.o
                0x000000000800521c                USBD_LL_Reset
 .text.USBD_LL_SetSpeed
                0x00000000080052b8       0x20 ./Middlewares/ST/STM32_USB_Device_Library/Core/Src/usbd_core.o
                0x00000000080052b8                USBD_LL_SetSpeed
 .text.USBD_LL_Suspend
                0x00000000080052d8       0x2c ./Middlewares/ST/STM32_USB_Device_Library/Core/Src/usbd_core.o
                0x00000000080052d8                USBD_LL_Suspend
 .text.USBD_LL_Resume
                0x0000000008005304       0x30 ./Middlewares/ST/STM32_USB_Device_Library/Core/Src/usbd_core.o
                0x0000000008005304                USBD_LL_Resume
 .text.USBD_LL_SOF
                0x0000000008005334       0x44 ./Middlewares/ST/STM32_USB_Device_Library/Core/Src/usbd_core.o
                0x0000000008005334                USBD_LL_SOF
 .text.USBD_LL_IsoINIncomplete
                0x0000000008005378       0x4c ./Middlewares/ST/STM32_USB_Device_Library/Core/Src/usbd_core.o
                0x0000000008005378                USBD_LL_IsoINIncomplete
 .text.USBD_LL_IsoOUTIncomplete
                0x00000000080053c4       0x4c ./Middlewares/ST/STM32_USB_Device_Library/Core/Src/usbd_core.o
                0x00000000080053c4                USBD_LL_IsoOUTIncomplete
 .text.USBD_LL_DevConnected
                0x0000000008005410       0x16 ./Middlewares/ST/STM32_USB_Device_Library/Core/Src/usbd_core.o
                0x0000000008005410                USBD_LL_DevConnected
 .text.USBD_LL_DevDisconnected
                0x0000000008005426       0x38 ./Middlewares/ST/STM32_USB_Device_Library/Core/Src/usbd_core.o
                0x0000000008005426                USBD_LL_DevDisconnected
 .text.SWAPBYTE
                0x000000000800545e       0x3c ./Middlewares/ST/STM32_USB_Device_Library/Core/Src/usbd_ctlreq.o
 *fill*         0x000000000800549a        0x2 
 .text.USBD_StdDevReq
                0x000000000800549c       0xdc ./Middlewares/ST/STM32_USB_Device_Library/Core/Src/usbd_ctlreq.o
                0x000000000800549c                USBD_StdDevReq
 .text.USBD_StdItfReq
                0x0000000008005578       0x92 ./Middlewares/ST/STM32_USB_Device_Library/Core/Src/usbd_ctlreq.o
                0x0000000008005578                USBD_StdItfReq
 .text.USBD_StdEPReq
                0x000000000800560a      0x2c4 ./Middlewares/ST/STM32_USB_Device_Library/Core/Src/usbd_ctlreq.o
                0x000000000800560a                USBD_StdEPReq
 *fill*         0x00000000080058ce        0x2 
 .text.USBD_GetDescriptor
                0x00000000080058d0      0x2d4 ./Middlewares/ST/STM32_USB_Device_Library/Core/Src/usbd_ctlreq.o
 .text.USBD_SetAddress
                0x0000000008005ba4       0x88 ./Middlewares/ST/STM32_USB_Device_Library/Core/Src/usbd_ctlreq.o
 .text.USBD_SetConfig
                0x0000000008005c2c      0x14c ./Middlewares/ST/STM32_USB_Device_Library/Core/Src/usbd_ctlreq.o
 .text.USBD_GetConfig
                0x0000000008005d78       0x6c ./Middlewares/ST/STM32_USB_Device_Library/Core/Src/usbd_ctlreq.o
 .text.USBD_GetStatus
                0x0000000008005de4       0x68 ./Middlewares/ST/STM32_USB_Device_Library/Core/Src/usbd_ctlreq.o
 .text.USBD_SetFeature
                0x0000000008005e4c       0x28 ./Middlewares/ST/STM32_USB_Device_Library/Core/Src/usbd_ctlreq.o
 .text.USBD_ClrFeature
                0x0000000008005e74       0x44 ./Middlewares/ST/STM32_USB_Device_Library/Core/Src/usbd_ctlreq.o
 .text.USBD_ParseSetupRequest
                0x0000000008005eb8       0x74 ./Middlewares/ST/STM32_USB_Device_Library/Core/Src/usbd_ctlreq.o
                0x0000000008005eb8                USBD_ParseSetupRequest
 .text.USBD_CtlError
                0x0000000008005f2c       0x22 ./Middlewares/ST/STM32_USB_Device_Library/Core/Src/usbd_ctlreq.o
                0x0000000008005f2c                USBD_CtlError
 .text.USBD_GetString
                0x0000000008005f4e       0x8c ./Middlewares/ST/STM32_USB_Device_Library/Core/Src/usbd_ctlreq.o
                0x0000000008005f4e                USBD_GetString
 .text.USBD_GetLen
                0x0000000008005fda       0x34 ./Middlewares/ST/STM32_USB_Device_Library/Core/Src/usbd_ctlreq.o
 .text.USBD_CtlSendData
                0x000000000800600e       0x36 ./Middlewares/ST/STM32_USB_Device_Library/Core/Src/usbd_ioreq.o
                0x000000000800600e                USBD_CtlSendData
 .text.USBD_CtlContinueSendData
                0x0000000008006044       0x22 ./Middlewares/ST/STM32_USB_Device_Library/Core/Src/usbd_ioreq.o
                0x0000000008006044                USBD_CtlContinueSendData
 .text.USBD_CtlContinueRx
                0x0000000008006066       0x22 ./Middlewares/ST/STM32_USB_Device_Library/Core/Src/usbd_ioreq.o
                0x0000000008006066                USBD_CtlContinueRx
 .text.USBD_CtlSendStatus
                0x0000000008006088       0x26 ./Middlewares/ST/STM32_USB_Device_Library/Core/Src/usbd_ioreq.o
                0x0000000008006088                USBD_CtlSendStatus
 .text.USBD_CtlReceiveStatus
                0x00000000080060ae       0x26 ./Middlewares/ST/STM32_USB_Device_Library/Core/Src/usbd_ioreq.o
                0x00000000080060ae                USBD_CtlReceiveStatus
 .text.MX_USB_DEVICE_Init
                0x00000000080060d4       0x4c ./USB_DEVICE/App/usb_device.o
                0x00000000080060d4                MX_USB_DEVICE_Init
 .text.USBD_FS_DeviceDescriptor
                0x0000000008006120       0x24 ./USB_DEVICE/App/usbd_desc.o
                0x0000000008006120                USBD_FS_DeviceDescriptor
 .text.USBD_FS_LangIDStrDescriptor
                0x0000000008006144       0x24 ./USB_DEVICE/App/usbd_desc.o
                0x0000000008006144                USBD_FS_LangIDStrDescriptor
 .text.USBD_FS_ProductStrDescriptor
                0x0000000008006168       0x3c ./USB_DEVICE/App/usbd_desc.o
                0x0000000008006168                USBD_FS_ProductStrDescriptor
 .text.USBD_FS_ManufacturerStrDescriptor
                0x00000000080061a4       0x28 ./USB_DEVICE/App/usbd_desc.o
                0x00000000080061a4                USBD_FS_ManufacturerStrDescriptor
 .text.USBD_FS_SerialStrDescriptor
                0x00000000080061cc       0x24 ./USB_DEVICE/App/usbd_desc.o
                0x00000000080061cc                USBD_FS_SerialStrDescriptor
 .text.USBD_FS_ConfigStrDescriptor
                0x00000000080061f0       0x3c ./USB_DEVICE/App/usbd_desc.o
                0x00000000080061f0                USBD_FS_ConfigStrDescriptor
 .text.USBD_FS_InterfaceStrDescriptor
                0x000000000800622c       0x3c ./USB_DEVICE/App/usbd_desc.o
                0x000000000800622c                USBD_FS_InterfaceStrDescriptor
 .text.Get_SerialNum
                0x0000000008006268       0x58 ./USB_DEVICE/App/usbd_desc.o
 .text.IntToUnicode
                0x00000000080062c0       0x7e ./USB_DEVICE/App/usbd_desc.o
 *fill*         0x000000000800633e        0x2 
 .text.HAL_PCD_MspInit
                0x0000000008006340       0xa8 ./USB_DEVICE/Target/usbd_conf.o
                0x0000000008006340                HAL_PCD_MspInit
 .text.HAL_PCD_SetupStageCallback
                0x00000000080063e8       0x24 ./USB_DEVICE/Target/usbd_conf.o
                0x00000000080063e8                HAL_PCD_SetupStageCallback
 .text.HAL_PCD_DataOutStageCallback
                0x000000000800640c       0x36 ./USB_DEVICE/Target/usbd_conf.o
                0x000000000800640c                HAL_PCD_DataOutStageCallback
 .text.HAL_PCD_DataInStageCallback
                0x0000000008006442       0x34 ./USB_DEVICE/Target/usbd_conf.o
                0x0000000008006442                HAL_PCD_DataInStageCallback
 .text.HAL_PCD_SOFCallback
                0x0000000008006476       0x1c ./USB_DEVICE/Target/usbd_conf.o
                0x0000000008006476                HAL_PCD_SOFCallback
 .text.HAL_PCD_ResetCallback
                0x0000000008006492       0x3c ./USB_DEVICE/Target/usbd_conf.o
                0x0000000008006492                HAL_PCD_ResetCallback
 *fill*         0x00000000080064ce        0x2 
 .text.HAL_PCD_SuspendCallback
                0x00000000080064d0       0x4c ./USB_DEVICE/Target/usbd_conf.o
                0x00000000080064d0                HAL_PCD_SuspendCallback
 .text.HAL_PCD_ResumeCallback
                0x000000000800651c       0x1c ./USB_DEVICE/Target/usbd_conf.o
                0x000000000800651c                HAL_PCD_ResumeCallback
 .text.HAL_PCD_ISOOUTIncompleteCallback
                0x0000000008006538       0x24 ./USB_DEVICE/Target/usbd_conf.o
                0x0000000008006538                HAL_PCD_ISOOUTIncompleteCallback
 .text.HAL_PCD_ISOINIncompleteCallback
                0x000000000800655c       0x24 ./USB_DEVICE/Target/usbd_conf.o
                0x000000000800655c                HAL_PCD_ISOINIncompleteCallback
 .text.HAL_PCD_ConnectCallback
                0x0000000008006580       0x1c ./USB_DEVICE/Target/usbd_conf.o
                0x0000000008006580                HAL_PCD_ConnectCallback
 .text.HAL_PCD_DisconnectCallback
                0x000000000800659c       0x1c ./USB_DEVICE/Target/usbd_conf.o
                0x000000000800659c                HAL_PCD_DisconnectCallback
 .text.USBD_LL_Init
                0x00000000080065b8       0x98 ./USB_DEVICE/Target/usbd_conf.o
                0x00000000080065b8                USBD_LL_Init
 .text.USBD_LL_Start
                0x0000000008006650       0x36 ./USB_DEVICE/Target/usbd_conf.o
                0x0000000008006650                USBD_LL_Start
 .text.USBD_LL_OpenEP
                0x0000000008006686       0x4c ./USB_DEVICE/Target/usbd_conf.o
                0x0000000008006686                USBD_LL_OpenEP
 .text.USBD_LL_CloseEP
                0x00000000080066d2       0x3e ./USB_DEVICE/Target/usbd_conf.o
                0x00000000080066d2                USBD_LL_CloseEP
 .text.USBD_LL_StallEP
                0x0000000008006710       0x3e ./USB_DEVICE/Target/usbd_conf.o
                0x0000000008006710                USBD_LL_StallEP
 .text.USBD_LL_ClearStallEP
                0x000000000800674e       0x3e ./USB_DEVICE/Target/usbd_conf.o
                0x000000000800674e                USBD_LL_ClearStallEP
 .text.USBD_LL_IsStallEP
                0x000000000800678c       0x58 ./USB_DEVICE/Target/usbd_conf.o
                0x000000000800678c                USBD_LL_IsStallEP
 .text.USBD_LL_SetUSBAddress
                0x00000000080067e4       0x3e ./USB_DEVICE/Target/usbd_conf.o
                0x00000000080067e4                USBD_LL_SetUSBAddress
 .text.USBD_LL_Transmit
                0x0000000008006822       0x42 ./USB_DEVICE/Target/usbd_conf.o
                0x0000000008006822                USBD_LL_Transmit
 .text.USBD_LL_PrepareReceive
                0x0000000008006864       0x42 ./USB_DEVICE/Target/usbd_conf.o
                0x0000000008006864                USBD_LL_PrepareReceive
 *fill*         0x00000000080068a6        0x2 
 .text.USBD_static_malloc
                0x00000000080068a8       0x1c ./USB_DEVICE/Target/usbd_conf.o
                0x00000000080068a8                USBD_static_malloc
 .text.USBD_static_free
                0x00000000080068c4       0x14 ./USB_DEVICE/Target/usbd_conf.o
                0x00000000080068c4                USBD_static_free
 .text.USBD_Get_USB_Status
                0x00000000080068d8       0x58 ./USB_DEVICE/Target/usbd_conf.o
                0x00000000080068d8                USBD_Get_USB_Status
 .text.__libc_init_array
                0x0000000008006930       0x48 c:/st/stm32cubeide_1.8.0/stm32cubeide/plugins/com.st.stm32cube.ide.mcu.externaltools.gnu-tools-for-stm32.9-2020-q2-update.win32_2.0.0.202105311346/tools/bin/../lib/gcc/arm-none-eabi/9.3.1/../../../../arm-none-eabi/lib/thumb/v7e-m+fp/hard\libc_nano.a(lib_a-init.o)
                0x0000000008006930                __libc_init_array
 .text.memset   0x0000000008006978       0x10 c:/st/stm32cubeide_1.8.0/stm32cubeide/plugins/com.st.stm32cube.ide.mcu.externaltools.gnu-tools-for-stm32.9-2020-q2-update.win32_2.0.0.202105311346/tools/bin/../lib/gcc/arm-none-eabi/9.3.1/../../../../arm-none-eabi/lib/thumb/v7e-m+fp/hard\libc_nano.a(lib_a-memset.o)
                0x0000000008006978                memset
 *(.glue_7)
 .glue_7        0x0000000008006988        0x0 linker stubs
 *(.glue_7t)
 .glue_7t       0x0000000008006988        0x0 linker stubs
 *(.eh_frame)
 .eh_frame      0x0000000008006988        0x0 c:/st/stm32cubeide_1.8.0/stm32cubeide/plugins/com.st.stm32cube.ide.mcu.externaltools.gnu-tools-for-stm32.9-2020-q2-update.win32_2.0.0.202105311346/tools/bin/../lib/gcc/arm-none-eabi/9.3.1/thumb/v7e-m+fp/hard/crtbegin.o
 *(.init)
 .init          0x0000000008006988        0x4 c:/st/stm32cubeide_1.8.0/stm32cubeide/plugins/com.st.stm32cube.ide.mcu.externaltools.gnu-tools-for-stm32.9-2020-q2-update.win32_2.0.0.202105311346/tools/bin/../lib/gcc/arm-none-eabi/9.3.1/thumb/v7e-m+fp/hard/crti.o
                0x0000000008006988                _init
 .init          0x000000000800698c        0x8 c:/st/stm32cubeide_1.8.0/stm32cubeide/plugins/com.st.stm32cube.ide.mcu.externaltools.gnu-tools-for-stm32.9-2020-q2-update.win32_2.0.0.202105311346/tools/bin/../lib/gcc/arm-none-eabi/9.3.1/thumb/v7e-m+fp/hard/crtn.o
 *(.fini)
 .fini          0x0000000008006994        0x4 c:/st/stm32cubeide_1.8.0/stm32cubeide/plugins/com.st.stm32cube.ide.mcu.externaltools.gnu-tools-for-stm32.9-2020-q2-update.win32_2.0.0.202105311346/tools/bin/../lib/gcc/arm-none-eabi/9.3.1/thumb/v7e-m+fp/hard/crti.o
                0x0000000008006994                _fini
 .fini          0x0000000008006998        0x8 c:/st/stm32cubeide_1.8.0/stm32cubeide/plugins/com.st.stm32cube.ide.mcu.externaltools.gnu-tools-for-stm32.9-2020-q2-update.win32_2.0.0.202105311346/tools/bin/../lib/gcc/arm-none-eabi/9.3.1/thumb/v7e-m+fp/hard/crtn.o
                0x00000000080069a0                . = ALIGN (0x4)
                0x00000000080069a0                _etext = .

.vfp11_veneer   0x00000000080069a0        0x0
 .vfp11_veneer  0x00000000080069a0        0x0 linker stubs

.v4_bx          0x00000000080069a0        0x0
 .v4_bx         0x00000000080069a0        0x0 linker stubs

.iplt           0x00000000080069a0        0x0
 .iplt          0x00000000080069a0        0x0 c:/st/stm32cubeide_1.8.0/stm32cubeide/plugins/com.st.stm32cube.ide.mcu.externaltools.gnu-tools-for-stm32.9-2020-q2-update.win32_2.0.0.202105311346/tools/bin/../lib/gcc/arm-none-eabi/9.3.1/thumb/v7e-m+fp/hard/crtbegin.o

.rodata         0x00000000080069a0       0x60
                0x00000000080069a0                . = ALIGN (0x4)
 *(.rodata)
 .rodata        0x00000000080069a0       0x46 ./USB_DEVICE/App/usbd_desc.o
 *(.rodata*)
 *fill*         0x00000000080069e6        0x2 
 .rodata.AHBPrescTable
                0x00000000080069e8       0x10 ./Core/Src/system_stm32f4xx.o
                0x00000000080069e8                AHBPrescTable
 .rodata.APBPrescTable
                0x00000000080069f8        0x8 ./Core/Src/system_stm32f4xx.o
                0x00000000080069f8                APBPrescTable
                0x0000000008006a00                . = ALIGN (0x4)

.ARM.extab      0x0000000008006a00        0x0
                0x0000000008006a00                . = ALIGN (0x4)
 *(.ARM.extab* .gnu.linkonce.armextab.*)
                0x0000000008006a00                . = ALIGN (0x4)

.ARM            0x0000000008006a00        0x8
                0x0000000008006a00                . = ALIGN (0x4)
                0x0000000008006a00                __exidx_start = .
 *(.ARM.exidx*)
 .ARM.exidx     0x0000000008006a00        0x8 c:/st/stm32cubeide_1.8.0/stm32cubeide/plugins/com.st.stm32cube.ide.mcu.externaltools.gnu-tools-for-stm32.9-2020-q2-update.win32_2.0.0.202105311346/tools/bin/../lib/gcc/arm-none-eabi/9.3.1/thumb/v7e-m+fp/hard\libgcc.a(_udivmoddi4.o)
                0x0000000008006a08                __exidx_end = .
                0x0000000008006a08                . = ALIGN (0x4)

.rel.dyn        0x0000000008006a08        0x0
 .rel.iplt      0x0000000008006a08        0x0 c:/st/stm32cubeide_1.8.0/stm32cubeide/plugins/com.st.stm32cube.ide.mcu.externaltools.gnu-tools-for-stm32.9-2020-q2-update.win32_2.0.0.202105311346/tools/bin/../lib/gcc/arm-none-eabi/9.3.1/thumb/v7e-m+fp/hard/crtbegin.o

.preinit_array  0x0000000008006a08        0x0
                0x0000000008006a08                . = ALIGN (0x4)
                0x0000000008006a08                PROVIDE (__preinit_array_start = .)
 *(.preinit_array*)
                0x0000000008006a08                PROVIDE (__preinit_array_end = .)
                0x0000000008006a08                . = ALIGN (0x4)

.init_array     0x0000000008006a08        0x4
                0x0000000008006a08                . = ALIGN (0x4)
                0x0000000008006a08                PROVIDE (__init_array_start = .)
 *(SORT_BY_NAME(.init_array.*))
 *(.init_array*)
 .init_array    0x0000000008006a08        0x4 c:/st/stm32cubeide_1.8.0/stm32cubeide/plugins/com.st.stm32cube.ide.mcu.externaltools.gnu-tools-for-stm32.9-2020-q2-update.win32_2.0.0.202105311346/tools/bin/../lib/gcc/arm-none-eabi/9.3.1/thumb/v7e-m+fp/hard/crtbegin.o
                0x0000000008006a0c                PROVIDE (__init_array_end = .)
                0x0000000008006a0c                . = ALIGN (0x4)

.fini_array     0x0000000008006a0c        0x4
                0x0000000008006a0c                . = ALIGN (0x4)
                [!provide]                        PROVIDE (__fini_array_start = .)
 *(SORT_BY_NAME(.fini_array.*))
 *(.fini_array*)
 .fini_array    0x0000000008006a0c        0x4 c:/st/stm32cubeide_1.8.0/stm32cubeide/plugins/com.st.stm32cube.ide.mcu.externaltools.gnu-tools-for-stm32.9-2020-q2-update.win32_2.0.0.202105311346/tools/bin/../lib/gcc/arm-none-eabi/9.3.1/thumb/v7e-m+fp/hard/crtbegin.o
                [!provide]                        PROVIDE (__fini_array_end = .)
                0x0000000008006a10                . = ALIGN (0x4)
                0x0000000008006a10                _sidata = LOADADDR (.data)

.data           0x0000000020000000      0x168 load address 0x0000000008006a10
                0x0000000020000000                . = ALIGN (0x4)
                0x0000000020000000                _sdata = .
 *(.data)
 *(.data*)
 .data.ControlX
                0x0000000020000000        0x1 ./Core/Src/main.o
                0x0000000020000000                ControlX
 .data.ControlY
                0x0000000020000001        0x1 ./Core/Src/main.o
                0x0000000020000001                ControlY
 .data.CstickX  0x0000000020000002        0x1 ./Core/Src/main.o
                0x0000000020000002                CstickX
 .data.CstickY  0x0000000020000003        0x1 ./Core/Src/main.o
                0x0000000020000003                CstickY
 .data.SystemCoreClock
                0x0000000020000004        0x4 ./Core/Src/system_stm32f4xx.o
                0x0000000020000004                SystemCoreClock
 .data.uwTickPrio
                0x0000000020000008        0x4 ./Drivers/STM32F4xx_HAL_Driver/Src/stm32f4xx_hal.o
                0x0000000020000008                uwTickPrio
 .data.uwTickFreq
                0x000000002000000c        0x1 ./Drivers/STM32F4xx_HAL_Driver/Src/stm32f4xx_hal.o
                0x000000002000000c                uwTickFreq
 *fill*         0x000000002000000d        0x3 
 .data.USBD_HID
                0x0000000020000010       0x38 ./Middlewares/ST/STM32_USB_Device_Library/Class/HID/Src/usbd_hid.o
                0x0000000020000010                USBD_HID
 .data.USBD_HID_CfgFSDesc
                0x0000000020000048       0x22 ./Middlewares/ST/STM32_USB_Device_Library/Class/HID/Src/usbd_hid.o
 *fill*         0x000000002000006a        0x2 
 .data.USBD_HID_CfgHSDesc
                0x000000002000006c       0x22 ./Middlewares/ST/STM32_USB_Device_Library/Class/HID/Src/usbd_hid.o
 *fill*         0x000000002000008e        0x2 
 .data.USBD_HID_OtherSpeedCfgDesc
                0x0000000020000090       0x22 ./Middlewares/ST/STM32_USB_Device_Library/Class/HID/Src/usbd_hid.o
 *fill*         0x00000000200000b2        0x2 
 .data.USBD_HID_Desc
                0x00000000200000b4        0x9 ./Middlewares/ST/STM32_USB_Device_Library/Class/HID/Src/usbd_hid.o
 *fill*         0x00000000200000bd        0x3 
 .data.USBD_HID_DeviceQualifierDesc
                0x00000000200000c0        0xa ./Middlewares/ST/STM32_USB_Device_Library/Class/HID/Src/usbd_hid.o
 *fill*         0x00000000200000ca        0x2 
 .data.HID_MOUSE_ReportDesc
                0x00000000200000cc       0x4a ./Middlewares/ST/STM32_USB_Device_Library/Class/HID/Src/usbd_hid.o
 *fill*         0x0000000020000116        0x2 
 .data.FS_Desc  0x0000000020000118       0x1c ./USB_DEVICE/App/usbd_desc.o
                0x0000000020000118                FS_Desc
 .data.USBD_FS_DeviceDesc
                0x0000000020000134       0x12 ./USB_DEVICE/App/usbd_desc.o
                0x0000000020000134                USBD_FS_DeviceDesc
 *fill*         0x0000000020000146        0x2 
 .data.USBD_LangIDDesc
                0x0000000020000148        0x4 ./USB_DEVICE/App/usbd_desc.o
                0x0000000020000148                USBD_LangIDDesc
 .data.USBD_StringSerial
                0x000000002000014c       0x1a ./USB_DEVICE/App/usbd_desc.o
                0x000000002000014c                USBD_StringSerial
 *(.RamFunc)
 *(.RamFunc*)
                0x0000000020000168                . = ALIGN (0x4)
 *fill*         0x0000000020000166        0x2 
                0x0000000020000168                _edata = .

.igot.plt       0x0000000020000168        0x0 load address 0x0000000008006b78
 .igot.plt      0x0000000020000168        0x0 c:/st/stm32cubeide_1.8.0/stm32cubeide/plugins/com.st.stm32cube.ide.mcu.externaltools.gnu-tools-for-stm32.9-2020-q2-update.win32_2.0.0.202105311346/tools/bin/../lib/gcc/arm-none-eabi/9.3.1/thumb/v7e-m+fp/hard/crtbegin.o
                0x0000000020000168                . = ALIGN (0x4)

.bss            0x0000000020000168      0x954 load address 0x0000000008006b78
                0x0000000020000168                _sbss = .
                0x0000000020000168                __bss_start__ = _sbss
 *(.bss)
 .bss           0x0000000020000168       0x1c c:/st/stm32cubeide_1.8.0/stm32cubeide/plugins/com.st.stm32cube.ide.mcu.externaltools.gnu-tools-for-stm32.9-2020-q2-update.win32_2.0.0.202105311346/tools/bin/../lib/gcc/arm-none-eabi/9.3.1/thumb/v7e-m+fp/hard/crtbegin.o
 *(.bss*)
 .bss.AnalogL   0x0000000020000184        0x1 ./Core/Src/main.o
                0x0000000020000184                AnalogL
 .bss.AnalogR   0x0000000020000185        0x1 ./Core/Src/main.o
                0x0000000020000185                AnalogR
 .bss.DPad      0x0000000020000186        0x1 ./Core/Src/main.o
                0x0000000020000186                DPad
 .bss.cfgidx.9913
                0x0000000020000187        0x1 ./Middlewares/ST/STM32_USB_Device_Library/Core/Src/usbd_ctlreq.o
 .bss.mem.9950  0x0000000020000188       0x14 ./USB_DEVICE/Target/usbd_conf.o
 *(COMMON)
 COMMON         0x000000002000019c       0x44 ./Core/Src/main.o
                0x000000002000019c                huart1
 COMMON         0x00000000200001e0        0x4 ./Drivers/STM32F4xx_HAL_Driver/Src/stm32f4xx_hal.o
                0x00000000200001e0                uwTick
 COMMON         0x00000000200001e4      0x2d0 ./USB_DEVICE/App/usb_device.o
                0x00000000200001e4                hUsbDeviceFS
 COMMON         0x00000000200004b4      0x200 ./USB_DEVICE/App/usbd_desc.o
                0x00000000200004b4                USBD_StrDesc
 COMMON         0x00000000200006b4      0x408 ./USB_DEVICE/Target/usbd_conf.o
                0x00000000200006b4                hpcd_USB_OTG_FS
                0x0000000020000abc                . = ALIGN (0x4)
                0x0000000020000abc                _ebss = .
                0x0000000020000abc                __bss_end__ = _ebss

._user_heap_stack
                0x0000000020000abc      0x604 load address 0x0000000008006b78
                0x0000000020000ac0                . = ALIGN (0x8)
 *fill*         0x0000000020000abc        0x4 
                [!provide]                        PROVIDE (end = .)
                0x0000000020000ac0                PROVIDE (_end = .)
                0x0000000020000cc0                . = (. + _Min_Heap_Size)
 *fill*         0x0000000020000ac0      0x200 
                0x00000000200010c0                . = (. + _Min_Stack_Size)
 *fill*         0x0000000020000cc0      0x400 
                0x00000000200010c0                . = ALIGN (0x8)

/DISCARD/
 libc.a(*)
 libm.a(*)
 libgcc.a(*)

.ARM.attributes
                0x0000000000000000       0x30
 *(.ARM.attributes)
 .ARM.attributes
                0x0000000000000000       0x1e c:/st/stm32cubeide_1.8.0/stm32cubeide/plugins/com.st.stm32cube.ide.mcu.externaltools.gnu-tools-for-stm32.9-2020-q2-update.win32_2.0.0.202105311346/tools/bin/../lib/gcc/arm-none-eabi/9.3.1/thumb/v7e-m+fp/hard/crti.o
 .ARM.attributes
                0x000000000000001e       0x34 c:/st/stm32cubeide_1.8.0/stm32cubeide/plugins/com.st.stm32cube.ide.mcu.externaltools.gnu-tools-for-stm32.9-2020-q2-update.win32_2.0.0.202105311346/tools/bin/../lib/gcc/arm-none-eabi/9.3.1/thumb/v7e-m+fp/hard/crtbegin.o
 .ARM.attributes
                0x0000000000000052       0x34 ./Core/Src/COMMS.o
 .ARM.attributes
                0x0000000000000086       0x34 ./Core/Src/main.o
 .ARM.attributes
                0x00000000000000ba       0x34 ./Core/Src/stm32f4xx_hal_msp.o
 .ARM.attributes
                0x00000000000000ee       0x34 ./Core/Src/stm32f4xx_it.o
 .ARM.attributes
                0x0000000000000122       0x34 ./Core/Src/system_stm32f4xx.o
 .ARM.attributes
                0x0000000000000156       0x21 ./Core/Startup/startup_stm32f411ceux.o
 .ARM.attributes
                0x0000000000000177       0x34 ./Drivers/STM32F4xx_HAL_Driver/Src/stm32f4xx_hal.o
 .ARM.attributes
                0x00000000000001ab       0x34 ./Drivers/STM32F4xx_HAL_Driver/Src/stm32f4xx_hal_cortex.o
 .ARM.attributes
                0x00000000000001df       0x34 ./Drivers/STM32F4xx_HAL_Driver/Src/stm32f4xx_hal_gpio.o
 .ARM.attributes
                0x0000000000000213       0x34 ./Drivers/STM32F4xx_HAL_Driver/Src/stm32f4xx_hal_pcd.o
 .ARM.attributes
                0x0000000000000247       0x34 ./Drivers/STM32F4xx_HAL_Driver/Src/stm32f4xx_hal_pcd_ex.o
 .ARM.attributes
                0x000000000000027b       0x34 ./Drivers/STM32F4xx_HAL_Driver/Src/stm32f4xx_hal_rcc.o
 .ARM.attributes
                0x00000000000002af       0x34 ./Drivers/STM32F4xx_HAL_Driver/Src/stm32f4xx_hal_uart.o
 .ARM.attributes
                0x00000000000002e3       0x34 ./Drivers/STM32F4xx_HAL_Driver/Src/stm32f4xx_ll_usb.o
 .ARM.attributes
                0x0000000000000317       0x34 ./Middlewares/ST/STM32_USB_Device_Library/Class/HID/Src/usbd_hid.o
 .ARM.attributes
                0x000000000000034b       0x34 ./Middlewares/ST/STM32_USB_Device_Library/Core/Src/usbd_core.o
 .ARM.attributes
                0x000000000000037f       0x34 ./Middlewares/ST/STM32_USB_Device_Library/Core/Src/usbd_ctlreq.o
 .ARM.attributes
                0x00000000000003b3       0x34 ./Middlewares/ST/STM32_USB_Device_Library/Core/Src/usbd_ioreq.o
 .ARM.attributes
                0x00000000000003e7       0x34 ./USB_DEVICE/App/usb_device.o
 .ARM.attributes
                0x000000000000041b       0x34 ./USB_DEVICE/App/usbd_desc.o
 .ARM.attributes
                0x000000000000044f       0x34 ./USB_DEVICE/Target/usbd_conf.o
 .ARM.attributes
                0x0000000000000483       0x34 c:/st/stm32cubeide_1.8.0/stm32cubeide/plugins/com.st.stm32cube.ide.mcu.externaltools.gnu-tools-for-stm32.9-2020-q2-update.win32_2.0.0.202105311346/tools/bin/../lib/gcc/arm-none-eabi/9.3.1/../../../../arm-none-eabi/lib/thumb/v7e-m+fp/hard\libc_nano.a(lib_a-init.o)
 .ARM.attributes
                0x00000000000004b7       0x34 c:/st/stm32cubeide_1.8.0/stm32cubeide/plugins/com.st.stm32cube.ide.mcu.externaltools.gnu-tools-for-stm32.9-2020-q2-update.win32_2.0.0.202105311346/tools/bin/../lib/gcc/arm-none-eabi/9.3.1/../../../../arm-none-eabi/lib/thumb/v7e-m+fp/hard\libc_nano.a(lib_a-memset.o)
 .ARM.attributes
                0x00000000000004eb       0x1e c:/st/stm32cubeide_1.8.0/stm32cubeide/plugins/com.st.stm32cube.ide.mcu.externaltools.gnu-tools-for-stm32.9-2020-q2-update.win32_2.0.0.202105311346/tools/bin/../lib/gcc/arm-none-eabi/9.3.1/thumb/v7e-m+fp/hard\libgcc.a(_aeabi_uldivmod.o)
 .ARM.attributes
                0x0000000000000509       0x34 c:/st/stm32cubeide_1.8.0/stm32cubeide/plugins/com.st.stm32cube.ide.mcu.externaltools.gnu-tools-for-stm32.9-2020-q2-update.win32_2.0.0.202105311346/tools/bin/../lib/gcc/arm-none-eabi/9.3.1/thumb/v7e-m+fp/hard\libgcc.a(_udivmoddi4.o)
 .ARM.attributes
                0x000000000000053d       0x1e c:/st/stm32cubeide_1.8.0/stm32cubeide/plugins/com.st.stm32cube.ide.mcu.externaltools.gnu-tools-for-stm32.9-2020-q2-update.win32_2.0.0.202105311346/tools/bin/../lib/gcc/arm-none-eabi/9.3.1/thumb/v7e-m+fp/hard\libgcc.a(_dvmd_tls.o)
 .ARM.attributes
                0x000000000000055b       0x1e c:/st/stm32cubeide_1.8.0/stm32cubeide/plugins/com.st.stm32cube.ide.mcu.externaltools.gnu-tools-for-stm32.9-2020-q2-update.win32_2.0.0.202105311346/tools/bin/../lib/gcc/arm-none-eabi/9.3.1/thumb/v7e-m+fp/hard/crtn.o
OUTPUT(Box_blackpill.elf elf32-littlearm)
LOAD linker stubs
LOAD c:/st/stm32cubeide_1.8.0/stm32cubeide/plugins/com.st.stm32cube.ide.mcu.externaltools.gnu-tools-for-stm32.9-2020-q2-update.win32_2.0.0.202105311346/tools/bin/../lib/gcc/arm-none-eabi/9.3.1/../../../../arm-none-eabi/lib/thumb/v7e-m+fp/hard\libc.a
LOAD c:/st/stm32cubeide_1.8.0/stm32cubeide/plugins/com.st.stm32cube.ide.mcu.externaltools.gnu-tools-for-stm32.9-2020-q2-update.win32_2.0.0.202105311346/tools/bin/../lib/gcc/arm-none-eabi/9.3.1/../../../../arm-none-eabi/lib/thumb/v7e-m+fp/hard\libm.a
LOAD c:/st/stm32cubeide_1.8.0/stm32cubeide/plugins/com.st.stm32cube.ide.mcu.externaltools.gnu-tools-for-stm32.9-2020-q2-update.win32_2.0.0.202105311346/tools/bin/../lib/gcc/arm-none-eabi/9.3.1/thumb/v7e-m+fp/hard\libgcc.a

.debug_info     0x0000000000000000    0x14e19
 .debug_info    0x0000000000000000      0x51d ./Core/Src/COMMS.o
 .debug_info    0x000000000000051d     0x1780 ./Core/Src/main.o
 .debug_info    0x0000000000001c9d      0xa1e ./Core/Src/stm32f4xx_hal_msp.o
 .debug_info    0x00000000000026bb      0x6ed ./Core/Src/stm32f4xx_it.o
 .debug_info    0x0000000000002da8      0x5d0 ./Core/Src/system_stm32f4xx.o
 .debug_info    0x0000000000003378       0x22 ./Core/Startup/startup_stm32f411ceux.o
 .debug_info    0x000000000000339a      0x944 ./Drivers/STM32F4xx_HAL_Driver/Src/stm32f4xx_hal.o
 .debug_info    0x0000000000003cde      0xe47 ./Drivers/STM32F4xx_HAL_Driver/Src/stm32f4xx_hal_cortex.o
 .debug_info    0x0000000000004b25      0x862 ./Drivers/STM32F4xx_HAL_Driver/Src/stm32f4xx_hal_gpio.o
 .debug_info    0x0000000000005387     0x12d5 ./Drivers/STM32F4xx_HAL_Driver/Src/stm32f4xx_hal_pcd.o
 .debug_info    0x000000000000665c      0x7c3 ./Drivers/STM32F4xx_HAL_Driver/Src/stm32f4xx_hal_pcd_ex.o
 .debug_info    0x0000000000006e1f      0x9be ./Drivers/STM32F4xx_HAL_Driver/Src/stm32f4xx_hal_rcc.o
 .debug_info    0x00000000000077dd     0x31d6 ./Drivers/STM32F4xx_HAL_Driver/Src/stm32f4xx_hal_uart.o
 .debug_info    0x000000000000a9b3     0x1ab4 ./Drivers/STM32F4xx_HAL_Driver/Src/stm32f4xx_ll_usb.o
 .debug_info    0x000000000000c467     0x12c6 ./Middlewares/ST/STM32_USB_Device_Library/Class/HID/Src/usbd_hid.o
 .debug_info    0x000000000000d72d     0x13a7 ./Middlewares/ST/STM32_USB_Device_Library/Core/Src/usbd_core.o
 .debug_info    0x000000000000ead4     0x1373 ./Middlewares/ST/STM32_USB_Device_Library/Core/Src/usbd_ctlreq.o
 .debug_info    0x000000000000fe47     0x1095 ./Middlewares/ST/STM32_USB_Device_Library/Core/Src/usbd_ioreq.o
 .debug_info    0x0000000000010edc      0xf16 ./USB_DEVICE/App/usb_device.o
 .debug_info    0x0000000000011df2      0xdfa ./USB_DEVICE/App/usbd_desc.o
 .debug_info    0x0000000000012bec     0x222d ./USB_DEVICE/Target/usbd_conf.o

.debug_abbrev   0x0000000000000000     0x2fd4
 .debug_abbrev  0x0000000000000000      0x1f0 ./Core/Src/COMMS.o
 .debug_abbrev  0x00000000000001f0      0x2da ./Core/Src/main.o
 .debug_abbrev  0x00000000000004ca      0x1ac ./Core/Src/stm32f4xx_hal_msp.o
 .debug_abbrev  0x0000000000000676      0x184 ./Core/Src/stm32f4xx_it.o
 .debug_abbrev  0x00000000000007fa      0x145 ./Core/Src/system_stm32f4xx.o
 .debug_abbrev  0x000000000000093f       0x12 ./Core/Startup/startup_stm32f411ceux.o
 .debug_abbrev  0x0000000000000951      0x21e ./Drivers/STM32F4xx_HAL_Driver/Src/stm32f4xx_hal.o
 .debug_abbrev  0x0000000000000b6f      0x33c ./Drivers/STM32F4xx_HAL_Driver/Src/stm32f4xx_hal_cortex.o
 .debug_abbrev  0x0000000000000eab      0x1f1 ./Drivers/STM32F4xx_HAL_Driver/Src/stm32f4xx_hal_gpio.o
 .debug_abbrev  0x000000000000109c      0x2a0 ./Drivers/STM32F4xx_HAL_Driver/Src/stm32f4xx_hal_pcd.o
 .debug_abbrev  0x000000000000133c      0x1fb ./Drivers/STM32F4xx_HAL_Driver/Src/stm32f4xx_hal_pcd_ex.o
 .debug_abbrev  0x0000000000001537      0x275 ./Drivers/STM32F4xx_HAL_Driver/Src/stm32f4xx_hal_rcc.o
 .debug_abbrev  0x00000000000017ac      0x2fc ./Drivers/STM32F4xx_HAL_Driver/Src/stm32f4xx_hal_uart.o
 .debug_abbrev  0x0000000000001aa8      0x2a7 ./Drivers/STM32F4xx_HAL_Driver/Src/stm32f4xx_ll_usb.o
 .debug_abbrev  0x0000000000001d4f      0x2d7 ./Middlewares/ST/STM32_USB_Device_Library/Class/HID/Src/usbd_hid.o
 .debug_abbrev  0x0000000000002026      0x2b7 ./Middlewares/ST/STM32_USB_Device_Library/Core/Src/usbd_core.o
 .debug_abbrev  0x00000000000022dd      0x2fc ./Middlewares/ST/STM32_USB_Device_Library/Core/Src/usbd_ctlreq.o
 .debug_abbrev  0x00000000000025d9      0x22a ./Middlewares/ST/STM32_USB_Device_Library/Core/Src/usbd_ioreq.o
 .debug_abbrev  0x0000000000002803      0x1fb ./USB_DEVICE/App/usb_device.o
 .debug_abbrev  0x00000000000029fe      0x2aa ./USB_DEVICE/App/usbd_desc.o
 .debug_abbrev  0x0000000000002ca8      0x32c ./USB_DEVICE/Target/usbd_conf.o

.debug_aranges  0x0000000000000000      0xd50
 .debug_aranges
                0x0000000000000000       0x98 ./Core/Src/COMMS.o
 .debug_aranges
                0x0000000000000098       0x48 ./Core/Src/main.o
 .debug_aranges
                0x00000000000000e0       0x30 ./Core/Src/stm32f4xx_hal_msp.o
 .debug_aranges
                0x0000000000000110       0x70 ./Core/Src/stm32f4xx_it.o
 .debug_aranges
                0x0000000000000180       0x28 ./Core/Src/system_stm32f4xx.o
 .debug_aranges
                0x00000000000001a8       0x28 ./Core/Startup/startup_stm32f411ceux.o
 .debug_aranges
                0x00000000000001d0       0xf0 ./Drivers/STM32F4xx_HAL_Driver/Src/stm32f4xx_hal.o
 .debug_aranges
                0x00000000000002c0      0x118 ./Drivers/STM32F4xx_HAL_Driver/Src/stm32f4xx_hal_cortex.o
 .debug_aranges
                0x00000000000003d8       0x58 ./Drivers/STM32F4xx_HAL_Driver/Src/stm32f4xx_hal_gpio.o
 .debug_aranges
                0x0000000000000430      0x138 ./Drivers/STM32F4xx_HAL_Driver/Src/stm32f4xx_hal_pcd.o
 .debug_aranges
                0x0000000000000568       0x38 ./Drivers/STM32F4xx_HAL_Driver/Src/stm32f4xx_hal_pcd_ex.o
 .debug_aranges
                0x00000000000005a0       0x88 ./Drivers/STM32F4xx_HAL_Driver/Src/stm32f4xx_hal_rcc.o
 .debug_aranges
                0x0000000000000628      0x200 ./Drivers/STM32F4xx_HAL_Driver/Src/stm32f4xx_hal_uart.o
 .debug_aranges
                0x0000000000000828      0x198 ./Drivers/STM32F4xx_HAL_Driver/Src/stm32f4xx_ll_usb.o
 .debug_aranges
                0x00000000000009c0       0x68 ./Middlewares/ST/STM32_USB_Device_Library/Class/HID/Src/usbd_hid.o
 .debug_aranges
                0x0000000000000a28       0xb8 ./Middlewares/ST/STM32_USB_Device_Library/Core/Src/usbd_core.o
 .debug_aranges
                0x0000000000000ae0       0x90 ./Middlewares/ST/STM32_USB_Device_Library/Core/Src/usbd_ctlreq.o
 .debug_aranges
                0x0000000000000b70       0x50 ./Middlewares/ST/STM32_USB_Device_Library/Core/Src/usbd_ioreq.o
 .debug_aranges
                0x0000000000000bc0       0x20 ./USB_DEVICE/App/usb_device.o
 .debug_aranges
                0x0000000000000be0       0x60 ./USB_DEVICE/App/usbd_desc.o
 .debug_aranges
                0x0000000000000c40      0x110 ./USB_DEVICE/Target/usbd_conf.o

.debug_ranges   0x0000000000000000      0xc38
 .debug_ranges  0x0000000000000000       0x88 ./Core/Src/COMMS.o
 .debug_ranges  0x0000000000000088       0x38 ./Core/Src/main.o
 .debug_ranges  0x00000000000000c0       0x20 ./Core/Src/stm32f4xx_hal_msp.o
 .debug_ranges  0x00000000000000e0       0x60 ./Core/Src/stm32f4xx_it.o
 .debug_ranges  0x0000000000000140       0x18 ./Core/Src/system_stm32f4xx.o
 .debug_ranges  0x0000000000000158       0x20 ./Core/Startup/startup_stm32f411ceux.o
 .debug_ranges  0x0000000000000178       0xe0 ./Drivers/STM32F4xx_HAL_Driver/Src/stm32f4xx_hal.o
 .debug_ranges  0x0000000000000258      0x108 ./Drivers/STM32F4xx_HAL_Driver/Src/stm32f4xx_hal_cortex.o
 .debug_ranges  0x0000000000000360       0x48 ./Drivers/STM32F4xx_HAL_Driver/Src/stm32f4xx_hal_gpio.o
 .debug_ranges  0x00000000000003a8      0x128 ./Drivers/STM32F4xx_HAL_Driver/Src/stm32f4xx_hal_pcd.o
 .debug_ranges  0x00000000000004d0       0x28 ./Drivers/STM32F4xx_HAL_Driver/Src/stm32f4xx_hal_pcd_ex.o
 .debug_ranges  0x00000000000004f8       0x78 ./Drivers/STM32F4xx_HAL_Driver/Src/stm32f4xx_hal_rcc.o
 .debug_ranges  0x0000000000000570      0x220 ./Drivers/STM32F4xx_HAL_Driver/Src/stm32f4xx_hal_uart.o
 .debug_ranges  0x0000000000000790      0x188 ./Drivers/STM32F4xx_HAL_Driver/Src/stm32f4xx_ll_usb.o
 .debug_ranges  0x0000000000000918       0x58 ./Middlewares/ST/STM32_USB_Device_Library/Class/HID/Src/usbd_hid.o
 .debug_ranges  0x0000000000000970       0xa8 ./Middlewares/ST/STM32_USB_Device_Library/Core/Src/usbd_core.o
 .debug_ranges  0x0000000000000a18       0x80 ./Middlewares/ST/STM32_USB_Device_Library/Core/Src/usbd_ctlreq.o
 .debug_ranges  0x0000000000000a98       0x40 ./Middlewares/ST/STM32_USB_Device_Library/Core/Src/usbd_ioreq.o
 .debug_ranges  0x0000000000000ad8       0x10 ./USB_DEVICE/App/usb_device.o
 .debug_ranges  0x0000000000000ae8       0x50 ./USB_DEVICE/App/usbd_desc.o
 .debug_ranges  0x0000000000000b38      0x100 ./USB_DEVICE/Target/usbd_conf.o

.debug_macro    0x0000000000000000    0x1868a
 .debug_macro   0x0000000000000000      0x1e8 ./Core/Src/COMMS.o
 .debug_macro   0x00000000000001e8      0xaa8 ./Core/Src/COMMS.o
 .debug_macro   0x0000000000000c90      0x29b ./Core/Src/COMMS.o
 .debug_macro   0x0000000000000f2b       0x2e ./Core/Src/COMMS.o
 .debug_macro   0x0000000000000f59       0x28 ./Core/Src/COMMS.o
 .debug_macro   0x0000000000000f81       0x22 ./Core/Src/COMMS.o
 .debug_macro   0x0000000000000fa3       0x8e ./Core/Src/COMMS.o
 .debug_macro   0x0000000000001031       0x51 ./Core/Src/COMMS.o
 .debug_macro   0x0000000000001082      0x103 ./Core/Src/COMMS.o
 .debug_macro   0x0000000000001185       0x6a ./Core/Src/COMMS.o
 .debug_macro   0x00000000000011ef      0x1df ./Core/Src/COMMS.o
 .debug_macro   0x00000000000013ce       0x1c ./Core/Src/COMMS.o
 .debug_macro   0x00000000000013ea       0x22 ./Core/Src/COMMS.o
 .debug_macro   0x000000000000140c       0xdf ./Core/Src/COMMS.o
 .debug_macro   0x00000000000014eb     0x102d ./Core/Src/COMMS.o
 .debug_macro   0x0000000000002518      0x11f ./Core/Src/COMMS.o
 .debug_macro   0x0000000000002637     0xb953 ./Core/Src/COMMS.o
 .debug_macro   0x000000000000df8a       0x6d ./Core/Src/COMMS.o
 .debug_macro   0x000000000000dff7     0x3666 ./Core/Src/COMMS.o
 .debug_macro   0x000000000001165d      0x174 ./Core/Src/COMMS.o
 .debug_macro   0x00000000000117d1       0x5c ./Core/Src/COMMS.o
 .debug_macro   0x000000000001182d      0x447 ./Core/Src/COMMS.o
 .debug_macro   0x0000000000011c74      0x9fe ./Core/Src/COMMS.o
 .debug_macro   0x0000000000012672      0x116 ./Core/Src/COMMS.o
 .debug_macro   0x0000000000012788      0x11b ./Core/Src/COMMS.o
 .debug_macro   0x00000000000128a3       0xa5 ./Core/Src/COMMS.o
 .debug_macro   0x0000000000012948      0x15f ./Core/Src/COMMS.o
 .debug_macro   0x0000000000012aa7      0x287 ./Core/Src/COMMS.o
 .debug_macro   0x0000000000012d2e       0x5f ./Core/Src/COMMS.o
 .debug_macro   0x0000000000012d8d      0x236 ./Core/Src/COMMS.o
 .debug_macro   0x0000000000012fc3      0x132 ./Core/Src/COMMS.o
 .debug_macro   0x00000000000130f5      0x264 ./Core/Src/COMMS.o
 .debug_macro   0x0000000000013359       0x2e ./Core/Src/COMMS.o
 .debug_macro   0x0000000000013387      0x11a ./Core/Src/COMMS.o
 .debug_macro   0x00000000000134a1       0x85 ./Core/Src/COMMS.o
 .debug_macro   0x0000000000013526       0x89 ./Core/Src/COMMS.o
 .debug_macro   0x00000000000135af      0x295 ./Core/Src/COMMS.o
 .debug_macro   0x0000000000013844      0x21e ./Core/Src/COMMS.o
 .debug_macro   0x0000000000013a62       0xba ./Core/Src/COMMS.o
 .debug_macro   0x0000000000013b1c      0x126 ./Core/Src/COMMS.o
 .debug_macro   0x0000000000013c42      0x3d8 ./Core/Src/main.o
 .debug_macro   0x000000000001401a      0x11e ./Core/Src/main.o
 .debug_macro   0x0000000000014138       0x52 ./Core/Src/main.o
 .debug_macro   0x000000000001418a       0x18 ./Core/Src/main.o
 .debug_macro   0x00000000000141a2       0x3c ./Core/Src/main.o
 .debug_macro   0x00000000000141de       0x34 ./Core/Src/main.o
 .debug_macro   0x0000000000014212       0x16 ./Core/Src/main.o
 .debug_macro   0x0000000000014228       0x35 ./Core/Src/main.o
 .debug_macro   0x000000000001425d      0x333 ./Core/Src/main.o
 .debug_macro   0x0000000000014590       0x10 ./Core/Src/main.o
 .debug_macro   0x00000000000145a0       0x16 ./Core/Src/main.o
 .debug_macro   0x00000000000145b6       0x43 ./Core/Src/main.o
 .debug_macro   0x00000000000145f9       0x34 ./Core/Src/main.o
 .debug_macro   0x000000000001462d       0x10 ./Core/Src/main.o
 .debug_macro   0x000000000001463d       0x58 ./Core/Src/main.o
 .debug_macro   0x0000000000014695       0x71 ./Core/Src/main.o
 .debug_macro   0x0000000000014706       0x1c ./Core/Src/main.o
 .debug_macro   0x0000000000014722      0x12a ./Core/Src/main.o
 .debug_macro   0x000000000001484c       0x10 ./Core/Src/main.o
 .debug_macro   0x000000000001485c       0x1c ./Core/Src/main.o
 .debug_macro   0x0000000000014878       0x52 ./Core/Src/main.o
 .debug_macro   0x00000000000148ca       0x22 ./Core/Src/main.o
 .debug_macro   0x00000000000148ec       0x10 ./Core/Src/main.o
 .debug_macro   0x00000000000148fc       0x40 ./Core/Src/main.o
 .debug_macro   0x000000000001493c       0xd5 ./Core/Src/main.o
 .debug_macro   0x0000000000014a11       0x1c ./Core/Src/main.o
 .debug_macro   0x0000000000014a2d       0x3d ./Core/Src/main.o
 .debug_macro   0x0000000000014a6a       0x16 ./Core/Src/main.o
 .debug_macro   0x0000000000014a80      0x145 ./Core/Src/main.o
 .debug_macro   0x0000000000014bc5       0x16 ./Core/Src/main.o
 .debug_macro   0x0000000000014bdb       0x16 ./Core/Src/main.o
 .debug_macro   0x0000000000014bf1       0x29 ./Core/Src/main.o
 .debug_macro   0x0000000000014c1a       0x16 ./Core/Src/main.o
 .debug_macro   0x0000000000014c30       0x20 ./Core/Src/main.o
 .debug_macro   0x0000000000014c50       0x6b ./Core/Src/main.o
 .debug_macro   0x0000000000014cbb      0x1ef ./Core/Src/main.o
 .debug_macro   0x0000000000014eaa      0x1ed ./Core/Src/stm32f4xx_hal_msp.o
 .debug_macro   0x0000000000015097      0x1f7 ./Core/Src/stm32f4xx_it.o
 .debug_macro   0x000000000001528e      0x1de ./Core/Src/system_stm32f4xx.o
 .debug_macro   0x000000000001546c      0x23e ./Drivers/STM32F4xx_HAL_Driver/Src/stm32f4xx_hal.o
 .debug_macro   0x00000000000156aa      0x1de ./Drivers/STM32F4xx_HAL_Driver/Src/stm32f4xx_hal_cortex.o
 .debug_macro   0x0000000000015888      0x1e4 ./Drivers/STM32F4xx_HAL_Driver/Src/stm32f4xx_hal_gpio.o
 .debug_macro   0x0000000000015a6c      0x1ea ./Drivers/STM32F4xx_HAL_Driver/Src/stm32f4xx_hal_pcd.o
 .debug_macro   0x0000000000015c56      0x1de ./Drivers/STM32F4xx_HAL_Driver/Src/stm32f4xx_hal_pcd_ex.o
 .debug_macro   0x0000000000015e34      0x202 ./Drivers/STM32F4xx_HAL_Driver/Src/stm32f4xx_hal_rcc.o
 .debug_macro   0x0000000000016036      0x1df ./Drivers/STM32F4xx_HAL_Driver/Src/stm32f4xx_hal_uart.o
 .debug_macro   0x0000000000016215      0x1de ./Drivers/STM32F4xx_HAL_Driver/Src/stm32f4xx_ll_usb.o
 .debug_macro   0x00000000000163f3      0x403 ./Middlewares/ST/STM32_USB_Device_Library/Class/HID/Src/usbd_hid.o
 .debug_macro   0x00000000000167f6       0x97 ./Middlewares/ST/STM32_USB_Device_Library/Class/HID/Src/usbd_hid.o
 .debug_macro   0x000000000001688d       0xfd ./Middlewares/ST/STM32_USB_Device_Library/Class/HID/Src/usbd_hid.o
 .debug_macro   0x000000000001698a       0xd9 ./Middlewares/ST/STM32_USB_Device_Library/Class/HID/Src/usbd_hid.o
 .debug_macro   0x0000000000016a63       0x56 ./Middlewares/ST/STM32_USB_Device_Library/Class/HID/Src/usbd_hid.o
 .debug_macro   0x0000000000016ab9       0x5e ./Middlewares/ST/STM32_USB_Device_Library/Class/HID/Src/usbd_hid.o
 .debug_macro   0x0000000000016b17      0x3ea ./Middlewares/ST/STM32_USB_Device_Library/Core/Src/usbd_core.o
 .debug_macro   0x0000000000016f01      0x1f5 ./Middlewares/ST/STM32_USB_Device_Library/Core/Src/usbd_core.o
 .debug_macro   0x00000000000170f6      0x3f4 ./Middlewares/ST/STM32_USB_Device_Library/Core/Src/usbd_ctlreq.o
 .debug_macro   0x00000000000174ea      0x3f0 ./Middlewares/ST/STM32_USB_Device_Library/Core/Src/usbd_ioreq.o
 .debug_macro   0x00000000000178da      0x41a ./USB_DEVICE/App/usb_device.o
 .debug_macro   0x0000000000017cf4      0x124 ./USB_DEVICE/App/usb_device.o
 .debug_macro   0x0000000000017e18       0x22 ./USB_DEVICE/App/usb_device.o
 .debug_macro   0x0000000000017e3a      0x42d ./USB_DEVICE/App/usbd_desc.o
 .debug_macro   0x0000000000018267       0x1c ./USB_DEVICE/App/usbd_desc.o
 .debug_macro   0x0000000000018283      0x407 ./USB_DEVICE/Target/usbd_conf.o

.debug_line     0x0000000000000000    0x11094
 .debug_line    0x0000000000000000      0x94f ./Core/Src/COMMS.o
 .debug_line    0x000000000000094f      0xab7 ./Core/Src/main.o
 .debug_line    0x0000000000001406      0x729 ./Core/Src/stm32f4xx_hal_msp.o
 .debug_line    0x0000000000001b2f      0x7cf ./Core/Src/stm32f4xx_it.o
 .debug_line    0x00000000000022fe      0x75e ./Core/Src/system_stm32f4xx.o
 .debug_line    0x0000000000002a5c       0x88 ./Core/Startup/startup_stm32f411ceux.o
 .debug_line    0x0000000000002ae4      0x9c4 ./Drivers/STM32F4xx_HAL_Driver/Src/stm32f4xx_hal.o
 .debug_line    0x00000000000034a8      0xc73 ./Drivers/STM32F4xx_HAL_Driver/Src/stm32f4xx_hal_cortex.o
 .debug_line    0x000000000000411b      0xafe ./Drivers/STM32F4xx_HAL_Driver/Src/stm32f4xx_hal_gpio.o
 .debug_line    0x0000000000004c19     0x1311 ./Drivers/STM32F4xx_HAL_Driver/Src/stm32f4xx_hal_pcd.o
 .debug_line    0x0000000000005f2a      0x7a7 ./Drivers/STM32F4xx_HAL_Driver/Src/stm32f4xx_hal_pcd_ex.o
 .debug_line    0x00000000000066d1      0xd3e ./Drivers/STM32F4xx_HAL_Driver/Src/stm32f4xx_hal_rcc.o
 .debug_line    0x000000000000740f     0x2a4b ./Drivers/STM32F4xx_HAL_Driver/Src/stm32f4xx_hal_uart.o
 .debug_line    0x0000000000009e5a     0x1953 ./Drivers/STM32F4xx_HAL_Driver/Src/stm32f4xx_ll_usb.o
 .debug_line    0x000000000000b7ad      0xc3f ./Middlewares/ST/STM32_USB_Device_Library/Class/HID/Src/usbd_hid.o
 .debug_line    0x000000000000c3ec      0xe2d ./Middlewares/ST/STM32_USB_Device_Library/Core/Src/usbd_core.o
 .debug_line    0x000000000000d219     0x10ad ./Middlewares/ST/STM32_USB_Device_Library/Core/Src/usbd_ctlreq.o
 .debug_line    0x000000000000e2c6      0xa84 ./Middlewares/ST/STM32_USB_Device_Library/Core/Src/usbd_ioreq.o
 .debug_line    0x000000000000ed4a      0xa25 ./USB_DEVICE/App/usb_device.o
 .debug_line    0x000000000000f76f      0xb09 ./USB_DEVICE/App/usbd_desc.o
 .debug_line    0x0000000000010278      0xe1c ./USB_DEVICE/Target/usbd_conf.o

.debug_str      0x0000000000000000    0x89921
 .debug_str     0x0000000000000000    0x80af8 ./Core/Src/COMMS.o
                                      0x80d7e (size before relaxing)
 .debug_str     0x0000000000080af8     0x5935 ./Core/Src/main.o
                                      0x86736 (size before relaxing)
 .debug_str     0x000000000008642d       0x56 ./Core/Src/stm32f4xx_hal_msp.o
                                      0x8158c (size before relaxing)
 .debug_str     0x0000000000086483      0x40d ./Core/Src/stm32f4xx_it.o
                                      0x81407 (size before relaxing)
 .debug_str     0x0000000000086890       0xaf ./Core/Src/system_stm32f4xx.o
                                      0x80d8c (size before relaxing)
 .debug_str     0x000000000008693f       0x36 ./Core/Startup/startup_stm32f411ceux.o
                                         0x77 (size before relaxing)
 .debug_str     0x0000000000086975      0x583 ./Drivers/STM32F4xx_HAL_Driver/Src/stm32f4xx_hal.o
                                      0x81716 (size before relaxing)
 .debug_str     0x0000000000086ef8      0x399 ./Drivers/STM32F4xx_HAL_Driver/Src/stm32f4xx_hal_cortex.o
                                      0x814f3 (size before relaxing)
 .debug_str     0x0000000000087291      0x13f ./Drivers/STM32F4xx_HAL_Driver/Src/stm32f4xx_hal_gpio.o
                                      0x80f33 (size before relaxing)
 .debug_str     0x00000000000873d0      0x564 ./Drivers/STM32F4xx_HAL_Driver/Src/stm32f4xx_hal_pcd.o
                                      0x81564 (size before relaxing)
 .debug_str     0x0000000000087934      0x13f ./Drivers/STM32F4xx_HAL_Driver/Src/stm32f4xx_hal_pcd_ex.o
                                      0x8112f (size before relaxing)
 .debug_str     0x0000000000087a73      0x259 ./Drivers/STM32F4xx_HAL_Driver/Src/stm32f4xx_hal_rcc.o
                                      0x8118e (size before relaxing)
 .debug_str     0x0000000000087ccc      0x60a ./Drivers/STM32F4xx_HAL_Driver/Src/stm32f4xx_hal_uart.o
                                      0x81702 (size before relaxing)
 .debug_str     0x00000000000882d6      0x6a3 ./Drivers/STM32F4xx_HAL_Driver/Src/stm32f4xx_ll_usb.o
                                      0x8169b (size before relaxing)
 .debug_str     0x0000000000088979      0x76c ./Middlewares/ST/STM32_USB_Device_Library/Class/HID/Src/usbd_hid.o
                                      0x86393 (size before relaxing)
 .debug_str     0x00000000000890e5      0x1a2 ./Middlewares/ST/STM32_USB_Device_Library/Core/Src/usbd_core.o
                                      0x8619c (size before relaxing)
 .debug_str     0x0000000000089287      0x14d ./Middlewares/ST/STM32_USB_Device_Library/Core/Src/usbd_ctlreq.o
                                      0x8615a (size before relaxing)
 .debug_str     0x00000000000893d4       0xc9 ./Middlewares/ST/STM32_USB_Device_Library/Core/Src/usbd_ioreq.o
                                      0x860aa (size before relaxing)
 .debug_str     0x000000000008949d       0xc2 ./USB_DEVICE/App/usb_device.o
                                      0x86216 (size before relaxing)
 .debug_str     0x000000000008955f      0x26e ./USB_DEVICE/App/usbd_desc.o
                                      0x85ffc (size before relaxing)
 .debug_str     0x00000000000897cd      0x154 ./USB_DEVICE/Target/usbd_conf.o
                                      0x86d76 (size before relaxing)

.comment        0x0000000000000000       0x53
 .comment       0x0000000000000000       0x53 ./Core/Src/COMMS.o
                                         0x54 (size before relaxing)
 .comment       0x0000000000000053       0x54 ./Core/Src/main.o
 .comment       0x0000000000000053       0x54 ./Core/Src/stm32f4xx_hal_msp.o
 .comment       0x0000000000000053       0x54 ./Core/Src/stm32f4xx_it.o
 .comment       0x0000000000000053       0x54 ./Core/Src/system_stm32f4xx.o
 .comment       0x0000000000000053       0x54 ./Drivers/STM32F4xx_HAL_Driver/Src/stm32f4xx_hal.o
 .comment       0x0000000000000053       0x54 ./Drivers/STM32F4xx_HAL_Driver/Src/stm32f4xx_hal_cortex.o
 .comment       0x0000000000000053       0x54 ./Drivers/STM32F4xx_HAL_Driver/Src/stm32f4xx_hal_gpio.o
 .comment       0x0000000000000053       0x54 ./Drivers/STM32F4xx_HAL_Driver/Src/stm32f4xx_hal_pcd.o
 .comment       0x0000000000000053       0x54 ./Drivers/STM32F4xx_HAL_Driver/Src/stm32f4xx_hal_pcd_ex.o
 .comment       0x0000000000000053       0x54 ./Drivers/STM32F4xx_HAL_Driver/Src/stm32f4xx_hal_rcc.o
 .comment       0x0000000000000053       0x54 ./Drivers/STM32F4xx_HAL_Driver/Src/stm32f4xx_hal_uart.o
 .comment       0x0000000000000053       0x54 ./Drivers/STM32F4xx_HAL_Driver/Src/stm32f4xx_ll_usb.o
 .comment       0x0000000000000053       0x54 ./Middlewares/ST/STM32_USB_Device_Library/Class/HID/Src/usbd_hid.o
 .comment       0x0000000000000053       0x54 ./Middlewares/ST/STM32_USB_Device_Library/Core/Src/usbd_core.o
 .comment       0x0000000000000053       0x54 ./Middlewares/ST/STM32_USB_Device_Library/Core/Src/usbd_ctlreq.o
 .comment       0x0000000000000053       0x54 ./Middlewares/ST/STM32_USB_Device_Library/Core/Src/usbd_ioreq.o
 .comment       0x0000000000000053       0x54 ./USB_DEVICE/App/usb_device.o
 .comment       0x0000000000000053       0x54 ./USB_DEVICE/App/usbd_desc.o
 .comment       0x0000000000000053       0x54 ./USB_DEVICE/Target/usbd_conf.o

.debug_frame    0x0000000000000000     0x35b4
 .debug_frame   0x0000000000000000      0x228 ./Core/Src/COMMS.o
 .debug_frame   0x0000000000000228       0xcc ./Core/Src/main.o
 .debug_frame   0x00000000000002f4       0x80 ./Core/Src/stm32f4xx_hal_msp.o
 .debug_frame   0x0000000000000374      0x13c ./Core/Src/stm32f4xx_it.o
 .debug_frame   0x00000000000004b0       0x58 ./Core/Src/system_stm32f4xx.o
 .debug_frame   0x0000000000000508      0x374 ./Drivers/STM32F4xx_HAL_Driver/Src/stm32f4xx_hal.o
 .debug_frame   0x000000000000087c      0x498 ./Drivers/STM32F4xx_HAL_Driver/Src/stm32f4xx_hal_cortex.o
 .debug_frame   0x0000000000000d14      0x14c ./Drivers/STM32F4xx_HAL_Driver/Src/stm32f4xx_hal_gpio.o
 .debug_frame   0x0000000000000e60      0x574 ./Drivers/STM32F4xx_HAL_Driver/Src/stm32f4xx_hal_pcd.o
 .debug_frame   0x00000000000013d4       0xb0 ./Drivers/STM32F4xx_HAL_Driver/Src/stm32f4xx_hal_pcd_ex.o
 .debug_frame   0x0000000000001484      0x1ec ./Drivers/STM32F4xx_HAL_Driver/Src/stm32f4xx_hal_rcc.o
 .debug_frame   0x0000000000001670      0x92c ./Drivers/STM32F4xx_HAL_Driver/Src/stm32f4xx_hal_uart.o
 .debug_frame   0x0000000000001f9c      0x798 ./Drivers/STM32F4xx_HAL_Driver/Src/stm32f4xx_ll_usb.o
 .debug_frame   0x0000000000002734      0x190 ./Middlewares/ST/STM32_USB_Device_Library/Class/HID/Src/usbd_hid.o
 .debug_frame   0x00000000000028c4      0x2f4 ./Middlewares/ST/STM32_USB_Device_Library/Core/Src/usbd_core.o
 .debug_frame   0x0000000000002bb8      0x23c ./Middlewares/ST/STM32_USB_Device_Library/Core/Src/usbd_ctlreq.o
 .debug_frame   0x0000000000002df4      0x10c ./Middlewares/ST/STM32_USB_Device_Library/Core/Src/usbd_ioreq.o
 .debug_frame   0x0000000000002f00       0x2c ./USB_DEVICE/App/usb_device.o
 .debug_frame   0x0000000000002f2c      0x160 ./USB_DEVICE/App/usbd_desc.o
 .debug_frame   0x000000000000308c      0x47c ./USB_DEVICE/Target/usbd_conf.o
 .debug_frame   0x0000000000003508       0x2c c:/st/stm32cubeide_1.8.0/stm32cubeide/plugins/com.st.stm32cube.ide.mcu.externaltools.gnu-tools-for-stm32.9-2020-q2-update.win32_2.0.0.202105311346/tools/bin/../lib/gcc/arm-none-eabi/9.3.1/../../../../arm-none-eabi/lib/thumb/v7e-m+fp/hard\libc_nano.a(lib_a-init.o)
 .debug_frame   0x0000000000003534       0x20 c:/st/stm32cubeide_1.8.0/stm32cubeide/plugins/com.st.stm32cube.ide.mcu.externaltools.gnu-tools-for-stm32.9-2020-q2-update.win32_2.0.0.202105311346/tools/bin/../lib/gcc/arm-none-eabi/9.3.1/../../../../arm-none-eabi/lib/thumb/v7e-m+fp/hard\libc_nano.a(lib_a-memset.o)
 .debug_frame   0x0000000000003554       0x2c c:/st/stm32cubeide_1.8.0/stm32cubeide/plugins/com.st.stm32cube.ide.mcu.externaltools.gnu-tools-for-stm32.9-2020-q2-update.win32_2.0.0.202105311346/tools/bin/../lib/gcc/arm-none-eabi/9.3.1/thumb/v7e-m+fp/hard\libgcc.a(_aeabi_uldivmod.o)
 .debug_frame   0x0000000000003580       0x34 c:/st/stm32cubeide_1.8.0/stm32cubeide/plugins/com.st.stm32cube.ide.mcu.externaltools.gnu-tools-for-stm32.9-2020-q2-update.win32_2.0.0.202105311346/tools/bin/../lib/gcc/arm-none-eabi/9.3.1/thumb/v7e-m+fp/hard\libgcc.a(_udivmoddi4.o)
