COMMS.c:9:6:ReceiveCommand	16	static
COMMS.c:37:6:SendPollResponse	8	static
COMMS.c:50:6:SendOrigin	8	static
COMMS.c:76:6:SendInputs	8	static
COMMS.c:100:6:SendByte	16	static
COMMS.c:111:9:ReceiveByte	16	static
COMMS.c:129:9:ReceiveRumbleByte	8	static
COMMS.c:143:6:SendPair	16	static
COMMS.c:152:9:ReceivePair	4	static
COMMS.c:160:9:Byte2GC	16	static
COMMS.c:177:9:GC2Byte	16	static
COMMS.c:199:6:SendStopBit	8	static
COMMS.c:204:6:FlushReceiveBuffer	16	static
COMMS.c:217:6:SetBaudSend	8	static
COMMS.c:223:6:SetBaudReceive	8	static
COMMS.c:232:6:SetRumble	16	static
